
===== CFG DEBUG =====

[EDGES]
0x1011cd -> 0x1011fe  uncond raw=uncond role=dispatch_case pol=unknown inv=None edge=cfg-edge-v1:0x1011cd->0x1011fe direct_join=False
0x1011cd -> 0x101207  uncond raw=uncond role=dispatch_case pol=unknown inv=None edge=cfg-edge-v1:0x1011cd->0x101207 direct_join=False
0x1011cd -> 0x101210  uncond raw=uncond role=dispatch_case pol=unknown inv=None edge=cfg-edge-v1:0x1011cd->0x101210 direct_join=False
0x1011cd -> 0x101219  uncond raw=uncond role=dispatch_case pol=unknown inv=None edge=cfg-edge-v1:0x1011cd->0x101219 direct_join=False
0x1011cd -> 0x101222  uncond raw=uncond role=dispatch_case pol=unknown inv=None edge=cfg-edge-v1:0x1011cd->0x101222 direct_join=False
0x1011cd -> 0x10122b  uncond raw=uncond role=dispatch_default pol=unknown inv=None edge=cfg-edge-v1:0x1011cd->0x10122b direct_join=False
0x1011fe -> 0x101232  uncond raw=uncond role=uncond pol=unknown inv=None edge=cfg-edge-v1:0x1011fe->0x101232 direct_join=False
0x101207 -> 0x101232  uncond raw=uncond role=uncond pol=unknown inv=None edge=cfg-edge-v1:0x101207->0x101232 direct_join=False
0x101210 -> 0x101232  uncond raw=uncond role=uncond pol=unknown inv=None edge=cfg-edge-v1:0x101210->0x101232 direct_join=False
0x101219 -> 0x101232  uncond raw=uncond role=uncond pol=unknown inv=None edge=cfg-edge-v1:0x101219->0x101232 direct_join=False
0x101222 -> 0x101232  uncond raw=uncond role=uncond pol=unknown inv=None edge=cfg-edge-v1:0x101222->0x101232 direct_join=False
0x10122b -> 0x101232  uncond raw=uncond role=uncond pol=unknown inv=None edge=cfg-edge-v1:0x10122b->0x101232 direct_join=False

[MULTIWAY DISPATCH v22]
{'kind': 'multiway_dispatch_inventory_v22', 'version': 'FunctionCFG_v23e_clothed_emperor_cfg_truth', 'dispatchers': 1, 'resolved': 0, 'partially_resolved': 1, 'unresolved': 0, 'jump_tables': 1, 'case_value_authority': 'HighFunction.JumpTable.getLabelValues', 'case_target_authority': 'HighFunction.JumpTable.getCases', 'successor_order_used_for_case_values': False, 'rule': 'parallel_Ghidra_jump_table_labels_and_addresses_only;unlabeled_unique_CFG_successor_may_be_default'}
{'dispatcher': 1053133, 'terminator': 'BRANCHIND', 'status': 'partially_resolved', 'cases': [{'values': [0], 'target': 1053182}, {'values': [1], 'target': 1053191}, {'values': [2], 'target': 1053200}, {'values': [3], 'target': 1053209}, {'values': [4], 'target': 1053218}], 'default_target': 1053227, 'default_status': 'resolved_by_unique_unlabeled_successor', 'join': 1053234, 'join_status': 'resolved', 'issues': ['case_label_count_mismatch:6_cases:5_labels'], 'successor_order_used_for_case_values': False}

[EDGE IDENTITY v23 / BOHDI EMPEROR]
{'kind': 'cfg_edge_identity_inventory_v23', 'version': 'FunctionCFG_v23e_clothed_emperor_cfg_truth', 'id_schema': 'cfg_edge_identity_v1', 'canonical_identity': '(src_addr,dst_addr)', 'edges': 12, 'unique_edge_keys': 12, 'binary_cbranch_edges': 0, 'direct_join_edges': 0, 'direct_join_branch_arm_edges': 0, 'direct_join_loop_exit_edges': 0, 'direct_join_empty_arm_candidates': 0, 'warnings': 0, 'topology_mutations': 0, 'polarity_mutations': 0, 'rule': 'freeze_repaired_CFG_edge_identity_then_mark_exact_binary_CBRANCH_edge_to_IPDOM'}

[IPDOM]
0x1011cd -> ipdom: 0x101232
0x1011fe -> ipdom: 0x101232
0x101207 -> ipdom: 0x101232
0x101210 -> ipdom: 0x101232
0x101219 -> ipdom: 0x101232
0x101222 -> ipdom: 0x101232
0x10122b -> ipdom: 0x101232
0x101232 -> ipdom: None

=====================

===== PAL RESOLVER INDIRECT STORAGE v22c =====

[INVENTORY]
{'active': False,
 'address_tied_families': 0,
 'custody_transitions': 0,
 'effect_owner_groups': 0,
 'escape_barrier_sids': 0,
 'input_contracts': 0,
 'kind': 'resolver_indirect_storage_inventory_v22c',
 'machine_state_families': 0,
 'machine_state_sids': 0,
 'owner_categories': {},
 'parameter_initializers': 0,
 'persistent_families': 0,
 'rule': 'HighVariable_identity_families_plus_address_escape_alias_barrier',
 'runtime_order': 'CFG_governed_not_linearized',
 'storage_families': 0,
 'version': 'v22c_indirect_storage_families',
 'warnings': 0}

[STORAGE FAMILIES]

[PARAMETER INITIALIZERS / STORAGE WRITES]
[]

[WARNINGS]
[]
===== END PAL RESOLVER INDIRECT STORAGE =====

========================================================================
PALRAW AUDIT v0.3 :: raw instruction BLOCK p-code vs HF/PAL CFG
========================================================================

--- 0x10127f ---
Raw block  : 0x101232 -> next None
Instr count: 2
Terminal   : 0x101233 RET
Raw succs  : []
Norm succs : []
HF block   : 0x101232
CFG edges  : []
STATUS     : successors_match
Raw instructions:
   0x101232  POP RBP
   0x101233  RET
Terminal raw p-code:
    (register, 0x288, 8) LOAD (const, 0x1b1, 8) , (register, 0x20, 8)
    (register, 0x20, 8) INT_ADD (register, 0x20, 8) , (const, 0x8, 8)
     ---  RETURN (register, 0x288, 8)
HF/PAL ops :
    MULTIEQUAL [v_120, v_139, v_142, v_145, v_148, v_151] -> v_234
HF/PAL term:
    RETURN [0x0, v_234] -> None

--- 0x1011b6 ---
Raw block  : 0x1011b6 -> next 0x1011cd
Instr count: 0
Terminal   : None None
Raw succs  : []
Norm succs : None
HF block   : None
CFG edges  : []
STATUS     : no_hf_block
NOTE       : No PAL/HighFunction block mapped to this address.
Raw instructions:
Terminal raw p-code:
HF/PAL ops :

--- 0x101219 ---
Raw block  : 0x101219 -> next 0x101222
Instr count: 2
Terminal   : 0x101220 JMP 0x00101232
Raw succs  : ['0x101232']
Norm succs : ['0x101232']
HF block   : 0x101219
CFG edges  : ['0x101232 role=uncond raw=uncond']
STATUS     : successors_match
Raw instructions:
   0x101219  LEA RAX,[0x103021]
   0x101220  JMP 0x00101232
Terminal raw p-code:
     ---  BRANCH (ram, 0x101232, 8)
HF/PAL ops :
    COPY [0x103021] -> v_142
HF/PAL term:
    BRANCH [LAB_00101232] -> None

--- 0x10120f ---
Raw block  : 0x101207 -> next 0x101210
Instr count: 2
Terminal   : 0x10120e JMP 0x00101232
Raw succs  : ['0x101232']
Norm succs : ['0x101232']
HF block   : 0x101207
CFG edges  : ['0x101232 role=uncond raw=uncond']
STATUS     : successors_match
Raw instructions:
   0x101207  LEA RAX,[0x103010]
   0x10120e  JMP 0x00101232
Terminal raw p-code:
     ---  BRANCH (ram, 0x101232, 8)
HF/PAL ops :
    COPY [0x103010] -> v_148
HF/PAL term:
    BRANCH [LAB_00101232] -> None

--- 0x101221 ---
Raw block  : 0x101219 -> next 0x101222
Instr count: 2
Terminal   : 0x101220 JMP 0x00101232
Raw succs  : ['0x101232']
Norm succs : ['0x101232']
HF block   : 0x101219
CFG edges  : ['0x101232 role=uncond raw=uncond']
STATUS     : successors_match
Raw instructions:
   0x101219  LEA RAX,[0x103021]
   0x101220  JMP 0x00101232
Terminal raw p-code:
     ---  BRANCH (ram, 0x101232, 8)
HF/PAL ops :
    COPY [0x103021] -> v_142
HF/PAL term:
    BRANCH [LAB_00101232] -> None

--- 0x101284 ---
Raw block  : 0x101232 -> next None
Instr count: 2
Terminal   : 0x101233 RET
Raw succs  : []
Norm succs : []
HF block   : 0x101232
CFG edges  : []
STATUS     : successors_match
Raw instructions:
   0x101232  POP RBP
   0x101233  RET
Terminal raw p-code:
    (register, 0x288, 8) LOAD (const, 0x1b1, 8) , (register, 0x20, 8)
    (register, 0x20, 8) INT_ADD (register, 0x20, 8) , (const, 0x8, 8)
     ---  RETURN (register, 0x288, 8)
HF/PAL ops :
    MULTIEQUAL [v_120, v_139, v_142, v_145, v_148, v_151] -> v_234
HF/PAL term:
    RETURN [0x0, v_234] -> None

--- 0x10127f ---
Raw block  : 0x101232 -> next None
Instr count: 2
Terminal   : 0x101233 RET
Raw succs  : []
Norm succs : []
HF block   : 0x101232
CFG edges  : []
STATUS     : successors_match
Raw instructions:
   0x101232  POP RBP
   0x101233  RET
Terminal raw p-code:
    (register, 0x288, 8) LOAD (const, 0x1b1, 8) , (register, 0x20, 8)
    (register, 0x20, 8) INT_ADD (register, 0x20, 8) , (const, 0x8, 8)
     ---  RETURN (register, 0x288, 8)
HF/PAL ops :
    MULTIEQUAL [v_120, v_139, v_142, v_145, v_148, v_151] -> v_234
HF/PAL term:
    RETURN [0x0, v_234] -> None

========================================================================

===== PAL COMPUTE ANALYZER =====
{'kind': 'pal_compute_inventory_v22',
 'version': 'v23b_abi_thunk_compatibility_return_reconciliation',
 'runtime_representation': 'raw_unsigned_bitvector_at_ssa_boundaries',
 'operations': 7,
 'output_plans': 7,
 'control_contracts': 7,
 'c_compute_filtered': 1,
 'use_site_overrides': 0,
 'return_observation_view_mismatches': 0,
 'storage_custody_related_ops': 0,
 'indirect_custody_contracts': 0,
 'indirect_custody_resolved': 0,
 'indirect_custody_deferred': 0,
 'indirect_effect_owner_compute_ops': 0,
 'storage_family_bindings': 0,
 'function_entry_abi_plan': True,
 'call_site_abi_plans': 0,
 'internal_call_plan_failures': 0,
 'unsupported_implicit_inputs': 0,
 'abi_runtime_helper_assignments': 0,
 'no_return_calls': 0,
 'reachable_return_boundaries': 1,
 'unreachable_return_boundaries': 0,
 'synthetic_no_return_continuations_suppressed': 0,
 'statuses': {'metadata_only': 7},
 'categories': {'transport': 6, 'phi_merge': 1},
 'helpers': {},
 'opcodes': {'COPY': 6, 'MULTIEQUAL': 1},
 'warnings': 0}

[WARNINGS]
[]

[METADATA-ONLY COMPUTE BOUNDARIES]
0x101232 MULTIEQUAL ['v_120', 'v_139', 'v_142', 'v_145', 'v_148', 'v_151'] -> v_234 classification=None

[HELPER-REQUIRED CONTRACTS]

[INDIRECT STORAGE-CUSTODY CONTRACTS]

[INDIRECT CUSTODY INVENTORY]
{'kind': 'pal_compute_indirect_custody_inventory_v22d',
 'version': 'v23b_abi_thunk_compatibility_return_reconciliation',
 'resolver_transitions': 0,
 'compute_indirect_contracts': 0,
 'resolved_custody': 0,
 'deferred_custody': 0,
 'effect_owner_compute_bindings': 0,
 'effect_owner_compute_ops': 0,
 'owner_categories': {},
 'storage_families': 0,
 'storage_sid_bindings': 0,
 'address_escape_barrier_sids': 0,
 'parameter_storage_initializers': 0,
 'runtime_helpers': 0,
 'warnings': 0,
 'rule': 'INDIRECT_is_metadata_only_owner_bound_storage_transition'}

[ABI-D ENTRY/CALL PLAN INVENTORY]
{'kind': 'pal_compute_abi_plan_inventory_v23',
 'version': 'v23b_abi_thunk_compatibility_return_reconciliation',
 'function': 'mode_name',
 'entry_plan_present': True,
 'entry_plan_status': 'ready',
 'fixed_arguments': 1,
 'implicit_inputs': 0,
 'implicit_inputs_unsupported': 0,
 'call_compute_contracts': 0,
 'call_site_plans': 0,
 'call_sites_without_plan': 0,
 'call_statuses': {},
 'dispatch_classes': {},
 'internal_calls': 0,
 'internal_calls_with_target_compatible_plan': 0,
 'internal_calls_without_target_compatible_plan': 0,
 'internal_calls_with_deferred_target_compatibility': 0,
 'internal_calls_with_incompatible_target': 0,
 'internal_calls_without_transport_plan': 0,
 'external_calls': 0,
 'thunk_calls': 0,
 'external_via_thunk_calls': 0,
 'thunk_endpoint_deferred_calls': 0,
 'thunk_calls_misclassified_internal': 0,
 'target_compatibility_overclaims': 0,
 'no_return_calls': 0,
 'result_carrier_contracts': 0,
 'abi_runtime_helper_assignments': 0,
 'warnings': 0,
 'acceptance_gates': {'every_emitted_function_has_entry_plan': True,
                      'every_call_has_call_site_plan': True,
                      'every_internal_call_has_target_compatible_plan': True,
                      'every_internal_call_has_carrier_transport_plan': True,
                      'no_resolved_thunk_misclassified_internal': True,
                      'no_target_compatibility_overclaim': True,
                      'no_implicit_input_is_unsupported': True,
                      'no_runtime_helper_assigned_by_ABI_guesswork': True},
 'return_boundary_reconciliation': {'kind': 'pal_compute_return_boundary_reconciliation_v23b',
                                    'version': 'v23b_abi_thunk_compatibility_return_reconciliation',
                                    'function': 'mode_name',
                                    'entry_block_addr': 1053133,
                                    'cfg_evidence_available': True,
                                    'no_return_terminating_blocks': [],
                                    'no_return_call_op_keys': [],
                                    'return_boundaries': 1,
                                    'reachable_return_boundaries': 1,
                                    'unreachable_return_boundaries': 0,
                                    'deferred_return_boundaries': 0,
                                    'reachable_return_widths': [64],
                                    'width_reconciled': True,
                                    'synthetic_no_return_continuations_suppressed': 0,
                                    'rule': 'traverse_CFG_with_no_return_blocks_as_terminal_then_reconcile_reachable_raw_return_transports_only'},
 'rule': 'ABI_A_B_C_authority_only_thunk_endpoint_and_compatibility_tri_state_no_downstream_argument_reinference'}

[FUNCTION ENTRY ABI PLAN]
{'plan_id': 'function_entry:1053129',
 'status': 'ready',
 'callable_signature_status': 'legacy_non_variadic_fallback',
 'fixed_argument_count': 1,
 'implicit_input_count': 0,
 'variadic_register_save_area': {'required': False,
                                 'status': 'not_required',
                                 'slots': [{'sid': 'v_286',
                                            'bank': 'gp',
                                            'index': 0,
                                            'register': 'EDI',
                                            'width_bits': 32,
                                            'canonical_alias': 'param_0',
                                            'owner_namespace': 'logical_parameter',
                                            'owner_role': 'callable_parameter_carrier',
                                            'materialization': 'capture_entry_register_bits',
                                            'source': 'abi_context.registers',
                                            'runtime_helper': None,
                                            'authority': 'PALSymbolResolver_ABI_C_physical_carrier_binding'}],
                                 'gp_slots': [{'sid': 'v_286',
                                               'bank': 'gp',
                                               'index': 0,
                                               'register': 'EDI',
                                               'width_bits': 32,
                                               'canonical_alias': 'param_0',
                                               'owner_namespace': 'logical_parameter',
                                               'owner_role': 'callable_parameter_carrier',
                                               'materialization': 'capture_entry_register_bits',
                                               'source': 'abi_context.registers',
                                               'runtime_helper': None,
                                               'authority': 'PALSymbolResolver_ABI_C_physical_carrier_binding'}],
                                 'sse_slots': [],
                                 'fixed_variadic_partition_status': 'deferred_to_entry_protocol_analysis',
                                 'source': 'abi_context.registers',
                                 'authority': 'ABI_C_carriers_plus_variadic_contract'},
 'overflow_argument_area': {'required': False,
                            'status': 'not_required',
                            'source': 'abi_context.overflow_argument_area',
                            'observed_stack_carriers': [],
                            'materialization': 'consume_preclassified_overflow_slots',
                            'offset_inference_allowed': False,
                            'authority': 'ABI_C_stack_carriers_or_variadic_protocol'},
 'variadic_al': {'required': False,
                 'status': 'not_required',
                 'source': 'abi_context.variadic_xmm_count',
                 'inputs': [],
                 'default_allowed': False,
                 'authority': 'ABI_C_variadic_xmm_count_contract'},
 'frame_base': {'required': False,
                'status': 'not_observed',
                'source': 'abi_context.frame_base',
                'inputs': [],
                'derive_from_parameter_names': False,
                'authority': 'ABI_C_frame_state_custody'},
 'tls_base': {'required': False,
              'status': 'not_observed',
              'source': 'abi_context.tls_base',
              'inputs': [],
              'derive_from_expression_names': False,
              'authority': 'ABI_C_tls_state_custody'},
 'return_contract': {'kind': 'pal_compute_return_carrier_contract_abi_d',
                     'version': 'v23b_abi_thunk_compatibility_return_reconciliation',
                     'status': 'return_width_proven_carrier_deferred',
                     'no_return': False,
                     'output_sid': None,
                     'output_width_bits': None,
                     'declared_width_bits': None,
                     'effective_result_width_bits': 64,
                     'declared_return': {'name': 'undefined',
                                         'display_name': 'undefined',
                                         'class_name': 'DefaultDataType',
                                         'length_bytes': 1,
                                         'width_bits': 8,
                                         'signed': None,
                                         'kind_hint': None},
                     'return_storage': {'repr': '<UNASSIGNED>',
                                        'size_bytes': 0,
                                        'flags': {'register': False,
                                                  'stack': False,
                                                  'memory': False,
                                                  'unassigned': True,
                                                  'void': False,
                                                  'auto': False},
                                        'pieces': [],
                                        'storage_keys': []},
                     'carrier_pieces': [],
                     'normalization': {'mode': 'mask_to_output_width',
                                       'width_bits': 64,
                                       'mask': 18446744073709551615},
                     'runtime_helper': None,
                     'runtime_helper_authority': 'no_ABI_runtime_helper_assigned',
                     'authority': 'reachable_raw_return_transport',
                     'reported_declared_width_bits': 8,
                     'declared_width_authoritative': False,
                     'declared_return_evidence_status': 'non_authoritative_default_or_unresolved_prototype',
                     'transport_width_bits': 64,
                     'logical_result_width_bits': 64,
                     'reachable_return_widths': [64],
                     'reachable_return_boundary_count': 1,
                     'unreachable_return_boundary_count': 0,
                     'deferred_return_boundary_count': 0},
 'reachable_return_boundaries': [{'block_addr': 1053234,
                                  'return_value_sid': 'v_234',
                                  'return_value_width_bits': 64,
                                  'return_transport_width_bits': 64,
                                  'return_logical_width_bits': 64,
                                  'return_declared_view': None,
                                  'return_boundary_authority': 'raw_return_register_transport',
                                  'return_reachability': 'reachable',
                                  'reachable_return': True,
                                  'execution_suppressed': False,
                                  'emission_policy': 'emit_reachable_return_boundary',
                                  'cut_by_no_return_blocks': [],
                                  'cut_by_no_return_call_op_keys': []}],
 'unreachable_return_boundaries': []}

[RETURN BOUNDARY RECONCILIATION]
{'kind': 'pal_compute_return_boundary_reconciliation_v23b',
 'version': 'v23b_abi_thunk_compatibility_return_reconciliation',
 'function': 'mode_name',
 'entry_block_addr': 1053133,
 'cfg_evidence_available': True,
 'no_return_terminating_blocks': [],
 'no_return_call_op_keys': [],
 'return_boundaries': 1,
 'reachable_return_boundaries': 1,
 'unreachable_return_boundaries': 0,
 'deferred_return_boundaries': 0,
 'reachable_return_widths': [64],
 'width_reconciled': True,
 'synthetic_no_return_continuations_suppressed': 0,
 'rule': 'traverse_CFG_with_no_return_blocks_as_terminal_then_reconcile_reachable_raw_return_transports_only'}

[CALL SITE ABI PLANS]
===== END PAL COMPUTE ANALYZER =====


=========== SGL EXECUTION TREE ===========

sequence
  dispatch [dispatcher=0x1011cd selector=param_0 join=0x101232]
    case [values=[0] target=0x1011fe edge=(1053133, 1053182)]
      case_body
        sequence
          block [0x1011fe]
    case [values=[1] target=0x101207 edge=(1053133, 1053191)]
      case_body
        sequence
          block [0x101207]
    case [values=[2] target=0x101210 edge=(1053133, 1053200)]
      case_body
        sequence
          block [0x101210]
    case [values=[3] target=0x101219 edge=(1053133, 1053209)]
      case_body
        sequence
          block [0x101219]
    case [values=[4] target=0x101222 edge=(1053133, 1053218)]
      case_body
        sequence
          block [0x101222]
    default [values=[] target=0x10122b edge=(1053133, 1053227)]
      case_body
        sequence
          block [0x10122b]
  sequence
    block [0x101232]

=========== END TREE ===========

[SGL EXEC TREE PERSISTED] path=/home/rem/gh/PAL/pyghidra-PAL/PAL/PAL_logs/f_00000000001011cd_mode_name.sgl.exec_tree.log mode=append temporary=False delete_on_completion=False

[PHI DROP-INS]
------------------------------------------------------------
pred=0x1011fe -> join=0x101232 :: v_234 = v_151
pred=0x101207 -> join=0x101232 :: v_234 = v_148
pred=0x101210 -> join=0x101232 :: v_234 = v_145
pred=0x101219 -> join=0x101232 :: v_234 = v_142
pred=0x101222 -> join=0x101232 :: v_234 = v_139
pred=0x10122b -> join=0x101232 :: v_234 = v_120
------------------------------------------------------------
{'active': True,
 'bound_plans': 7,
 'control_contracts_forwarded': 7,
 'input_op_contracts': 7,
 'input_plans': 7,
 'kind': 'phi_compute_consumer_inventory_v21',
 'outputless_contracts_forwarded': 0,
 'phi_merge_contracts': 1,
 'phi_transition_contracts': 6,
 'preserved_compute_boundaries': 1,
 'preserved_deferred_contracts': 0,
 'preserved_outputless_boundaries': 0,
 'preserved_outputless_deferred_contracts': 0,
 'preserved_outputless_helpers': 0,
 'preserved_runtime_helpers': 0,
 'rule': 'preserve_PALCompute_authority_remap_execution_destination_only',
 'state_alias_bindings': 0,
 'transition_owners': {'predecessor_phi_dropin': 6},
 'version': 'v21_compute_contract_consumers',
 'warnings': 0}
[]
