
===== CFG DEBUG =====

[EDGES]
0x101771 -> 0x1017ab  uncond raw=uncond role=uncond pol=unknown inv=None edge=cfg-edge-v1:0x101771->0x1017ab direct_join=False
0x1017a7 -> 0x1017ab  backedge raw=uncond role=latch_to_header pol=unknown inv=None edge=cfg-edge-v1:0x1017a7->0x1017ab direct_join=False
0x1017ab -> 0x1017a7  true raw=true role=raw_true_explicit_target pol=target inv=False edge=cfg-edge-v1:0x1017ab->0x1017a7 direct_join=False
0x1017ab -> 0x1017d5  false raw=false role=raw_false_fallthrough pol=target inv=True edge=cfg-edge-v1:0x1017ab->0x1017d5 direct_join=True
0x1017d1 -> 0x1017d5  backedge raw=uncond role=latch_to_header pol=unknown inv=None edge=cfg-edge-v1:0x1017d1->0x1017d5 direct_join=False
0x1017d5 -> 0x101807  true raw=true role=raw_true_explicit_target pol=fallthrough inv=True edge=cfg-edge-v1:0x1017d5->0x101807 direct_join=True
0x1017d5 -> 0x1017e9  false raw=false role=raw_false_fallthrough pol=fallthrough inv=False edge=cfg-edge-v1:0x1017d5->0x1017e9 direct_join=False
0x1017e9 -> 0x1017d1  true raw=true role=raw_true_explicit_target pol=target inv=False edge=cfg-edge-v1:0x1017e9->0x1017d1 direct_join=False
0x1017e9 -> 0x101807  false raw=false role=raw_false_fallthrough pol=target inv=True edge=cfg-edge-v1:0x1017e9->0x101807 direct_join=True
0x101807 -> 0x101820  true raw=true role=raw_true_explicit_target pol=fallthrough inv=True edge=cfg-edge-v1:0x101807->0x101820 direct_join=False
0x101807 -> 0x101816  false raw=false role=raw_false_fallthrough pol=fallthrough inv=False edge=cfg-edge-v1:0x101807->0x101816 direct_join=False
0x101816 -> 0x1018ba  uncond raw=uncond role=uncond pol=unknown inv=None edge=cfg-edge-v1:0x101816->0x1018ba direct_join=False
0x101820 -> 0x10184d  uncond raw=uncond role=uncond pol=unknown inv=None edge=cfg-edge-v1:0x101820->0x10184d direct_join=False
0x101849 -> 0x10184d  backedge raw=uncond role=latch_to_header pol=unknown inv=None edge=cfg-edge-v1:0x101849->0x10184d direct_join=False
0x10184d -> 0x101849  true raw=true role=raw_true_explicit_target pol=target inv=False edge=cfg-edge-v1:0x10184d->0x101849 direct_join=False
0x10184d -> 0x10186b  false raw=false role=raw_false_fallthrough pol=target inv=True edge=cfg-edge-v1:0x10184d->0x10186b direct_join=True
0x10186b -> 0x1018b5  true raw=true role=raw_true_explicit_target pol=fallthrough inv=True edge=cfg-edge-v1:0x10186b->0x1018b5 direct_join=False
0x10186b -> 0x10187f  false raw=false role=raw_false_fallthrough pol=fallthrough inv=False edge=cfg-edge-v1:0x10186b->0x10187f direct_join=False
0x10187f -> 0x1018aa  true raw=true role=raw_true_explicit_target pol=fallthrough inv=True edge=cfg-edge-v1:0x10187f->0x1018aa direct_join=False
0x10187f -> 0x1018a3  false raw=false role=raw_false_fallthrough pol=fallthrough inv=False edge=cfg-edge-v1:0x10187f->0x1018a3 direct_join=False
0x1018a3 -> EXIT  uncond raw=uncond role=uncond pol=unknown inv=None edge=cfg-edge-v1:0x1018a3->EXIT direct_join=False
0x1018aa -> 0x1018b5  uncond raw=uncond role=uncond pol=unknown inv=None edge=cfg-edge-v1:0x1018aa->0x1018b5 direct_join=False
0x1018b5 -> 0x1018ba  uncond raw=uncond role=uncond pol=unknown inv=None edge=cfg-edge-v1:0x1018b5->0x1018ba direct_join=False
0x1018ba -> EXIT  uncond raw=uncond role=uncond pol=unknown inv=None edge=cfg-edge-v1:0x1018ba->EXIT direct_join=False

[BRANCH RESOLUTION EVENTS]
{'kind': 'binary_branch_truth_bound_by_evidence_class_v21d', 'src': 1054635, 'first_dst': 1054631, 'second_dst': 1054677, 'hf_target': 1054631, 'hf_normalized_target': 1054631, 'direct_dst': 1054631, 'first_invert': False, 'second_invert': True, 'condition_truth_authority': 'raw_jcc_hf_relation_direct_flags', 'reason': 'branch_truth_evidence_v21d hf_target=0x1017a7 raw_target=0x1017a7 raw_fallthrough=0x1017d5 legacy_hint=(mnemonic=JNZ hf_cond_opcode=INT_NOTEQUAL) class=direct_flags', 'relation_evidence': {'version': 'ordered_relation_algebra_v23e', 'status': 'unresolved', 'mnemonic': 'JNZ', 'raw_relation': None, 'raw_domain': None, 'hf_opcode': 'INT_NOTEQUAL', 'hf_relation': None, 'hf_domain': None, 'operand_profile': {'status': 'unresolved', 'reason': 'constant_threshold_requires_exact_value_custody', 'operand_count': 2, 'left_sid': 'v_2071', 'right_sid': 'c_0_4', 'left_identity': ('high', 'high_rep:2071'), 'right_identity': ('constant', 32, 0), 'left_width_bits': 32, 'right_width_bits': 32, 'left_constant': False, 'right_constant': True}, 'operand_orientation': None, 'relation_to_hf': None, 'invert_for_target': None, 'invert_for_fallthrough': None, 'reason': 'ordered_relation_family_not_applicable', 'legacy_hint_resolved': True, 'selected_as_authority': False}, 'boolean_carrier_evidence': {'status': 'proven_boolean', 'reason': 'comparison_result_is_boolean', 'root_opcode': 'INT_NOTEQUAL', 'contains_multiequal': False, 'depth': 0}}
{'kind': 'binary_branch_truth_bound_by_evidence_class_v21d', 'src': 1054677, 'first_dst': 1054727, 'second_dst': 1054697, 'hf_target': 1054727, 'hf_normalized_target': 1054727, 'direct_dst': 1054697, 'first_invert': True, 'second_invert': False, 'condition_truth_authority': 'raw_jcc_hf_relation_direct_flags', 'reason': 'branch_truth_evidence_v21d hf_target=0x101807 raw_target=0x101807 raw_fallthrough=0x1017e9 legacy_hint=(mnemonic=JZ hf_cond_opcode=INT_NOTEQUAL) class=direct_flags', 'relation_evidence': {'version': 'ordered_relation_algebra_v23e', 'status': 'unresolved', 'mnemonic': 'JZ', 'raw_relation': None, 'raw_domain': None, 'hf_opcode': 'INT_NOTEQUAL', 'hf_relation': None, 'hf_domain': None, 'operand_profile': {'status': 'unresolved', 'reason': 'constant_threshold_requires_exact_value_custody', 'operand_count': 2, 'left_sid': 'v_268', 'right_sid': 'c_0_1', 'left_identity': ('high', 'high_rep:268'), 'right_identity': ('constant', 8, 0), 'left_width_bits': 8, 'right_width_bits': 8, 'left_constant': False, 'right_constant': True}, 'operand_orientation': None, 'relation_to_hf': None, 'invert_for_target': None, 'invert_for_fallthrough': None, 'reason': 'ordered_relation_family_not_applicable', 'legacy_hint_resolved': True, 'selected_as_authority': False}, 'boolean_carrier_evidence': {'status': 'proven_boolean', 'reason': 'comparison_result_is_boolean', 'root_opcode': 'INT_NOTEQUAL', 'contains_multiequal': False, 'depth': 0}}
{'kind': 'binary_branch_truth_bound_by_evidence_class_v21d', 'src': 1054697, 'first_dst': 1054673, 'second_dst': 1054727, 'hf_target': 1054673, 'hf_normalized_target': 1054673, 'direct_dst': 1054673, 'first_invert': False, 'second_invert': True, 'condition_truth_authority': 'raw_jcc_hf_relation_direct_flags', 'reason': 'branch_truth_evidence_v21d hf_target=0x1017d1 raw_target=0x1017d1 raw_fallthrough=0x101807 legacy_hint=(mnemonic=JZ hf_cond_opcode=INT_EQUAL) class=direct_flags', 'relation_evidence': {'version': 'ordered_relation_algebra_v23e', 'status': 'unresolved', 'mnemonic': 'JZ', 'raw_relation': None, 'raw_domain': None, 'hf_opcode': 'INT_EQUAL', 'hf_relation': None, 'hf_domain': None, 'operand_profile': {'status': 'unresolved', 'reason': 'constant_threshold_requires_exact_value_custody', 'operand_count': 2, 'left_sid': 'v_2098', 'right_sid': 'c_0_4', 'left_identity': ('high', 'high_rep:2071'), 'right_identity': ('constant', 32, 0), 'left_width_bits': 32, 'right_width_bits': 32, 'left_constant': False, 'right_constant': True}, 'operand_orientation': None, 'relation_to_hf': None, 'invert_for_target': None, 'invert_for_fallthrough': None, 'reason': 'ordered_relation_family_not_applicable', 'legacy_hint_resolved': True, 'selected_as_authority': False}, 'boolean_carrier_evidence': {'status': 'proven_boolean', 'reason': 'comparison_result_is_boolean', 'root_opcode': 'INT_EQUAL', 'contains_multiequal': False, 'depth': 0}}
{'kind': 'binary_branch_truth_bound_by_evidence_class_v21d', 'src': 1054727, 'first_dst': 1054752, 'second_dst': 1054742, 'hf_target': 1054752, 'hf_normalized_target': 1054752, 'direct_dst': 1054742, 'first_invert': True, 'second_invert': False, 'condition_truth_authority': 'raw_jcc_hf_relation_direct_flags', 'reason': 'branch_truth_evidence_v21d hf_target=0x101820 raw_target=0x101820 raw_fallthrough=0x101816 legacy_hint=(mnemonic=JG hf_cond_opcode=INT_SLESS) class=direct_flags', 'relation_evidence': {'version': 'ordered_relation_algebra_v23e', 'status': 'unresolved', 'mnemonic': 'JG', 'raw_relation': 'GT', 'raw_domain': 'signed', 'hf_opcode': 'INT_SLESS', 'hf_relation': 'LT', 'hf_domain': 'signed', 'operand_profile': {'status': 'unresolved', 'reason': 'constant_threshold_requires_exact_value_custody', 'operand_count': 2, 'left_sid': 'v_424', 'right_sid': 'c_1_4', 'left_identity': ('high', 'high_rep:2071'), 'right_identity': ('constant', 32, 1), 'left_width_bits': 32, 'right_width_bits': 32, 'left_constant': False, 'right_constant': True}, 'operand_orientation': None, 'relation_to_hf': None, 'invert_for_target': None, 'invert_for_fallthrough': None, 'reason': 'constant_threshold_requires_exact_value_custody', 'legacy_hint_resolved': True, 'selected_as_authority': False}, 'boolean_carrier_evidence': {'status': 'proven_boolean', 'reason': 'comparison_result_is_boolean', 'root_opcode': 'INT_SLESS', 'contains_multiequal': False, 'depth': 0}}
{'kind': 'binary_branch_truth_bound_by_evidence_class_v21d', 'src': 1054797, 'first_dst': 1054793, 'second_dst': 1054827, 'hf_target': 1054793, 'hf_normalized_target': 1054793, 'direct_dst': 1054793, 'first_invert': False, 'second_invert': True, 'condition_truth_authority': 'raw_jcc_hf_relation_direct_flags', 'reason': 'branch_truth_evidence_v21d hf_target=0x101849 raw_target=0x101849 raw_fallthrough=0x10186b legacy_hint=(mnemonic=JNZ hf_cond_opcode=INT_NOTEQUAL) class=direct_flags', 'relation_evidence': {'version': 'ordered_relation_algebra_v23e', 'status': 'unresolved', 'mnemonic': 'JNZ', 'raw_relation': None, 'raw_domain': None, 'hf_opcode': 'INT_NOTEQUAL', 'hf_relation': None, 'hf_domain': None, 'operand_profile': {'status': 'unresolved', 'reason': 'constant_threshold_requires_exact_value_custody', 'operand_count': 2, 'left_sid': 'v_2139', 'right_sid': 'c_0_4', 'left_identity': ('high', 'high_rep:2139'), 'right_identity': ('constant', 32, 0), 'left_width_bits': 32, 'right_width_bits': 32, 'left_constant': False, 'right_constant': True}, 'operand_orientation': None, 'relation_to_hf': None, 'invert_for_target': None, 'invert_for_fallthrough': None, 'reason': 'ordered_relation_family_not_applicable', 'legacy_hint_resolved': True, 'selected_as_authority': False}, 'boolean_carrier_evidence': {'status': 'proven_boolean', 'reason': 'comparison_result_is_boolean', 'root_opcode': 'INT_NOTEQUAL', 'contains_multiequal': False, 'depth': 0}}
{'kind': 'binary_branch_truth_bound_by_evidence_class_v21d', 'src': 1054827, 'first_dst': 1054901, 'second_dst': 1054847, 'hf_target': 1054901, 'hf_normalized_target': 1054901, 'direct_dst': 1054847, 'first_invert': True, 'second_invert': False, 'condition_truth_authority': 'raw_jcc_hf_relation_direct_flags', 'reason': 'branch_truth_evidence_v21d hf_target=0x1018b5 raw_target=0x1018b5 raw_fallthrough=0x10187f legacy_hint=(mnemonic=JZ hf_cond_opcode=INT_NOTEQUAL) class=direct_flags', 'relation_evidence': {'version': 'ordered_relation_algebra_v23e', 'status': 'unresolved', 'mnemonic': 'JZ', 'raw_relation': None, 'raw_domain': None, 'hf_opcode': 'INT_NOTEQUAL', 'hf_relation': None, 'hf_domain': None, 'operand_profile': {'status': 'unresolved', 'reason': 'constant_threshold_requires_exact_value_custody', 'operand_count': 2, 'left_sid': 'v_724', 'right_sid': 'c_0_1', 'left_identity': ('high', 'high_rep:724'), 'right_identity': ('constant', 8, 0), 'left_width_bits': 8, 'right_width_bits': 8, 'left_constant': False, 'right_constant': True}, 'operand_orientation': None, 'relation_to_hf': None, 'invert_for_target': None, 'invert_for_fallthrough': None, 'reason': 'ordered_relation_family_not_applicable', 'legacy_hint_resolved': True, 'selected_as_authority': False}, 'boolean_carrier_evidence': {'status': 'proven_boolean', 'reason': 'comparison_result_is_boolean', 'root_opcode': 'INT_NOTEQUAL', 'contains_multiequal': False, 'depth': 0}}
{'kind': 'binary_branch_truth_bound_by_evidence_class_v21d', 'src': 1054847, 'first_dst': 1054890, 'second_dst': 1054883, 'hf_target': 1054890, 'hf_normalized_target': 1054890, 'direct_dst': 1054883, 'first_invert': True, 'second_invert': False, 'condition_truth_authority': 'raw_jcc_hf_relation_direct_flags', 'reason': 'branch_truth_evidence_v21d hf_target=0x1018aa raw_target=0x1018aa raw_fallthrough=0x1018a3 legacy_hint=(mnemonic=JNZ hf_cond_opcode=INT_EQUAL) class=direct_flags', 'relation_evidence': {'version': 'ordered_relation_algebra_v23e', 'status': 'unresolved', 'mnemonic': 'JNZ', 'raw_relation': None, 'raw_domain': None, 'hf_opcode': 'INT_EQUAL', 'hf_relation': None, 'hf_domain': None, 'operand_profile': {'status': 'unresolved', 'reason': 'constant_threshold_requires_exact_value_custody', 'operand_count': 2, 'left_sid': 'v_2155', 'right_sid': 'c_0_4', 'left_identity': ('high', 'high_rep:2139'), 'right_identity': ('constant', 32, 0), 'left_width_bits': 32, 'right_width_bits': 32, 'left_constant': False, 'right_constant': True}, 'operand_orientation': None, 'relation_to_hf': None, 'invert_for_target': None, 'invert_for_fallthrough': None, 'reason': 'ordered_relation_family_not_applicable', 'legacy_hint_resolved': True, 'selected_as_authority': False}, 'boolean_carrier_evidence': {'status': 'proven_boolean', 'reason': 'comparison_result_is_boolean', 'root_opcode': 'INT_EQUAL', 'contains_multiequal': False, 'depth': 0}}

[EDGE IDENTITY v23 / BOHDI EMPEROR]
{'kind': 'cfg_edge_identity_inventory_v23', 'version': 'FunctionCFG_v23e_clothed_emperor_cfg_truth', 'id_schema': 'cfg_edge_identity_v1', 'canonical_identity': '(src_addr,dst_addr)', 'edges': 24, 'unique_edge_keys': 24, 'binary_cbranch_edges': 14, 'direct_join_edges': 4, 'direct_join_branch_arm_edges': 1, 'direct_join_loop_exit_edges': 3, 'direct_join_empty_arm_candidates': 1, 'warnings': 0, 'topology_mutations': 0, 'polarity_mutations': 0, 'rule': 'freeze_repaired_CFG_edge_identity_then_mark_exact_binary_CBRANCH_edge_to_IPDOM'}
{'edge_id': [1054635, 1054677], 'edge_key': 'cfg-edge-v1:0x1017ab->0x1017d5', 'branch_owner_addr': 1054635, 'join_addr': 1054677, 'branch_role': 'false', 'authority': 'FunctionCFG_repaired_topology_plus_IPDOM_v23'}
{'edge_id': [1054677, 1054727], 'edge_key': 'cfg-edge-v1:0x1017d5->0x101807', 'branch_owner_addr': 1054677, 'join_addr': 1054727, 'branch_role': 'true', 'authority': 'FunctionCFG_repaired_topology_plus_IPDOM_v23'}
{'edge_id': [1054697, 1054727], 'edge_key': 'cfg-edge-v1:0x1017e9->0x101807', 'branch_owner_addr': 1054697, 'join_addr': 1054727, 'branch_role': 'false', 'authority': 'FunctionCFG_repaired_topology_plus_IPDOM_v23'}
{'edge_id': [1054797, 1054827], 'edge_key': 'cfg-edge-v1:0x10184d->0x10186b', 'branch_owner_addr': 1054797, 'join_addr': 1054827, 'branch_role': 'false', 'authority': 'FunctionCFG_repaired_topology_plus_IPDOM_v23'}

[IPDOM]
0x101771 -> ipdom: 0x1017ab
0x1017a7 -> ipdom: 0x1017ab
0x1017ab -> ipdom: 0x1017d5
0x1017d1 -> ipdom: 0x1017d5
0x1017d5 -> ipdom: 0x101807
0x1017e9 -> ipdom: 0x101807
0x101807 -> ipdom: EXIT
0x101816 -> ipdom: 0x1018ba
0x101820 -> ipdom: 0x10184d
0x101849 -> ipdom: 0x10184d
0x10184d -> ipdom: 0x10186b
0x10186b -> ipdom: EXIT
0x10187f -> ipdom: EXIT
0x1018a3 -> ipdom: EXIT
0x1018aa -> ipdom: 0x1018b5
0x1018b5 -> ipdom: 0x1018ba
0x1018ba -> ipdom: EXIT

[BACKEDGES]
0x1017a7 -> 0x1017ab
0x1017d1 -> 0x1017d5
0x101849 -> 0x10184d

=====================

===== PAL RESOLVER INDIRECT STORAGE v22c =====

[INVENTORY]
{'active': False,
 'address_tied_families': 0,
 'custody_transitions': 0,
 'effect_owner_groups': 0,
 'escape_barrier_sids': 0,
 'input_contracts': 0,
 'kind': 'resolver_indirect_storage_inventory_v22c',
 'machine_state_families': 0,
 'machine_state_sids': 0,
 'owner_categories': {},
 'parameter_initializers': 0,
 'persistent_families': 0,
 'rule': 'HighVariable_identity_families_plus_address_escape_alias_barrier',
 'runtime_order': 'CFG_governed_not_linearized',
 'storage_families': 0,
 'version': 'v22c_indirect_storage_families',
 'warnings': 0}

[STORAGE FAMILIES]

[PARAMETER INITIALIZERS / STORAGE WRITES]
[]

[WARNINGS]
[]
===== END PAL RESOLVER INDIRECT STORAGE =====

========================================================================
PALRAW AUDIT v0.3 :: raw instruction BLOCK p-code vs HF/PAL CFG
========================================================================

--- 0x10127f ---
Raw block  : 0x10127f -> next 0x101771
Instr count: 0
Terminal   : None None
Raw succs  : []
Norm succs : None
HF block   : None
CFG edges  : []
STATUS     : no_hf_block
NOTE       : No PAL/HighFunction block mapped to this address.
Raw instructions:
Terminal raw p-code:
HF/PAL ops :

--- 0x1011b6 ---
Raw block  : 0x1011b6 -> next 0x101771
Instr count: 0
Terminal   : None None
Raw succs  : []
Norm succs : None
HF block   : None
CFG edges  : []
STATUS     : no_hf_block
NOTE       : No PAL/HighFunction block mapped to this address.
Raw instructions:
Terminal raw p-code:
HF/PAL ops :

--- 0x101219 ---
Raw block  : 0x101219 -> next 0x101771
Instr count: 2
Terminal   : 0x101220 JMP 0x00101232
Raw succs  : ['0x101232']
Norm succs : None
HF block   : None
CFG edges  : []
STATUS     : no_hf_block
NOTE       : No PAL/HighFunction block mapped to this address.
Raw instructions:
   0x101219  LEA RAX,[0x103021]
   0x101220  JMP 0x00101232
Terminal raw p-code:
     ---  BRANCH (ram, 0x101232, 8)
HF/PAL ops :

--- 0x10120f ---
Raw block  : 0x10120f -> next 0x101771
Instr count: 0
Terminal   : None None
Raw succs  : []
Norm succs : None
HF block   : None
CFG edges  : []
STATUS     : no_hf_block
NOTE       : No PAL/HighFunction block mapped to this address.
Raw instructions:
Terminal raw p-code:
HF/PAL ops :

--- 0x101221 ---
Raw block  : 0x101221 -> next 0x101771
Instr count: 0
Terminal   : None None
Raw succs  : []
Norm succs : None
HF block   : None
CFG edges  : []
STATUS     : no_hf_block
NOTE       : No PAL/HighFunction block mapped to this address.
Raw instructions:
Terminal raw p-code:
HF/PAL ops :

--- 0x101284 ---
Raw block  : 0x101284 -> next 0x101771
Instr count: 0
Terminal   : None None
Raw succs  : []
Norm succs : None
HF block   : None
CFG edges  : []
STATUS     : no_hf_block
NOTE       : No PAL/HighFunction block mapped to this address.
Raw instructions:
Terminal raw p-code:
HF/PAL ops :

--- 0x10127f ---
Raw block  : 0x10127f -> next 0x101771
Instr count: 0
Terminal   : None None
Raw succs  : []
Norm succs : None
HF block   : None
CFG edges  : []
STATUS     : no_hf_block
NOTE       : No PAL/HighFunction block mapped to this address.
Raw instructions:
Terminal raw p-code:
HF/PAL ops :

========================================================================

===== PAL COMPUTE ANALYZER =====
{'kind': 'pal_compute_inventory_v22',
 'version': 'v23b_abi_thunk_compatibility_return_reconciliation',
 'runtime_representation': 'raw_unsigned_bitvector_at_ssa_boundaries',
 'operations': 63,
 'output_plans': 58,
 'control_contracts': 12,
 'c_compute_filtered': 55,
 'use_site_overrides': 1,
 'return_observation_view_mismatches': 0,
 'storage_custody_related_ops': 0,
 'indirect_custody_contracts': 0,
 'indirect_custody_resolved': 0,
 'indirect_custody_deferred': 0,
 'indirect_effect_owner_compute_ops': 0,
 'storage_family_bindings': 0,
 'function_entry_abi_plan': True,
 'call_site_abi_plans': 5,
 'internal_call_plan_failures': 5,
 'unsupported_implicit_inputs': 0,
 'abi_runtime_helper_assignments': 0,
 'no_return_calls': 0,
 'reachable_return_boundaries': 2,
 'unreachable_return_boundaries': 0,
 'synthetic_no_return_continuations_suppressed': 0,
 'statuses': {'metadata_only': 17,
              'deferred_memory': 13,
              'helper_required': 28,
              'deferred_external': 5},
 'categories': {'transport': 5,
                'memory': 9,
                'pointer_arithmetic': 4,
                'conversion': 18,
                'phi_merge': 4,
                'integer_arithmetic': 11,
                'call_boundary': 5,
                'comparison': 7},
 'helpers': {'c_store': 4,
             'c_ptradd': 4,
             'c_sext': 10,
             'c_add': 10,
             'c_load': 5,
             'c_ne': 4,
             'c_eq': 2,
             'c_sub': 1,
             'c_slt': 1},
 'opcodes': {'COPY': 5,
             'STORE': 4,
             'PTRADD': 4,
             'CAST': 8,
             'MULTIEQUAL': 4,
             'INT_SEXT': 10,
             'INT_ADD': 10,
             'LOAD': 5,
             'CALL': 5,
             'INT_NOTEQUAL': 4,
             'INT_EQUAL': 2,
             'INT_SUB': 1,
             'INT_SLESS': 1},
 'warnings': 0}

[WARNINGS]
[]

[METADATA-ONLY COMPUTE BOUNDARIES]
0x1017ab MULTIEQUAL ['v_2218', 'v_995'] -> v_2405 classification=None
0x1017ab CAST ['v_2553'] -> v_132 classification=same_width_explicit_recast
0x1017d5 MULTIEQUAL ['v_945', 'v_2405'] -> v_2399 classification=None
0x1017d5 CAST ['v_2554'] -> v_248 classification=same_width_explicit_recast
0x1017e9 CAST ['v_2555'] -> v_327 classification=same_width_explicit_recast
0x10184d MULTIEQUAL ['v_2399', 'v_895'] -> v_2396 classification=None
0x10184d CAST ['v_2556'] -> v_607 classification=same_width_explicit_recast
0x10186b CAST ['v_2557'] -> v_704 classification=same_width_explicit_recast
0x1018ba MULTIEQUAL ['v_498', 'v_875'] -> v_1522 classification=None

[HELPER-REQUIRED CONTRACTS]
0x1017ab INT_SEXT v_116 helper=c_sext widths=[32]->64 overrides=0
0x1017ab INT_ADD v_2553 helper=c_add widths=[64, 64]->64 overrides=0
0x1017ab INT_SEXT v_159 helper=c_sext widths=[8]->32 overrides=0
0x1017ab INT_NOTEQUAL v_185 helper=c_ne widths=[32, 32]->8 overrides=0
0x1017a7 INT_ADD v_995 helper=c_add widths=[32, 32]->32 overrides=0
0x1017d5 INT_SEXT v_232 helper=c_sext widths=[32]->64 overrides=0
0x1017d5 INT_ADD v_2554 helper=c_add widths=[64, 64]->64 overrides=0
0x1017d5 INT_NOTEQUAL v_285 helper=c_ne widths=[8, 8]->8 overrides=0
0x1017e9 INT_SEXT v_311 helper=c_sext widths=[32]->64 overrides=0
0x1017e9 INT_ADD v_2555 helper=c_add widths=[64, 64]->64 overrides=0
0x1017e9 INT_SEXT v_354 helper=c_sext widths=[8]->32 overrides=0
0x1017e9 INT_EQUAL v_380 helper=c_eq widths=[32, 32]->8 overrides=0
0x1017d1 INT_ADD v_945 helper=c_add widths=[32, 32]->32 overrides=0
0x101807 INT_SUB v_424 helper=c_sub widths=[32, 32]->32 overrides=0
0x101807 INT_SLESS v_493 helper=c_slt widths=[32, 32]->8 overrides=1
0x101820 INT_SEXT v_526 helper=c_sext widths=[32]->64 overrides=0
0x101820 INT_ADD v_539 helper=c_add widths=[64, 64]->64 overrides=0
0x10184d INT_SEXT v_591 helper=c_sext widths=[32]->64 overrides=0
0x10184d INT_ADD v_2556 helper=c_add widths=[64, 64]->64 overrides=0
0x10184d INT_SEXT v_634 helper=c_sext widths=[8]->32 overrides=0
0x10184d INT_NOTEQUAL v_660 helper=c_ne widths=[32, 32]->8 overrides=0
0x101849 INT_ADD v_895 helper=c_add widths=[32, 32]->32 overrides=0
0x10186b INT_SEXT v_688 helper=c_sext widths=[32]->64 overrides=0
0x10186b INT_ADD v_2557 helper=c_add widths=[64, 64]->64 overrides=0
0x10186b INT_NOTEQUAL v_741 helper=c_ne widths=[8, 8]->8 overrides=0
0x10187f INT_SEXT v_780 helper=c_sext widths=[32]->64 overrides=0
0x10187f INT_ADD v_796 helper=c_add widths=[64, 64]->64 overrides=0
0x10187f INT_EQUAL v_838 helper=c_eq widths=[32, 32]->8 overrides=0

[INDIRECT STORAGE-CUSTODY CONTRACTS]

[INDIRECT CUSTODY INVENTORY]
{'kind': 'pal_compute_indirect_custody_inventory_v22d',
 'version': 'v23b_abi_thunk_compatibility_return_reconciliation',
 'resolver_transitions': 0,
 'compute_indirect_contracts': 0,
 'resolved_custody': 0,
 'deferred_custody': 0,
 'effect_owner_compute_bindings': 0,
 'effect_owner_compute_ops': 0,
 'owner_categories': {},
 'storage_families': 0,
 'storage_sid_bindings': 0,
 'address_escape_barrier_sids': 0,
 'parameter_storage_initializers': 0,
 'runtime_helpers': 0,
 'warnings': 0,
 'rule': 'INDIRECT_is_metadata_only_owner_bound_storage_transition'}

[ABI-D ENTRY/CALL PLAN INVENTORY]
{'kind': 'pal_compute_abi_plan_inventory_v23',
 'version': 'v23b_abi_thunk_compatibility_return_reconciliation',
 'function': 'parse_command',
 'entry_plan_present': True,
 'entry_plan_status': 'ready',
 'fixed_arguments': 2,
 'implicit_inputs': 0,
 'implicit_inputs_unsupported': 0,
 'call_compute_contracts': 5,
 'call_site_plans': 5,
 'call_sites_without_plan': 0,
 'call_statuses': {'ready': 5},
 'dispatch_classes': {'internal_resolved': 5},
 'internal_calls': 5,
 'internal_calls_with_target_compatible_plan': 0,
 'internal_calls_without_target_compatible_plan': 5,
 'internal_calls_with_deferred_target_compatibility': 5,
 'internal_calls_with_incompatible_target': 0,
 'internal_calls_without_transport_plan': 0,
 'external_calls': 0,
 'thunk_calls': 0,
 'external_via_thunk_calls': 0,
 'thunk_endpoint_deferred_calls': 0,
 'thunk_calls_misclassified_internal': 0,
 'target_compatibility_overclaims': 0,
 'no_return_calls': 0,
 'result_carrier_contracts': 5,
 'abi_runtime_helper_assignments': 0,
 'warnings': 0,
 'acceptance_gates': {'every_emitted_function_has_entry_plan': True,
                      'every_call_has_call_site_plan': True,
                      'every_internal_call_has_target_compatible_plan': False,
                      'every_internal_call_has_carrier_transport_plan': True,
                      'no_resolved_thunk_misclassified_internal': True,
                      'no_target_compatibility_overclaim': True,
                      'no_implicit_input_is_unsupported': True,
                      'no_runtime_helper_assigned_by_ABI_guesswork': True},
 'return_boundary_reconciliation': {'kind': 'pal_compute_return_boundary_reconciliation_v23b',
                                    'version': 'v23b_abi_thunk_compatibility_return_reconciliation',
                                    'function': 'parse_command',
                                    'entry_block_addr': 1054577,
                                    'cfg_evidence_available': True,
                                    'no_return_terminating_blocks': [],
                                    'no_return_call_op_keys': [],
                                    'return_boundaries': 2,
                                    'reachable_return_boundaries': 2,
                                    'unreachable_return_boundaries': 0,
                                    'deferred_return_boundaries': 0,
                                    'reachable_return_widths': [64],
                                    'width_reconciled': True,
                                    'synthetic_no_return_continuations_suppressed': 0,
                                    'rule': 'traverse_CFG_with_no_return_blocks_as_terminal_then_reconcile_reachable_raw_return_transports_only'},
 'rule': 'ABI_A_B_C_authority_only_thunk_endpoint_and_compatibility_tri_state_no_downstream_argument_reinference'}

[FUNCTION ENTRY ABI PLAN]
{'plan_id': 'function_entry:1054573',
 'status': 'ready',
 'callable_signature_status': 'legacy_non_variadic_fallback',
 'fixed_argument_count': 2,
 'implicit_input_count': 0,
 'variadic_register_save_area': {'required': False,
                                 'status': 'not_required',
                                 'slots': [{'sid': 'v_1986',
                                            'bank': 'gp',
                                            'index': 0,
                                            'register': 'RDI',
                                            'width_bits': 64,
                                            'canonical_alias': 'param_0',
                                            'owner_namespace': 'logical_parameter',
                                            'owner_role': 'callable_parameter_carrier',
                                            'materialization': 'capture_entry_register_bits',
                                            'source': 'abi_context.registers',
                                            'runtime_helper': None,
                                            'authority': 'PALSymbolResolver_ABI_C_physical_carrier_binding'},
                                           {'sid': 'v_1987',
                                            'bank': 'gp',
                                            'index': 1,
                                            'register': 'RSI',
                                            'width_bits': 64,
                                            'canonical_alias': 'param_1',
                                            'owner_namespace': 'logical_parameter',
                                            'owner_role': 'callable_parameter_carrier',
                                            'materialization': 'capture_entry_register_bits',
                                            'source': 'abi_context.registers',
                                            'runtime_helper': None,
                                            'authority': 'PALSymbolResolver_ABI_C_physical_carrier_binding'}],
                                 'gp_slots': [{'sid': 'v_1986',
                                               'bank': 'gp',
                                               'index': 0,
                                               'register': 'RDI',
                                               'width_bits': 64,
                                               'canonical_alias': 'param_0',
                                               'owner_namespace': 'logical_parameter',
                                               'owner_role': 'callable_parameter_carrier',
                                               'materialization': 'capture_entry_register_bits',
                                               'source': 'abi_context.registers',
                                               'runtime_helper': None,
                                               'authority': 'PALSymbolResolver_ABI_C_physical_carrier_binding'},
                                              {'sid': 'v_1987',
                                               'bank': 'gp',
                                               'index': 1,
                                               'register': 'RSI',
                                               'width_bits': 64,
                                               'canonical_alias': 'param_1',
                                               'owner_namespace': 'logical_parameter',
                                               'owner_role': 'callable_parameter_carrier',
                                               'materialization': 'capture_entry_register_bits',
                                               'source': 'abi_context.registers',
                                               'runtime_helper': None,
                                               'authority': 'PALSymbolResolver_ABI_C_physical_carrier_binding'}],
                                 'sse_slots': [],
                                 'fixed_variadic_partition_status': 'deferred_to_entry_protocol_analysis',
                                 'source': 'abi_context.registers',
                                 'authority': 'ABI_C_carriers_plus_variadic_contract'},
 'overflow_argument_area': {'required': False,
                            'status': 'not_required',
                            'source': 'abi_context.overflow_argument_area',
                            'observed_stack_carriers': [],
                            'materialization': 'consume_preclassified_overflow_slots',
                            'offset_inference_allowed': False,
                            'authority': 'ABI_C_stack_carriers_or_variadic_protocol'},
 'variadic_al': {'required': False,
                 'status': 'not_required',
                 'source': 'abi_context.variadic_xmm_count',
                 'inputs': [],
                 'default_allowed': False,
                 'authority': 'ABI_C_variadic_xmm_count_contract'},
 'frame_base': {'required': False,
                'status': 'not_observed',
                'source': 'abi_context.frame_base',
                'inputs': [],
                'derive_from_parameter_names': False,
                'authority': 'ABI_C_frame_state_custody'},
 'tls_base': {'required': False,
              'status': 'not_observed',
              'source': 'abi_context.tls_base',
              'inputs': [],
              'derive_from_expression_names': False,
              'authority': 'ABI_C_tls_state_custody'},
 'return_contract': {'kind': 'pal_compute_return_carrier_contract_abi_d',
                     'version': 'v23b_abi_thunk_compatibility_return_reconciliation',
                     'status': 'return_width_proven_carrier_deferred',
                     'no_return': False,
                     'output_sid': None,
                     'output_width_bits': None,
                     'declared_width_bits': None,
                     'effective_result_width_bits': 64,
                     'declared_return': {'name': 'undefined',
                                         'display_name': 'undefined',
                                         'class_name': 'DefaultDataType',
                                         'length_bytes': 1,
                                         'width_bits': 8,
                                         'signed': None,
                                         'kind_hint': None},
                     'return_storage': {'repr': '<UNASSIGNED>',
                                        'size_bytes': 0,
                                        'flags': {'register': False,
                                                  'stack': False,
                                                  'memory': False,
                                                  'unassigned': True,
                                                  'void': False,
                                                  'auto': False},
                                        'pieces': [],
                                        'storage_keys': []},
                     'carrier_pieces': [],
                     'normalization': {'mode': 'mask_to_output_width',
                                       'width_bits': 64,
                                       'mask': 18446744073709551615},
                     'runtime_helper': None,
                     'runtime_helper_authority': 'no_ABI_runtime_helper_assigned',
                     'authority': 'reachable_raw_return_transport',
                     'reported_declared_width_bits': 8,
                     'declared_width_authoritative': False,
                     'declared_return_evidence_status': 'non_authoritative_default_or_unresolved_prototype',
                     'transport_width_bits': 64,
                     'logical_result_width_bits': 64,
                     'reachable_return_widths': [64],
                     'reachable_return_boundary_count': 2,
                     'unreachable_return_boundary_count': 0,
                     'deferred_return_boundary_count': 0},
 'reachable_return_boundaries': [{'block_addr': 1054883,
                                  'return_value_sid': 'v_2546',
                                  'return_value_width_bits': 64,
                                  'return_transport_width_bits': 64,
                                  'return_logical_width_bits': 64,
                                  'return_declared_view': None,
                                  'return_boundary_authority': 'raw_return_register_transport',
                                  'return_reachability': 'reachable',
                                  'reachable_return': True,
                                  'execution_suppressed': False,
                                  'emission_policy': 'emit_reachable_return_boundary',
                                  'cut_by_no_return_blocks': [],
                                  'cut_by_no_return_call_op_keys': []},
                                 {'block_addr': 1054906,
                                  'return_value_sid': 'v_1522',
                                  'return_value_width_bits': 64,
                                  'return_transport_width_bits': 64,
                                  'return_logical_width_bits': 64,
                                  'return_declared_view': None,
                                  'return_boundary_authority': 'raw_return_register_transport',
                                  'return_reachability': 'reachable',
                                  'reachable_return': True,
                                  'execution_suppressed': False,
                                  'emission_policy': 'emit_reachable_return_boundary',
                                  'cut_by_no_return_blocks': [],
                                  'cut_by_no_return_call_op_keys': []}],
 'unreachable_return_boundaries': []}

[RETURN BOUNDARY RECONCILIATION]
{'kind': 'pal_compute_return_boundary_reconciliation_v23b',
 'version': 'v23b_abi_thunk_compatibility_return_reconciliation',
 'function': 'parse_command',
 'entry_block_addr': 1054577,
 'cfg_evidence_available': True,
 'no_return_terminating_blocks': [],
 'no_return_call_op_keys': [],
 'return_boundaries': 2,
 'reachable_return_boundaries': 2,
 'unreachable_return_boundaries': 0,
 'deferred_return_boundaries': 0,
 'reachable_return_widths': [64],
 'width_reconciled': True,
 'synthetic_no_return_continuations_suppressed': 0,
 'rule': 'traverse_CFG_with_no_return_blocks_as_terminal_then_reconcile_reachable_raw_return_transports_only'}

[CALL SITE ABI PLANS]
{'op_key': '1054635:(ram, 0x1017c0, 66, 7):7',
 'target': 'is_space_char',
 'dispatch_class': 'internal_resolved',
 'status': 'ready',
 'argument_count': 1,
 'carrier_allocation_status': 'complete',
 'target_compatibility_status': 'deferred',
 'target_compatible': None,
 'no_return': False,
 'result_width_bits': 32}
{'op_key': '1054697:(ram, 0x1017fe, 142, 5):5',
 'target': 'is_space_char',
 'dispatch_class': 'internal_resolved',
 'status': 'ready',
 'argument_count': 1,
 'carrier_allocation_status': 'complete',
 'target_compatibility_status': 'deferred',
 'target_compatible': None,
 'no_return': False,
 'result_width_bits': 32}
{'op_key': '1054752:(ram, 0x101842, 223, 2):2',
 'target': 'copy_token',
 'dispatch_class': 'internal_resolved',
 'status': 'ready',
 'argument_count': 4,
 'carrier_allocation_status': 'complete',
 'target_compatibility_status': 'deferred',
 'target_compatible': None,
 'no_return': False,
 'result_width_bits': 8}
{'op_key': '1054797:(ram, 0x101862, 251, 6):6',
 'target': 'is_space_char',
 'dispatch_class': 'internal_resolved',
 'status': 'ready',
 'argument_count': 1,
 'carrier_allocation_status': 'complete',
 'target_compatibility_status': 'deferred',
 'target_compatible': None,
 'no_return': False,
 'result_width_bits': 32}
{'op_key': '1054847:(ram, 0x10189a, 319, 3):3',
 'target': 'parse_integer',
 'dispatch_class': 'internal_resolved',
 'status': 'ready',
 'argument_count': 2,
 'carrier_allocation_status': 'complete',
 'target_compatibility_status': 'deferred',
 'target_compatible': None,
 'no_return': False,
 'result_width_bits': 32}
===== END PAL COMPUTE ANALYZER =====


=========== SGL EXECUTION TREE ===========

sequence
  sequence
    block [0x101771]
  loop [header=0x1017ab role=body semantics=continue_when_true cond=(v_2071 != 0) order=transaction_then_predicate continue_edge=[1054635, 1054631] exit_edge=[1054635, 1054677] selected_invert=False]
    loop_condition_transaction [header=0x1017ab order=before_every_predicate_evaluation]
      block [0x1017ab]
    loop_body
      sequence
        block [0x1017a7]
      block [0x1017a7]
  loop [header=0x1017d5 role=body semantics=continue_when_true cond=(v_268 != 0) order=transaction_then_predicate continue_edge=[1054677, 1054697] exit_edge=[1054677, 1054727] selected_invert=False]
    loop_condition_transaction [header=0x1017d5 order=before_every_predicate_evaluation]
      block [0x1017d5]
    loop_body
      block [0x1017e9]
      if [cond=not ((v_2098 == 0))]
        then
          break
        else
      block [0x1017d1]
  if [cond=not ((v_424 < 1))]
    then
      sequence
        block [0x101820]
      loop [header=0x10184d role=body semantics=continue_when_true cond=(v_2139 != 0) order=transaction_then_predicate continue_edge=[1054797, 1054793] exit_edge=[1054797, 1054827] selected_invert=False]
        loop_condition_transaction [header=0x10184d order=before_every_predicate_evaluation]
          block [0x10184d]
        loop_body
          sequence
            block [0x101849]
          block [0x101849]
      block [0x10186b]
      if [cond=not ((v_724 != 0))]
        then
          sequence
            block [0x1018b5]
            block [0x1018ba]
        else
          block [0x10187f]
          if [cond=not ((v_2155 == 0))]
            then
              sequence
                block [0x1018aa]
                block [0x1018b5]
            else
              sequence
                block [0x1018a3]
    else
      sequence
        block [0x101816]
  sequence
    block [0x1018ba]
    block [0x1018ba]

=========== END TREE ===========

[SGL EXEC TREE PERSISTED] path=/home/rem/gh/PAL/pyghidra-PAL/PAL/PAL_logs/f_0000000000101771_parse_command.sgl.exec_tree.log mode=append temporary=False delete_on_completion=False

[PHI DROP-INS]
------------------------------------------------------------
pred=0x1017a7 -> join=0x1017ab :: local_14 = v_995
pred=0x1017d1 -> join=0x1017d5 :: local_14 = v_945
pred=0x101849 -> join=0x10184d :: local_14 = v_895
pred=0x101816 -> join=0x1018ba :: v_1522 = v_498
pred=0x1018b5 -> join=0x1018ba :: v_1522 = v_875
------------------------------------------------------------
{'active': True,
 'bound_plans': 58,
 'control_contracts_forwarded': 12,
 'input_op_contracts': 63,
 'input_plans': 58,
 'kind': 'phi_compute_consumer_inventory_v21',
 'outputless_contracts_forwarded': 5,
 'phi_merge_contracts': 4,
 'phi_transition_contracts': 5,
 'preserved_compute_boundaries': 50,
 'preserved_deferred_contracts': 13,
 'preserved_outputless_boundaries': 5,
 'preserved_outputless_deferred_contracts': 5,
 'preserved_outputless_helpers': 4,
 'preserved_runtime_helpers': 37,
 'rule': 'preserve_PALCompute_authority_remap_execution_destination_only',
 'state_alias_bindings': 3,
 'transition_owners': {'predecessor_phi_dropin': 2, 'source_state_alias': 3},
 'version': 'v21_compute_contract_consumers',
 'warnings': 0}
[]
