
===== CFG DEBUG =====

[EDGES]

[IPDOM]
0x105050 -> ipdom: None

=====================

===== PAL RESOLVER INDIRECT STORAGE v22c =====

[INVENTORY]
{'active': False,
 'address_tied_families': 0,
 'custody_transitions': 0,
 'effect_owner_groups': 0,
 'escape_barrier_sids': 0,
 'input_contracts': 0,
 'kind': 'resolver_indirect_storage_inventory_v22c',
 'machine_state_families': 0,
 'machine_state_sids': 0,
 'owner_categories': {},
 'parameter_initializers': 0,
 'persistent_families': 0,
 'rule': 'HighVariable_identity_families_plus_address_escape_alias_barrier',
 'runtime_order': 'CFG_governed_not_linearized',
 'storage_families': 0,
 'version': 'v22c_indirect_storage_families',
 'warnings': 0}

[STORAGE FAMILIES]

[PARAMETER INITIALIZERS / STORAGE WRITES]
[]

[WARNINGS]
[]
===== END PAL RESOLVER INDIRECT STORAGE =====

========================================================================
PALRAW AUDIT v0.3 :: raw instruction BLOCK p-code vs HF/PAL CFG
========================================================================

--- 0x10127f ---
Raw block  : 0x10127f -> next 0x105050
Instr count: 0
Terminal   : None None
Raw succs  : []
Norm succs : None
HF block   : None
CFG edges  : []
STATUS     : no_hf_block
NOTE       : No PAL/HighFunction block mapped to this address.
Raw instructions:
Terminal raw p-code:
HF/PAL ops :

--- 0x1011b6 ---
Raw block  : 0x1011b6 -> next 0x105050
Instr count: 2
Terminal   : 0x1011b9 JZ 0x001011c7
Raw succs  : ['0x1011c7', '0x1011bb']
Norm succs : None
HF block   : None
CFG edges  : []
STATUS     : no_hf_block
NOTE       : No PAL/HighFunction block mapped to this address.
Raw instructions:
   0x1011b6  MOV RBP,RSP
   0x1011b9  JZ 0x001011c7
Terminal raw p-code:
     ---  CBRANCH (ram, 0x1011c7, 8) , (register, 0x206, 1)
HF/PAL ops :

--- 0x101219 ---
Raw block  : 0x101219 -> next 0x105050
Instr count: 3
Terminal   : 0x10121b RET
Raw succs  : []
Norm succs : None
HF block   : None
CFG edges  : []
STATUS     : no_hf_block
NOTE       : No PAL/HighFunction block mapped to this address.
Raw instructions:
   0x101219  NOP
   0x10121a  LEAVE
   0x10121b  RET
Terminal raw p-code:
    (register, 0x288, 8) LOAD (const, 0x1b1, 8) , (register, 0x20, 8)
    (register, 0x20, 8) INT_ADD (register, 0x20, 8) , (const, 0x8, 8)
     ---  RETURN (register, 0x288, 8)
HF/PAL ops :

--- 0x10120f ---
Raw block  : 0x10120f -> next 0x105050
Instr count: 6
Terminal   : 0x10121b RET
Raw succs  : []
Norm succs : None
HF block   : None
CFG edges  : []
STATUS     : no_hf_block
NOTE       : No PAL/HighFunction block mapped to this address.
Raw instructions:
   0x10120f  MOV RDX,qword ptr [RBP + -0x8]
   0x101213  ADD RAX,RDX
   0x101216  MOV byte ptr [RAX],0x0
   0x101219  NOP
   0x10121a  LEAVE
   0x10121b  RET
Terminal raw p-code:
    (register, 0x288, 8) LOAD (const, 0x1b1, 8) , (register, 0x20, 8)
    (register, 0x20, 8) INT_ADD (register, 0x20, 8) , (const, 0x8, 8)
     ---  RETURN (register, 0x288, 8)
HF/PAL ops :

--- 0x101221 ---
Raw block  : 0x101221 -> next 0x105050
Instr count: 49
Terminal   : 0x101306 JNZ 0x00101328
Raw succs  : ['0x101328', '0x101308']
Norm succs : None
HF block   : None
CFG edges  : []
STATUS     : no_hf_block
NOTE       : No PAL/HighFunction block mapped to this address.
Raw instructions:
   0x101221  MOV RBP,RSP
   0x101224  SUB RSP,0x60
   0x101228  MOV RAX,qword ptr FS:[0x28]
   0x101231  MOV qword ptr [RBP + -0x8],RAX
   0x101235  XOR EAX,EAX
   0x101237  MOV dword ptr [RBP + -0x54],0x64
   0x10123e  LEA RAX,[0x102010]
   0x101245  MOV RDI,RAX
   0x101248  CALL 0x001010a0
   0x10124d  LEA RAX,[0x102048]
   0x101254  MOV RDI,RAX
   0x101257  CALL 0x001010a0
   0x10125c  LEA RAX,[0x102010]
   0x101263  MOV RDI,RAX
   0x101266  CALL 0x001010a0
   0x10126b  LEA RAX,[0x102080]
   0x101272  MOV RDI,RAX
   0x101275  CALL 0x001010a0
   0x10127a  LEA RAX,[0x1020a8]
   0x101281  MOV RDI,RAX
   0x101284  CALL 0x001010a0
   0x101289  LEA RAX,[0x1020e8]
   0x101290  MOV RDI,RAX
   0x101293  CALL 0x001010a0
   0x101298  LEA RAX,[0x102140]
   0x10129f  MOV RDI,RAX
   0x1012a2  CALL 0x001010a0
   0x1012a7  LEA RAX,[0x102198]
   0x1012ae  MOV RDI,RAX
   0x1012b1  CALL 0x001010a0
   0x1012b6  LEA RAX,[0x1021e0]
   0x1012bd  MOV RDI,RAX
   0x1012c0  MOV EAX,0x0
   0x1012c5  CALL 0x001010c0
   0x1012ca  MOV RDX,qword ptr [0x00104010]
   0x1012d1  LEA RAX,[RBP + -0x50]
   0x1012d5  MOV ESI,0x40
   0x1012da  MOV RDI,RAX
   0x1012dd  CALL 0x001010e0
   0x1012e2  LEA RAX,[RBP + -0x50]
   0x1012e6  MOV RDI,RAX
   0x1012e9  CALL 0x001011e9
   0x1012ee  LEA RAX,[RBP + -0x50]
   0x1012f2  LEA RDX,[0x10220a]
   0x1012f9  MOV RSI,RDX
   0x1012fc  MOV RDI,RAX
   0x1012ff  CALL 0x001010f0
   0x101304  TEST EAX,EAX
   0x101306  JNZ 0x00101328
Terminal raw p-code:
    (unique, 0x24f00, 1) BOOL_NEGATE (register, 0x206, 1)
     ---  CBRANCH (ram, 0x101328, 8) , (unique, 0x24f00, 1)
HF/PAL ops :

--- 0x101284 ---
Raw block  : 0x101284 -> next 0x105050
Instr count: 29
Terminal   : 0x101306 JNZ 0x00101328
Raw succs  : ['0x101328', '0x101308']
Norm succs : None
HF block   : None
CFG edges  : []
STATUS     : no_hf_block
NOTE       : No PAL/HighFunction block mapped to this address.
Raw instructions:
   0x101284  CALL 0x001010a0
   0x101289  LEA RAX,[0x1020e8]
   0x101290  MOV RDI,RAX
   0x101293  CALL 0x001010a0
   0x101298  LEA RAX,[0x102140]
   0x10129f  MOV RDI,RAX
   0x1012a2  CALL 0x001010a0
   0x1012a7  LEA RAX,[0x102198]
   0x1012ae  MOV RDI,RAX
   0x1012b1  CALL 0x001010a0
   0x1012b6  LEA RAX,[0x1021e0]
   0x1012bd  MOV RDI,RAX
   0x1012c0  MOV EAX,0x0
   0x1012c5  CALL 0x001010c0
   0x1012ca  MOV RDX,qword ptr [0x00104010]
   0x1012d1  LEA RAX,[RBP + -0x50]
   0x1012d5  MOV ESI,0x40
   0x1012da  MOV RDI,RAX
   0x1012dd  CALL 0x001010e0
   0x1012e2  LEA RAX,[RBP + -0x50]
   0x1012e6  MOV RDI,RAX
   0x1012e9  CALL 0x001011e9
   0x1012ee  LEA RAX,[RBP + -0x50]
   0x1012f2  LEA RDX,[0x10220a]
   0x1012f9  MOV RSI,RDX
   0x1012fc  MOV RDI,RAX
   0x1012ff  CALL 0x001010f0
   0x101304  TEST EAX,EAX
   0x101306  JNZ 0x00101328
Terminal raw p-code:
    (unique, 0x24f00, 1) BOOL_NEGATE (register, 0x206, 1)
     ---  CBRANCH (ram, 0x101328, 8) , (unique, 0x24f00, 1)
HF/PAL ops :

--- 0x10127f ---
Raw block  : 0x10127f -> next 0x105050
Instr count: 0
Terminal   : None None
Raw succs  : []
Norm succs : None
HF block   : None
CFG edges  : []
STATUS     : no_hf_block
NOTE       : No PAL/HighFunction block mapped to this address.
Raw instructions:
Terminal raw p-code:
HF/PAL ops :

========================================================================

===== PAL COMPUTE ANALYZER =====
{'kind': 'pal_compute_inventory_v22',
 'version': 'v23b_abi_thunk_compatibility_return_reconciliation',
 'runtime_representation': 'raw_unsigned_bitvector_at_ssa_boundaries',
 'operations': 0,
 'output_plans': 0,
 'control_contracts': 1,
 'c_compute_filtered': 0,
 'use_site_overrides': 0,
 'return_observation_view_mismatches': 0,
 'storage_custody_related_ops': 0,
 'indirect_custody_contracts': 0,
 'indirect_custody_resolved': 0,
 'indirect_custody_deferred': 0,
 'indirect_effect_owner_compute_ops': 0,
 'storage_family_bindings': 0,
 'function_entry_abi_plan': True,
 'call_site_abi_plans': 0,
 'internal_call_plan_failures': 0,
 'unsupported_implicit_inputs': 0,
 'abi_runtime_helper_assignments': 0,
 'no_return_calls': 0,
 'reachable_return_boundaries': 1,
 'unreachable_return_boundaries': 0,
 'synthetic_no_return_continuations_suppressed': 0,
 'statuses': {},
 'categories': {},
 'helpers': {},
 'opcodes': {},
 'warnings': 0}

[WARNINGS]
[]

[METADATA-ONLY COMPUTE BOUNDARIES]

[HELPER-REQUIRED CONTRACTS]

[INDIRECT STORAGE-CUSTODY CONTRACTS]

[INDIRECT CUSTODY INVENTORY]
{'kind': 'pal_compute_indirect_custody_inventory_v22d',
 'version': 'v23b_abi_thunk_compatibility_return_reconciliation',
 'resolver_transitions': 0,
 'compute_indirect_contracts': 0,
 'resolved_custody': 0,
 'deferred_custody': 0,
 'effect_owner_compute_bindings': 0,
 'effect_owner_compute_ops': 0,
 'owner_categories': {},
 'storage_families': 0,
 'storage_sid_bindings': 0,
 'address_escape_barrier_sids': 0,
 'parameter_storage_initializers': 0,
 'runtime_helpers': 0,
 'warnings': 0,
 'rule': 'INDIRECT_is_metadata_only_owner_bound_storage_transition'}

[ABI-D ENTRY/CALL PLAN INVENTORY]
{'kind': 'pal_compute_abi_plan_inventory_v23',
 'version': 'v23b_abi_thunk_compatibility_return_reconciliation',
 'function': '__cxa_finalize',
 'entry_plan_present': True,
 'entry_plan_status': 'ready',
 'fixed_arguments': 0,
 'implicit_inputs': 0,
 'implicit_inputs_unsupported': 0,
 'call_compute_contracts': 0,
 'call_site_plans': 0,
 'call_sites_without_plan': 0,
 'call_statuses': {},
 'dispatch_classes': {},
 'internal_calls': 0,
 'internal_calls_with_target_compatible_plan': 0,
 'internal_calls_without_target_compatible_plan': 0,
 'internal_calls_with_deferred_target_compatibility': 0,
 'internal_calls_with_incompatible_target': 0,
 'internal_calls_without_transport_plan': 0,
 'external_calls': 0,
 'thunk_calls': 0,
 'external_via_thunk_calls': 0,
 'thunk_endpoint_deferred_calls': 0,
 'thunk_calls_misclassified_internal': 0,
 'target_compatibility_overclaims': 0,
 'no_return_calls': 0,
 'result_carrier_contracts': 0,
 'abi_runtime_helper_assignments': 0,
 'warnings': 0,
 'acceptance_gates': {'every_emitted_function_has_entry_plan': True,
                      'every_call_has_call_site_plan': True,
                      'every_internal_call_has_target_compatible_plan': True,
                      'every_internal_call_has_carrier_transport_plan': True,
                      'no_resolved_thunk_misclassified_internal': True,
                      'no_target_compatibility_overclaim': True,
                      'no_implicit_input_is_unsupported': True,
                      'no_runtime_helper_assigned_by_ABI_guesswork': True},
 'return_boundary_reconciliation': {'kind': 'pal_compute_return_boundary_reconciliation_v23b',
                                    'version': 'v23b_abi_thunk_compatibility_return_reconciliation',
                                    'function': '__cxa_finalize',
                                    'entry_block_addr': 1069136,
                                    'cfg_evidence_available': True,
                                    'no_return_terminating_blocks': [],
                                    'no_return_call_op_keys': [],
                                    'return_boundaries': 1,
                                    'reachable_return_boundaries': 1,
                                    'unreachable_return_boundaries': 0,
                                    'deferred_return_boundaries': 0,
                                    'reachable_return_widths': [32],
                                    'width_reconciled': True,
                                    'synthetic_no_return_continuations_suppressed': 0,
                                    'rule': 'traverse_CFG_with_no_return_blocks_as_terminal_then_reconcile_reachable_raw_return_transports_only'},
 'rule': 'ABI_A_B_C_authority_only_thunk_endpoint_and_compatibility_tri_state_no_downstream_argument_reinference'}

[FUNCTION ENTRY ABI PLAN]
{'plan_id': 'function_entry:1069136',
 'status': 'ready',
 'callable_signature_status': 'legacy_non_variadic_fallback',
 'fixed_argument_count': 0,
 'implicit_input_count': 0,
 'variadic_register_save_area': {'required': False,
                                 'status': 'not_required',
                                 'slots': [],
                                 'gp_slots': [],
                                 'sse_slots': [],
                                 'fixed_variadic_partition_status': 'deferred_to_entry_protocol_analysis',
                                 'source': 'abi_context.registers',
                                 'authority': 'ABI_C_carriers_plus_variadic_contract'},
 'overflow_argument_area': {'required': False,
                            'status': 'not_required',
                            'source': 'abi_context.overflow_argument_area',
                            'observed_stack_carriers': [],
                            'materialization': 'consume_preclassified_overflow_slots',
                            'offset_inference_allowed': False,
                            'authority': 'ABI_C_stack_carriers_or_variadic_protocol'},
 'variadic_al': {'required': False,
                 'status': 'not_required',
                 'source': 'abi_context.variadic_xmm_count',
                 'inputs': [],
                 'default_allowed': False,
                 'authority': 'ABI_C_variadic_xmm_count_contract'},
 'frame_base': {'required': False,
                'status': 'not_observed',
                'source': 'abi_context.frame_base',
                'inputs': [],
                'derive_from_parameter_names': False,
                'authority': 'ABI_C_frame_state_custody'},
 'tls_base': {'required': False,
              'status': 'not_observed',
              'source': 'abi_context.tls_base',
              'inputs': [],
              'derive_from_expression_names': False,
              'authority': 'ABI_C_tls_state_custody'},
 'return_contract': {'kind': 'pal_compute_return_carrier_contract_abi_d',
                     'version': 'v23b_abi_thunk_compatibility_return_reconciliation',
                     'status': 'return_width_proven_carrier_deferred',
                     'no_return': False,
                     'output_sid': None,
                     'output_width_bits': None,
                     'declared_width_bits': None,
                     'effective_result_width_bits': 32,
                     'declared_return': {'name': 'undefined',
                                         'display_name': 'undefined',
                                         'class_name': 'DefaultDataType',
                                         'length_bytes': 1,
                                         'width_bits': 8,
                                         'signed': None,
                                         'kind_hint': None},
                     'return_storage': {'repr': '<UNASSIGNED>',
                                        'size_bytes': 0,
                                        'flags': {'register': False,
                                                  'stack': False,
                                                  'memory': False,
                                                  'unassigned': True,
                                                  'void': False,
                                                  'auto': False},
                                        'pieces': [],
                                        'storage_keys': []},
                     'carrier_pieces': [],
                     'normalization': {'mode': 'mask_to_output_width',
                                       'width_bits': 32,
                                       'mask': 4294967295},
                     'runtime_helper': None,
                     'runtime_helper_authority': 'no_ABI_runtime_helper_assigned',
                     'authority': 'reachable_raw_return_transport',
                     'reported_declared_width_bits': 8,
                     'declared_width_authoritative': False,
                     'declared_return_evidence_status': 'non_authoritative_default_or_unresolved_prototype',
                     'transport_width_bits': 32,
                     'logical_result_width_bits': 32,
                     'reachable_return_widths': [32],
                     'reachable_return_boundary_count': 1,
                     'unreachable_return_boundary_count': 0,
                     'deferred_return_boundary_count': 0},
 'reachable_return_boundaries': [{'block_addr': 1069136,
                                  'return_value_sid': 'c_1_4',
                                  'return_value_width_bits': 32,
                                  'return_transport_width_bits': 32,
                                  'return_logical_width_bits': 32,
                                  'return_declared_view': None,
                                  'return_boundary_authority': 'raw_return_register_transport',
                                  'return_reachability': 'reachable',
                                  'reachable_return': True,
                                  'execution_suppressed': False,
                                  'emission_policy': 'emit_reachable_return_boundary',
                                  'cut_by_no_return_blocks': [],
                                  'cut_by_no_return_call_op_keys': []}],
 'unreachable_return_boundaries': []}

[RETURN BOUNDARY RECONCILIATION]
{'kind': 'pal_compute_return_boundary_reconciliation_v23b',
 'version': 'v23b_abi_thunk_compatibility_return_reconciliation',
 'function': '__cxa_finalize',
 'entry_block_addr': 1069136,
 'cfg_evidence_available': True,
 'no_return_terminating_blocks': [],
 'no_return_call_op_keys': [],
 'return_boundaries': 1,
 'reachable_return_boundaries': 1,
 'unreachable_return_boundaries': 0,
 'deferred_return_boundaries': 0,
 'reachable_return_widths': [32],
 'width_reconciled': True,
 'synthetic_no_return_continuations_suppressed': 0,
 'rule': 'traverse_CFG_with_no_return_blocks_as_terminal_then_reconcile_reachable_raw_return_transports_only'}

[CALL SITE ABI PLANS]
===== END PAL COMPUTE ANALYZER =====


=========== SGL EXECUTION TREE ===========

sequence
  sequence
    block [0x105050]

=========== END TREE ===========

[SGL EXEC TREE PERSISTED] path=/home/rem/gh/PAL/pyghidra-PAL/PAL/PAL_logs/f_0000000000105050_cxa_finalize.sgl.exec_tree.log mode=append temporary=False delete_on_completion=False

[PHI DROP-INS]
------------------------------------------------------------
------------------------------------------------------------
{'kind': 'phi_compute_consumer_inactive_v21',
 'reason': 'PALCompute_metadata_not_present',
 'version': 'v21_compute_contract_consumers'}
[]
