
===== CFG DEBUG =====

[EDGES]
0x10200a -> 0x102040  true raw=true role=raw_true_explicit_target pol=target inv=False edge=cfg-edge-v1:0x10200a->0x102040 direct_join=False
0x10200a -> 0x102025  false raw=false role=raw_false_fallthrough pol=target inv=True edge=cfg-edge-v1:0x10200a->0x102025 direct_join=False
0x102025 -> 0x1021ce  uncond raw=uncond role=uncond pol=unknown inv=None edge=cfg-edge-v1:0x102025->0x1021ce direct_join=False
0x102040 -> 0x102066  true raw=true role=raw_true_explicit_target pol=fallthrough inv=True edge=cfg-edge-v1:0x102040->0x102066 direct_join=False
0x102040 -> 0x10204b  false raw=false role=raw_false_fallthrough pol=fallthrough inv=False edge=cfg-edge-v1:0x102040->0x10204b direct_join=False
0x10204b -> 0x1021ce  uncond raw=uncond role=uncond pol=unknown inv=None edge=cfg-edge-v1:0x10204b->0x1021ce direct_join=False
0x102066 -> 0x10207d  true raw=true role=raw_true_explicit_target pol=fallthrough inv=True edge=cfg-edge-v1:0x102066->0x10207d direct_join=False
0x102066 -> 0x102071  false raw=false role=raw_false_fallthrough pol=fallthrough inv=False edge=cfg-edge-v1:0x102066->0x102071 direct_join=False
0x102071 -> 0x102098  true raw=true role=raw_true_explicit_target pol=fallthrough inv=True edge=cfg-edge-v1:0x102071->0x102098 direct_join=False
0x102071 -> 0x10207d  false raw=false role=raw_false_fallthrough pol=fallthrough inv=False edge=cfg-edge-v1:0x102071->0x10207d direct_join=False
0x10207d -> 0x1021ce  uncond raw=uncond role=uncond pol=unknown inv=None edge=cfg-edge-v1:0x10207d->0x1021ce direct_join=False
0x102098 -> 0x1021a3  uncond raw=uncond role=uncond pol=unknown inv=None edge=cfg-edge-v1:0x102098->0x1021a3 direct_join=False
0x1020a4 -> 0x1020e8  true raw=true role=raw_true_explicit_target pol=target inv=False edge=cfg-edge-v1:0x1020a4->0x1020e8 direct_join=False
0x1020a4 -> 0x1020e2  false raw=false role=raw_false_fallthrough pol=target inv=True edge=cfg-edge-v1:0x1020a4->0x1020e2 direct_join=False
0x1020e2 -> 0x1020ec  uncond raw=uncond role=uncond pol=unknown inv=None edge=cfg-edge-v1:0x1020e2->0x1020ec direct_join=False
0x1020e8 -> 0x1020ec  uncond raw=uncond role=uncond pol=unknown inv=None edge=cfg-edge-v1:0x1020e8->0x1020ec direct_join=False
0x1020ec -> 0x10219f  true raw=true role=raw_true_explicit_target pol=fallthrough inv=True edge=cfg-edge-v1:0x1020ec->0x10219f direct_join=False
0x1020ec -> 0x102178  false raw=false role=raw_false_fallthrough pol=fallthrough inv=False edge=cfg-edge-v1:0x1020ec->0x102178 direct_join=False
0x102178 -> EXIT  uncond raw=uncond role=uncond pol=unknown inv=None edge=cfg-edge-v1:0x102178->EXIT direct_join=False
0x10219f -> 0x1021a3  backedge raw=uncond role=latch_to_header pol=unknown inv=None edge=cfg-edge-v1:0x10219f->0x1021a3 direct_join=False
0x1021a3 -> 0x1020a4  true raw=true role=raw_true_explicit_target pol=target inv=False edge=cfg-edge-v1:0x1021a3->0x1020a4 direct_join=False
0x1021a3 -> 0x1021b3  false raw=false role=raw_false_fallthrough pol=target inv=True edge=cfg-edge-v1:0x1021a3->0x1021b3 direct_join=False
0x1021b3 -> 0x1021ce  true raw=true role=raw_true_explicit_target pol=fallthrough inv=True edge=cfg-edge-v1:0x1021b3->0x1021ce direct_join=True
0x1021b3 -> 0x1021bf  false raw=false role=raw_false_fallthrough pol=fallthrough inv=False edge=cfg-edge-v1:0x1021b3->0x1021bf direct_join=False
0x1021bf -> 0x1021ce  uncond raw=uncond role=uncond pol=unknown inv=None edge=cfg-edge-v1:0x1021bf->0x1021ce direct_join=False
0x1021ce -> EXIT  uncond raw=uncond role=uncond pol=unknown inv=None edge=cfg-edge-v1:0x1021ce->EXIT direct_join=False

[BRANCH RESOLUTION EVENTS]
{'kind': 'binary_branch_truth_bound_by_evidence_class_v21d', 'src': 1056778, 'first_dst': 1056832, 'second_dst': 1056805, 'hf_target': 1056832, 'hf_normalized_target': 1056832, 'direct_dst': 1056832, 'first_invert': False, 'second_invert': True, 'condition_truth_authority': 'raw_jcc_hf_relation_direct_flags', 'reason': 'branch_truth_evidence_v21d hf_target=0x102040 raw_target=0x102040 raw_fallthrough=0x102025 legacy_hint=(mnemonic=JZ hf_cond_opcode=INT_EQUAL) class=direct_flags', 'relation_evidence': {'version': 'ordered_relation_algebra_v23e', 'status': 'unresolved', 'mnemonic': 'JZ', 'raw_relation': None, 'raw_domain': None, 'hf_opcode': 'INT_EQUAL', 'hf_relation': None, 'hf_domain': None, 'operand_profile': {'status': 'unresolved', 'reason': 'constant_threshold_requires_exact_value_custody', 'operand_count': 2, 'left_sid': 'v_60', 'right_sid': 'c_2_4', 'left_identity': ('high', 'high_rep:60'), 'right_identity': ('constant', 32, 2), 'left_width_bits': 32, 'right_width_bits': 32, 'left_constant': False, 'right_constant': True}, 'operand_orientation': None, 'relation_to_hf': None, 'invert_for_target': None, 'invert_for_fallthrough': None, 'reason': 'ordered_relation_family_not_applicable', 'legacy_hint_resolved': True, 'selected_as_authority': False}, 'boolean_carrier_evidence': {'status': 'proven_boolean', 'reason': 'comparison_result_is_boolean', 'root_opcode': 'INT_EQUAL', 'contains_multiequal': False, 'depth': 0}}
{'kind': 'binary_branch_truth_bound_by_evidence_class_v21d', 'src': 1056832, 'first_dst': 1056870, 'second_dst': 1056843, 'hf_target': 1056870, 'hf_normalized_target': 1056870, 'direct_dst': 1056843, 'first_invert': True, 'second_invert': False, 'condition_truth_authority': 'raw_jcc_hf_relation_direct_flags', 'reason': 'branch_truth_evidence_v21d hf_target=0x102066 raw_target=0x102066 raw_fallthrough=0x10204b legacy_hint=(mnemonic=JNZ hf_cond_opcode=INT_EQUAL) class=direct_flags', 'relation_evidence': {'version': 'ordered_relation_algebra_v23e', 'status': 'unresolved', 'mnemonic': 'JNZ', 'raw_relation': None, 'raw_domain': None, 'hf_opcode': 'INT_EQUAL', 'hf_relation': None, 'hf_domain': None, 'operand_profile': {'status': 'unresolved', 'reason': 'constant_threshold_requires_exact_value_custody', 'operand_count': 2, 'left_sid': 'v_146', 'right_sid': 'c_0_4', 'left_identity': ('high', 'high_rep:146'), 'right_identity': ('constant', 32, 0), 'left_width_bits': 32, 'right_width_bits': 32, 'left_constant': False, 'right_constant': True}, 'operand_orientation': None, 'relation_to_hf': None, 'invert_for_target': None, 'invert_for_fallthrough': None, 'reason': 'ordered_relation_family_not_applicable', 'legacy_hint_resolved': True, 'selected_as_authority': False}, 'boolean_carrier_evidence': {'status': 'proven_boolean', 'reason': 'comparison_result_is_boolean', 'root_opcode': 'INT_EQUAL', 'contains_multiequal': False, 'depth': 0}}
{'kind': 'binary_branch_truth_bound_by_evidence_class_v21d', 'src': 1056870, 'first_dst': 1056893, 'second_dst': 1056881, 'hf_target': 1056893, 'hf_normalized_target': 1056893, 'direct_dst': 1056881, 'first_invert': True, 'second_invert': False, 'condition_truth_authority': 'raw_jcc_hf_relation_direct_flags', 'reason': 'branch_truth_evidence_v21d hf_target=0x10207d raw_target=0x10207d raw_fallthrough=0x102071 legacy_hint=(mnemonic=JLE hf_cond_opcode=INT_SLESS) class=direct_flags', 'relation_evidence': {'version': 'ordered_relation_algebra_v23e', 'status': 'unresolved', 'mnemonic': 'JLE', 'raw_relation': 'LE', 'raw_domain': 'signed', 'hf_opcode': 'INT_SLESS', 'hf_relation': 'LT', 'hf_domain': 'signed', 'operand_profile': {'status': 'unresolved', 'reason': 'constant_threshold_requires_exact_value_custody', 'operand_count': 2, 'left_sid': 'v_215', 'right_sid': 'c_1_4', 'left_identity': ('high', 'high_rep:215'), 'right_identity': ('constant', 32, 1), 'left_width_bits': 32, 'right_width_bits': 32, 'left_constant': False, 'right_constant': True}, 'operand_orientation': None, 'relation_to_hf': None, 'invert_for_target': None, 'invert_for_fallthrough': None, 'reason': 'constant_threshold_requires_exact_value_custody', 'legacy_hint_resolved': True, 'selected_as_authority': False}, 'boolean_carrier_evidence': {'status': 'proven_boolean', 'reason': 'comparison_result_is_boolean', 'root_opcode': 'INT_SLESS', 'contains_multiequal': False, 'depth': 0}}
{'kind': 'binary_branch_truth_bound_by_evidence_class_v21d', 'src': 1056881, 'first_dst': 1056920, 'second_dst': 1056893, 'hf_target': 1056920, 'hf_normalized_target': 1056920, 'direct_dst': 1056893, 'first_invert': True, 'second_invert': False, 'condition_truth_authority': 'raw_jcc_hf_relation_direct_flags', 'reason': 'branch_truth_evidence_v21d hf_target=0x102098 raw_target=0x102098 raw_fallthrough=0x10207d legacy_hint=(mnemonic=JLE hf_cond_opcode=INT_SLESS) class=direct_flags', 'relation_evidence': {'version': 'ordered_relation_algebra_v23e', 'status': 'unresolved', 'mnemonic': 'JLE', 'raw_relation': 'LE', 'raw_domain': 'signed', 'hf_opcode': 'INT_SLESS', 'hf_relation': 'LT', 'hf_domain': 'signed', 'operand_profile': {'status': 'unresolved', 'reason': 'constant_threshold_requires_exact_value_custody', 'operand_count': 2, 'left_sid': 'c_8_4', 'right_sid': 'v_265', 'left_identity': ('constant', 32, 8), 'right_identity': ('high', 'high_rep:265'), 'left_width_bits': 32, 'right_width_bits': 32, 'left_constant': True, 'right_constant': False}, 'operand_orientation': None, 'relation_to_hf': None, 'invert_for_target': None, 'invert_for_fallthrough': None, 'reason': 'constant_threshold_requires_exact_value_custody', 'legacy_hint_resolved': True, 'selected_as_authority': False}, 'boolean_carrier_evidence': {'status': 'proven_boolean', 'reason': 'comparison_result_is_boolean', 'root_opcode': 'INT_SLESS', 'contains_multiequal': False, 'depth': 0}}
{'kind': 'binary_branch_truth_bound_by_evidence_class_v21d', 'src': 1057187, 'first_dst': 1056932, 'second_dst': 1057203, 'hf_target': 1056932, 'hf_normalized_target': 1056932, 'direct_dst': 1056932, 'first_invert': False, 'second_invert': True, 'condition_truth_authority': 'raw_jcc_hf_relation_direct_flags', 'reason': 'branch_truth_evidence_v21d hf_target=0x1020a4 raw_target=0x1020a4 raw_fallthrough=0x1021b3 legacy_hint=(mnemonic=JLE hf_cond_opcode=INT_SLESSEQUAL) class=direct_flags', 'relation_evidence': {'version': 'ordered_relation_algebra_v23e', 'status': 'resolved', 'mnemonic': 'JLE', 'raw_relation': 'LE', 'raw_domain': 'signed', 'hf_opcode': 'INT_SLESSEQUAL', 'hf_relation': 'LE', 'hf_domain': 'signed', 'operand_profile': {'status': 'proven_runtime_pair', 'reason': 'two_distinct_nonconstant_equal_width_hf_operands', 'operand_count': 2, 'left_sid': 'v_3930', 'right_sid': 'v_351', 'left_identity': ('high', 'high_rep:3930'), 'right_identity': ('high', 'high_rep:351'), 'left_width_bits': 32, 'right_width_bits': 32, 'left_constant': False, 'right_constant': False}, 'operand_orientation': 'same', 'relation_to_hf': 'direct', 'invert_for_target': False, 'invert_for_fallthrough': True, 'reason': 'raw_signed_LE_equals_direct_hf_same_LE', 'legacy_hint_resolved': True, 'selected_as_authority': False}, 'boolean_carrier_evidence': {'status': 'proven_boolean', 'reason': 'comparison_result_is_boolean', 'root_opcode': 'INT_SLESSEQUAL', 'contains_multiequal': False, 'depth': 0}}
{'kind': 'binary_branch_truth_bound_by_evidence_class_v21d', 'src': 1056932, 'first_dst': 1057000, 'second_dst': 1056994, 'hf_target': 1057000, 'hf_normalized_target': 1057000, 'direct_dst': 1057000, 'first_invert': False, 'second_invert': True, 'condition_truth_authority': 'raw_jcc_hf_relation_direct_flags', 'reason': 'branch_truth_evidence_v21d hf_target=0x1020e8 raw_target=0x1020e8 raw_fallthrough=0x1020e2 legacy_hint=(mnemonic=JZ hf_cond_opcode=INT_EQUAL) class=direct_flags', 'relation_evidence': {'version': 'ordered_relation_algebra_v23e', 'status': 'unresolved', 'mnemonic': 'JZ', 'raw_relation': None, 'raw_domain': None, 'hf_opcode': 'INT_EQUAL', 'hf_relation': None, 'hf_domain': None, 'operand_profile': {'status': 'unresolved', 'reason': 'constant_threshold_requires_exact_value_custody', 'operand_count': 2, 'left_sid': 'v_831', 'right_sid': 'c_0_4', 'left_identity': ('high', 'high_rep:831'), 'right_identity': ('constant', 32, 0), 'left_width_bits': 32, 'right_width_bits': 32, 'left_constant': False, 'right_constant': True}, 'operand_orientation': None, 'relation_to_hf': None, 'invert_for_target': None, 'invert_for_fallthrough': None, 'reason': 'ordered_relation_family_not_applicable', 'legacy_hint_resolved': True, 'selected_as_authority': False}, 'boolean_carrier_evidence': {'status': 'proven_boolean', 'reason': 'comparison_result_is_boolean', 'root_opcode': 'INT_EQUAL', 'contains_multiequal': False, 'depth': 0}}
{'kind': 'binary_branch_truth_bound_by_evidence_class_v21d', 'src': 1057004, 'first_dst': 1057183, 'second_dst': 1057144, 'hf_target': 1057183, 'hf_normalized_target': 1057183, 'direct_dst': 1057144, 'first_invert': True, 'second_invert': False, 'condition_truth_authority': 'raw_jcc_hf_relation_direct_flags', 'reason': 'branch_truth_evidence_v21d hf_target=0x10219f raw_target=0x10219f raw_fallthrough=0x102178 legacy_hint=(mnemonic=JLE hf_cond_opcode=INT_SLESS) class=direct_flags', 'relation_evidence': {'version': 'ordered_relation_algebra_v23e', 'status': 'unresolved', 'mnemonic': 'JLE', 'raw_relation': 'LE', 'raw_domain': 'signed', 'hf_opcode': 'INT_SLESS', 'hf_relation': 'LT', 'hf_domain': 'signed', 'operand_profile': {'status': 'unresolved', 'reason': 'constant_threshold_requires_exact_value_custody', 'operand_count': 2, 'left_sid': 'c_149_4', 'right_sid': 'v_1253', 'left_identity': ('constant', 32, 149), 'right_identity': ('high', 'high_rep:1253'), 'left_width_bits': 32, 'right_width_bits': 32, 'left_constant': True, 'right_constant': False}, 'operand_orientation': None, 'relation_to_hf': None, 'invert_for_target': None, 'invert_for_fallthrough': None, 'reason': 'constant_threshold_requires_exact_value_custody', 'legacy_hint_resolved': True, 'selected_as_authority': False}, 'boolean_carrier_evidence': {'status': 'proven_boolean', 'reason': 'comparison_result_is_boolean', 'root_opcode': 'INT_SLESS', 'contains_multiequal': False, 'depth': 0}}
{'kind': 'binary_branch_truth_bound_by_evidence_class_v21d', 'src': 1057203, 'first_dst': 1057230, 'second_dst': 1057215, 'hf_target': 1057230, 'hf_normalized_target': 1057230, 'direct_dst': 1057215, 'first_invert': True, 'second_invert': False, 'condition_truth_authority': 'raw_jcc_hf_relation_direct_flags', 'reason': 'branch_truth_evidence_v21d hf_target=0x1021ce raw_target=0x1021ce raw_fallthrough=0x1021bf legacy_hint=(mnemonic=JLE hf_cond_opcode=INT_SLESS) class=direct_flags', 'relation_evidence': {'version': 'ordered_relation_algebra_v23e', 'status': 'unresolved', 'mnemonic': 'JLE', 'raw_relation': 'LE', 'raw_domain': 'signed', 'hf_opcode': 'INT_SLESS', 'hf_relation': 'LT', 'hf_domain': 'signed', 'operand_profile': {'status': 'unresolved', 'reason': 'constant_threshold_requires_exact_value_custody', 'operand_count': 2, 'left_sid': 'c_80_4', 'right_sid': 'v_411', 'left_identity': ('constant', 32, 80), 'right_identity': ('high', 'high_rep:411'), 'left_width_bits': 32, 'right_width_bits': 32, 'left_constant': True, 'right_constant': False}, 'operand_orientation': None, 'relation_to_hf': None, 'invert_for_target': None, 'invert_for_fallthrough': None, 'reason': 'constant_threshold_requires_exact_value_custody', 'legacy_hint_resolved': True, 'selected_as_authority': False}, 'boolean_carrier_evidence': {'status': 'proven_boolean', 'reason': 'comparison_result_is_boolean', 'root_opcode': 'INT_SLESS', 'contains_multiequal': False, 'depth': 0}}

[EDGE IDENTITY v23 / BOHDI EMPEROR]
{'kind': 'cfg_edge_identity_inventory_v23', 'version': 'FunctionCFG_v23e_clothed_emperor_cfg_truth', 'id_schema': 'cfg_edge_identity_v1', 'canonical_identity': '(src_addr,dst_addr)', 'edges': 26, 'unique_edge_keys': 26, 'binary_cbranch_edges': 16, 'direct_join_edges': 1, 'direct_join_branch_arm_edges': 1, 'direct_join_loop_exit_edges': 0, 'direct_join_empty_arm_candidates': 1, 'warnings': 0, 'topology_mutations': 0, 'polarity_mutations': 0, 'rule': 'freeze_repaired_CFG_edge_identity_then_mark_exact_binary_CBRANCH_edge_to_IPDOM'}
{'edge_id': [1057203, 1057230], 'edge_key': 'cfg-edge-v1:0x1021b3->0x1021ce', 'branch_owner_addr': 1057203, 'join_addr': 1057230, 'branch_role': 'true', 'authority': 'FunctionCFG_repaired_topology_plus_IPDOM_v23'}

[IPDOM]
0x10200a -> ipdom: EXIT
0x102025 -> ipdom: 0x1021ce
0x102040 -> ipdom: EXIT
0x10204b -> ipdom: 0x1021ce
0x102066 -> ipdom: EXIT
0x102071 -> ipdom: EXIT
0x10207d -> ipdom: 0x1021ce
0x102098 -> ipdom: 0x1021a3
0x1020a4 -> ipdom: 0x1020ec
0x1020e2 -> ipdom: 0x1020ec
0x1020e8 -> ipdom: 0x1020ec
0x1020ec -> ipdom: EXIT
0x102178 -> ipdom: EXIT
0x10219f -> ipdom: 0x1021a3
0x1021a3 -> ipdom: EXIT
0x1021b3 -> ipdom: 0x1021ce
0x1021bf -> ipdom: 0x1021ce
0x1021ce -> ipdom: EXIT

[BACKEDGES]
0x10219f -> 0x1021a3

=====================

===== PAL RESOLVER INDIRECT STORAGE v22c =====

[INVENTORY]
{'active': False,
 'address_tied_families': 0,
 'custody_transitions': 0,
 'effect_owner_groups': 0,
 'escape_barrier_sids': 0,
 'input_contracts': 0,
 'kind': 'resolver_indirect_storage_inventory_v22c',
 'machine_state_families': 0,
 'machine_state_sids': 0,
 'owner_categories': {},
 'parameter_initializers': 0,
 'persistent_families': 0,
 'rule': 'HighVariable_identity_families_plus_address_escape_alias_barrier',
 'runtime_order': 'CFG_governed_not_linearized',
 'storage_families': 0,
 'version': 'v22c_indirect_storage_families',
 'warnings': 0}

[STORAGE FAMILIES]

[PARAMETER INITIALIZERS / STORAGE WRITES]
[]

[WARNINGS]
[]
===== END PAL RESOLVER INDIRECT STORAGE =====

========================================================================
PALRAW AUDIT v0.3 :: raw instruction BLOCK p-code vs HF/PAL CFG
========================================================================

--- 0x10127f ---
Raw block  : 0x10127f -> next 0x10200a
Instr count: 0
Terminal   : None None
Raw succs  : []
Norm succs : None
HF block   : None
CFG edges  : []
STATUS     : no_hf_block
NOTE       : No PAL/HighFunction block mapped to this address.
Raw instructions:
Terminal raw p-code:
HF/PAL ops :

--- 0x1011b6 ---
Raw block  : 0x1011b6 -> next 0x10200a
Instr count: 0
Terminal   : None None
Raw succs  : []
Norm succs : None
HF block   : None
CFG edges  : []
STATUS     : no_hf_block
NOTE       : No PAL/HighFunction block mapped to this address.
Raw instructions:
Terminal raw p-code:
HF/PAL ops :

--- 0x101219 ---
Raw block  : 0x101219 -> next 0x10200a
Instr count: 2
Terminal   : 0x101220 JMP 0x00101232
Raw succs  : ['0x101232']
Norm succs : None
HF block   : None
CFG edges  : []
STATUS     : no_hf_block
NOTE       : No PAL/HighFunction block mapped to this address.
Raw instructions:
   0x101219  LEA RAX,[0x103021]
   0x101220  JMP 0x00101232
Terminal raw p-code:
     ---  BRANCH (ram, 0x101232, 8)
HF/PAL ops :

--- 0x10120f ---
Raw block  : 0x10120f -> next 0x10200a
Instr count: 0
Terminal   : None None
Raw succs  : []
Norm succs : None
HF block   : None
CFG edges  : []
STATUS     : no_hf_block
NOTE       : No PAL/HighFunction block mapped to this address.
Raw instructions:
Terminal raw p-code:
HF/PAL ops :

--- 0x101221 ---
Raw block  : 0x101221 -> next 0x10200a
Instr count: 0
Terminal   : None None
Raw succs  : []
Norm succs : None
HF block   : None
CFG edges  : []
STATUS     : no_hf_block
NOTE       : No PAL/HighFunction block mapped to this address.
Raw instructions:
Terminal raw p-code:
HF/PAL ops :

--- 0x101284 ---
Raw block  : 0x101284 -> next 0x10200a
Instr count: 0
Terminal   : None None
Raw succs  : []
Norm succs : None
HF block   : None
CFG edges  : []
STATUS     : no_hf_block
NOTE       : No PAL/HighFunction block mapped to this address.
Raw instructions:
Terminal raw p-code:
HF/PAL ops :

--- 0x10127f ---
Raw block  : 0x10127f -> next 0x10200a
Instr count: 0
Terminal   : None None
Raw succs  : []
Norm succs : None
HF block   : None
CFG edges  : []
STATUS     : no_hf_block
NOTE       : No PAL/HighFunction block mapped to this address.
Raw instructions:
Terminal raw p-code:
HF/PAL ops :

========================================================================

===== PAL COMPUTE ANALYZER =====
{'kind': 'pal_compute_inventory_v22',
 'version': 'v23b_abi_thunk_compatibility_return_reconciliation',
 'runtime_representation': 'raw_unsigned_bitvector_at_ssa_boundaries',
 'operations': 94,
 'output_plans': 82,
 'control_contracts': 15,
 'c_compute_filtered': 87,
 'use_site_overrides': 1,
 'return_observation_view_mismatches': 0,
 'storage_custody_related_ops': 0,
 'indirect_custody_contracts': 0,
 'indirect_custody_resolved': 0,
 'indirect_custody_deferred': 0,
 'indirect_effect_owner_compute_ops': 0,
 'storage_family_bindings': 0,
 'function_entry_abi_plan': True,
 'call_site_abi_plans': 8,
 'internal_call_plan_failures': 5,
 'unsupported_implicit_inputs': 0,
 'abi_runtime_helper_assignments': 0,
 'no_return_calls': 0,
 'reachable_return_boundaries': 2,
 'unreachable_return_boundaries': 0,
 'synthetic_no_return_continuations_suppressed': 0,
 'statuses': {'deferred_memory': 35,
              'helper_required': 31,
              'metadata_only': 20,
              'deferred_external': 8},
 'categories': {'memory': 21,
                'comparison': 8,
                'integer_arithmetic': 17,
                'conversion': 15,
                'transport': 7,
                'call_boundary': 8,
                'phi_merge': 3,
                'pointer_arithmetic': 14,
                'integer_bitwise': 1},
 'helpers': {'c_load': 17,
             'c_eq': 3,
             'c_add': 15,
             'c_slt': 4,
             'c_sle': 1,
             'c_ptradd': 14,
             'c_mul': 1,
             'c_sdiv': 1,
             'c_and': 1,
             'c_store': 4,
             'c_zext': 5},
 'opcodes': {'LOAD': 17,
             'INT_EQUAL': 3,
             'INT_ADD': 15,
             'CAST': 10,
             'INT_SLESS': 4,
             'COPY': 7,
             'CALL': 8,
             'MULTIEQUAL': 3,
             'INT_SLESSEQUAL': 1,
             'PTRADD': 14,
             'INT_MULT': 1,
             'INT_SDIV': 1,
             'INT_AND': 1,
             'STORE': 4,
             'INT_ZEXT': 5},
 'warnings': 0}

[WARNINGS]
[]

[METADATA-ONLY COMPUTE BOUNDARIES]
0x102040 CAST ['v_3926'] -> v_143 classification=same_width_explicit_recast
0x102066 CAST ['v_3927'] -> v_212 classification=same_width_explicit_recast
0x102071 CAST ['v_3928'] -> v_262 classification=same_width_explicit_recast
0x1021a3 MULTIEQUAL ['v_3528', 'v_1356'] -> v_3717 classification=None
0x1021a3 CAST ['v_3929'] -> v_348 classification=same_width_explicit_recast
0x1021a3 CAST ['v_3717'] -> v_3930 classification=same_width_explicit_recast
0x1020a4 CAST ['v_3717'] -> v_3931 classification=same_width_explicit_recast
0x1020ec MULTIEQUAL ['v_779', 'v_1406'] -> v_3797 classification=None
0x1020ec MULTIEQUAL ['v_897', 'v_539'] -> v_3760 classification=None
0x1020ec CAST ['v_1181'] -> v_3932 classification=same_width_explicit_recast
0x1020ec CAST ['v_3933'] -> v_1196 classification=same_width_explicit_recast
0x1020ec CAST ['v_1145'] -> v_3934 classification=same_width_explicit_recast
0x1020ec CAST ['v_1163'] -> v_3935 classification=same_width_explicit_recast

[HELPER-REQUIRED CONTRACTS]
0x10200a INT_EQUAL v_81 helper=c_eq widths=[32, 32]->8 overrides=0
0x102040 INT_ADD v_3926 helper=c_add widths=[64, 64]->64 overrides=0
0x102040 INT_EQUAL v_163 helper=c_eq widths=[32, 32]->8 overrides=0
0x102066 INT_ADD v_3927 helper=c_add widths=[64, 64]->64 overrides=0
0x102066 INT_SLESS v_249 helper=c_slt widths=[32, 32]->8 overrides=1
0x102071 INT_ADD v_3928 helper=c_add widths=[64, 64]->64 overrides=0
0x102071 INT_SLESS v_303 helper=c_slt widths=[32, 32]->8 overrides=0
0x1021a3 INT_ADD v_3929 helper=c_add widths=[64, 64]->64 overrides=0
0x1021a3 INT_SLESSEQUAL v_395 helper=c_sle widths=[32, 32]->8 overrides=0
0x1020a4 INT_ADD v_490 helper=c_add widths=[32, 32]->32 overrides=0
0x1020a4 INT_MULT v_3489 helper=c_mul widths=[32, 32]->32 overrides=0
0x1020a4 INT_ADD v_539 helper=c_add widths=[32, 32]->32 overrides=0
0x1020a4 INT_ADD v_3320 helper=c_add widths=[32, 32]->32 overrides=0
0x1020a4 INT_SDIV v_751 helper=c_sdiv widths=[32, 32]->32 overrides=0
0x1020a4 INT_ADD v_779 helper=c_add widths=[32, 32]->32 overrides=0
0x1020a4 INT_AND v_831 helper=c_and widths=[32, 32]->32 overrides=0
0x1020a4 INT_EQUAL v_863 helper=c_eq widths=[32, 32]->8 overrides=0
0x1020e8 INT_ADD v_1406 helper=c_add widths=[32, 32]->32 overrides=0
0x1020e2 INT_ADD v_897 helper=c_add widths=[32, 32]->32 overrides=0
0x1020ec INT_ADD v_964 helper=c_add widths=[32, 32]->32 overrides=0
0x1020ec INT_ADD v_1036 helper=c_add widths=[32, 32]->32 overrides=0
0x1020ec INT_ADD v_3366 helper=c_add widths=[32, 32]->32 overrides=0
0x1020ec INT_ZEXT v_2492 helper=c_zext widths=[32]->64 overrides=0
0x1020ec INT_ADD v_3933 helper=c_add widths=[64, 64]->64 overrides=0
0x1020ec INT_ZEXT v_2622 helper=c_zext widths=[32]->64 overrides=0
0x1020ec INT_ZEXT v_2826 helper=c_zext widths=[32]->64 overrides=0
0x1020ec INT_ZEXT v_2780 helper=c_zext widths=[32]->64 overrides=0
0x1020ec INT_ZEXT v_2687 helper=c_zext widths=[32]->64 overrides=0
0x1020ec INT_SLESS v_1289 helper=c_slt widths=[32, 32]->8 overrides=0
0x10219f INT_ADD v_1356 helper=c_add widths=[32, 32]->32 overrides=0
0x1021b3 INT_SLESS v_449 helper=c_slt widths=[32, 32]->8 overrides=0

[INDIRECT STORAGE-CUSTODY CONTRACTS]

[INDIRECT CUSTODY INVENTORY]
{'kind': 'pal_compute_indirect_custody_inventory_v22d',
 'version': 'v23b_abi_thunk_compatibility_return_reconciliation',
 'resolver_transitions': 0,
 'compute_indirect_contracts': 0,
 'resolved_custody': 0,
 'deferred_custody': 0,
 'effect_owner_compute_bindings': 0,
 'effect_owner_compute_ops': 0,
 'owner_categories': {},
 'storage_families': 0,
 'storage_sid_bindings': 0,
 'address_escape_barrier_sids': 0,
 'parameter_storage_initializers': 0,
 'runtime_helpers': 0,
 'warnings': 0,
 'rule': 'INDIRECT_is_metadata_only_owner_bound_storage_transition'}

[ABI-D ENTRY/CALL PLAN INVENTORY]
{'kind': 'pal_compute_abi_plan_inventory_v23',
 'version': 'v23b_abi_thunk_compatibility_return_reconciliation',
 'function': 'command_pulse',
 'entry_plan_present': True,
 'entry_plan_status': 'ready',
 'fixed_arguments': 2,
 'implicit_inputs': 0,
 'implicit_inputs_unsupported': 0,
 'call_compute_contracts': 8,
 'call_site_plans': 8,
 'call_sites_without_plan': 0,
 'call_statuses': {'ready': 8},
 'dispatch_classes': {'internal_resolved': 5, 'external_via_import_thunk': 3},
 'internal_calls': 5,
 'internal_calls_with_target_compatible_plan': 0,
 'internal_calls_without_target_compatible_plan': 5,
 'internal_calls_with_deferred_target_compatibility': 5,
 'internal_calls_with_incompatible_target': 0,
 'internal_calls_without_transport_plan': 0,
 'external_calls': 3,
 'thunk_calls': 3,
 'external_via_thunk_calls': 3,
 'thunk_endpoint_deferred_calls': 0,
 'thunk_calls_misclassified_internal': 0,
 'target_compatibility_overclaims': 0,
 'no_return_calls': 0,
 'result_carrier_contracts': 8,
 'abi_runtime_helper_assignments': 0,
 'warnings': 0,
 'acceptance_gates': {'every_emitted_function_has_entry_plan': True,
                      'every_call_has_call_site_plan': True,
                      'every_internal_call_has_target_compatible_plan': False,
                      'every_internal_call_has_carrier_transport_plan': True,
                      'no_resolved_thunk_misclassified_internal': True,
                      'no_target_compatibility_overclaim': True,
                      'no_implicit_input_is_unsupported': True,
                      'no_runtime_helper_assigned_by_ABI_guesswork': True},
 'return_boundary_reconciliation': {'kind': 'pal_compute_return_boundary_reconciliation_v23b',
                                    'version': 'v23b_abi_thunk_compatibility_return_reconciliation',
                                    'function': 'command_pulse',
                                    'entry_block_addr': 1056778,
                                    'cfg_evidence_available': True,
                                    'no_return_terminating_blocks': [],
                                    'no_return_call_op_keys': [],
                                    'return_boundaries': 2,
                                    'reachable_return_boundaries': 2,
                                    'unreachable_return_boundaries': 0,
                                    'deferred_return_boundaries': 0,
                                    'reachable_return_widths': [64],
                                    'width_reconciled': True,
                                    'synthetic_no_return_continuations_suppressed': 0,
                                    'rule': 'traverse_CFG_with_no_return_blocks_as_terminal_then_reconcile_reachable_raw_return_transports_only'},
 'rule': 'ABI_A_B_C_authority_only_thunk_endpoint_and_compatibility_tri_state_no_downstream_argument_reinference'}

[FUNCTION ENTRY ABI PLAN]
{'plan_id': 'function_entry:1056774',
 'status': 'ready',
 'callable_signature_status': 'legacy_non_variadic_fallback',
 'fixed_argument_count': 2,
 'implicit_input_count': 0,
 'variadic_register_save_area': {'required': False,
                                 'status': 'not_required',
                                 'slots': [{'sid': 'v_3137',
                                            'bank': 'gp',
                                            'index': 0,
                                            'register': 'RDI',
                                            'width_bits': 64,
                                            'canonical_alias': 'param_0',
                                            'owner_namespace': 'logical_parameter',
                                            'owner_role': 'callable_parameter_carrier',
                                            'materialization': 'capture_entry_register_bits',
                                            'source': 'abi_context.registers',
                                            'runtime_helper': None,
                                            'authority': 'PALSymbolResolver_ABI_C_physical_carrier_binding'},
                                           {'sid': 'v_3138',
                                            'bank': 'gp',
                                            'index': 1,
                                            'register': 'RSI',
                                            'width_bits': 64,
                                            'canonical_alias': 'param_1',
                                            'owner_namespace': 'logical_parameter',
                                            'owner_role': 'callable_parameter_carrier',
                                            'materialization': 'capture_entry_register_bits',
                                            'source': 'abi_context.registers',
                                            'runtime_helper': None,
                                            'authority': 'PALSymbolResolver_ABI_C_physical_carrier_binding'}],
                                 'gp_slots': [{'sid': 'v_3137',
                                               'bank': 'gp',
                                               'index': 0,
                                               'register': 'RDI',
                                               'width_bits': 64,
                                               'canonical_alias': 'param_0',
                                               'owner_namespace': 'logical_parameter',
                                               'owner_role': 'callable_parameter_carrier',
                                               'materialization': 'capture_entry_register_bits',
                                               'source': 'abi_context.registers',
                                               'runtime_helper': None,
                                               'authority': 'PALSymbolResolver_ABI_C_physical_carrier_binding'},
                                              {'sid': 'v_3138',
                                               'bank': 'gp',
                                               'index': 1,
                                               'register': 'RSI',
                                               'width_bits': 64,
                                               'canonical_alias': 'param_1',
                                               'owner_namespace': 'logical_parameter',
                                               'owner_role': 'callable_parameter_carrier',
                                               'materialization': 'capture_entry_register_bits',
                                               'source': 'abi_context.registers',
                                               'runtime_helper': None,
                                               'authority': 'PALSymbolResolver_ABI_C_physical_carrier_binding'}],
                                 'sse_slots': [],
                                 'fixed_variadic_partition_status': 'deferred_to_entry_protocol_analysis',
                                 'source': 'abi_context.registers',
                                 'authority': 'ABI_C_carriers_plus_variadic_contract'},
 'overflow_argument_area': {'required': False,
                            'status': 'not_required',
                            'source': 'abi_context.overflow_argument_area',
                            'observed_stack_carriers': [],
                            'materialization': 'consume_preclassified_overflow_slots',
                            'offset_inference_allowed': False,
                            'authority': 'ABI_C_stack_carriers_or_variadic_protocol'},
 'variadic_al': {'required': False,
                 'status': 'not_required',
                 'source': 'abi_context.variadic_xmm_count',
                 'inputs': [],
                 'default_allowed': False,
                 'authority': 'ABI_C_variadic_xmm_count_contract'},
 'frame_base': {'required': False,
                'status': 'not_observed',
                'source': 'abi_context.frame_base',
                'inputs': [],
                'derive_from_parameter_names': False,
                'authority': 'ABI_C_frame_state_custody'},
 'tls_base': {'required': False,
              'status': 'not_observed',
              'source': 'abi_context.tls_base',
              'inputs': [],
              'derive_from_expression_names': False,
              'authority': 'ABI_C_tls_state_custody'},
 'return_contract': {'kind': 'pal_compute_return_carrier_contract_abi_d',
                     'version': 'v23b_abi_thunk_compatibility_return_reconciliation',
                     'status': 'return_width_proven_carrier_deferred',
                     'no_return': False,
                     'output_sid': None,
                     'output_width_bits': None,
                     'declared_width_bits': None,
                     'effective_result_width_bits': 64,
                     'declared_return': {'name': 'undefined',
                                         'display_name': 'undefined',
                                         'class_name': 'DefaultDataType',
                                         'length_bytes': 1,
                                         'width_bits': 8,
                                         'signed': None,
                                         'kind_hint': None},
                     'return_storage': {'repr': '<UNASSIGNED>',
                                        'size_bytes': 0,
                                        'flags': {'register': False,
                                                  'stack': False,
                                                  'memory': False,
                                                  'unassigned': True,
                                                  'void': False,
                                                  'auto': False},
                                        'pieces': [],
                                        'storage_keys': []},
                     'carrier_pieces': [],
                     'normalization': {'mode': 'mask_to_output_width',
                                       'width_bits': 64,
                                       'mask': 18446744073709551615},
                     'runtime_helper': None,
                     'runtime_helper_authority': 'no_ABI_runtime_helper_assigned',
                     'authority': 'reachable_raw_return_transport',
                     'reported_declared_width_bits': 8,
                     'declared_width_authoritative': False,
                     'declared_return_evidence_status': 'non_authoritative_default_or_unresolved_prototype',
                     'transport_width_bits': 64,
                     'logical_result_width_bits': 64,
                     'reachable_return_widths': [64],
                     'reachable_return_boundary_count': 2,
                     'unreachable_return_boundary_count': 0,
                     'deferred_return_boundary_count': 0},
 'reachable_return_boundaries': [{'block_addr': 1057144,
                                  'return_value_sid': 'c_0_8',
                                  'return_value_width_bits': 64,
                                  'return_transport_width_bits': 64,
                                  'return_logical_width_bits': 64,
                                  'return_declared_view': None,
                                  'return_boundary_authority': 'raw_return_register_transport',
                                  'return_reachability': 'reachable',
                                  'reachable_return': True,
                                  'execution_suppressed': False,
                                  'emission_policy': 'emit_reachable_return_boundary',
                                  'cut_by_no_return_blocks': [],
                                  'cut_by_no_return_call_op_keys': []},
                                 {'block_addr': 1057230,
                                  'return_value_sid': 'c_0_8',
                                  'return_value_width_bits': 64,
                                  'return_transport_width_bits': 64,
                                  'return_logical_width_bits': 64,
                                  'return_declared_view': None,
                                  'return_boundary_authority': 'raw_return_register_transport',
                                  'return_reachability': 'reachable',
                                  'reachable_return': True,
                                  'execution_suppressed': False,
                                  'emission_policy': 'emit_reachable_return_boundary',
                                  'cut_by_no_return_blocks': [],
                                  'cut_by_no_return_call_op_keys': []}],
 'unreachable_return_boundaries': []}

[RETURN BOUNDARY RECONCILIATION]
{'kind': 'pal_compute_return_boundary_reconciliation_v23b',
 'version': 'v23b_abi_thunk_compatibility_return_reconciliation',
 'function': 'command_pulse',
 'entry_block_addr': 1056778,
 'cfg_evidence_available': True,
 'no_return_terminating_blocks': [],
 'no_return_call_op_keys': [],
 'return_boundaries': 2,
 'reachable_return_boundaries': 2,
 'unreachable_return_boundaries': 0,
 'deferred_return_boundaries': 0,
 'reachable_return_widths': [64],
 'width_reconciled': True,
 'synthetic_no_return_continuations_suppressed': 0,
 'rule': 'traverse_CFG_with_no_return_blocks_as_terminal_then_reconcile_reachable_raw_return_transports_only'}

[CALL SITE ABI PLANS]
{'op_key': '1056893:(ram, 0x10208e, 127, 1):1',
 'target': 'record_fault',
 'dispatch_class': 'internal_resolved',
 'status': 'ready',
 'argument_count': 2,
 'carrier_allocation_status': 'complete',
 'target_compatibility_status': 'deferred',
 'target_compatible': None,
 'no_return': False,
 'result_width_bits': 8}
{'op_key': '1057004:(ram, 0x10212a, 427, 17):17',
 'target': 'refresh_checksum',
 'dispatch_class': 'internal_resolved',
 'status': 'ready',
 'argument_count': 1,
 'carrier_allocation_status': 'complete',
 'target_compatibility_status': 'deferred',
 'target_compatible': None,
 'no_return': False,
 'result_width_bits': 8}
{'op_key': '1057004:(ram, 0x102165, 471, 36):36',
 'target': 'printf',
 'dispatch_class': 'external_via_import_thunk',
 'status': 'ready',
 'argument_count': 6,
 'carrier_allocation_status': 'complete',
 'target_compatibility_status': 'compatible',
 'target_compatible': True,
 'no_return': False,
 'result_width_bits': 32}
{'op_key': '1057144:(ram, 0x102189, 502, 1):1',
 'target': 'refresh_checksum',
 'dispatch_class': 'internal_resolved',
 'status': 'ready',
 'argument_count': 1,
 'carrier_allocation_status': 'complete',
 'target_compatibility_status': 'deferred',
 'target_compatible': None,
 'no_return': False,
 'result_width_bits': 8}
{'op_key': '1057144:(ram, 0x102198, 507, 3):3',
 'target': 'puts',
 'dispatch_class': 'external_via_import_thunk',
 'status': 'ready',
 'argument_count': 1,
 'carrier_allocation_status': 'complete',
 'target_compatibility_status': 'compatible',
 'target_compatible': True,
 'no_return': False,
 'result_width_bits': 32}
{'op_key': '1057215:(ram, 0x1021c9, 179, 1):1',
 'target': 'puts',
 'dispatch_class': 'external_via_import_thunk',
 'status': 'ready',
 'argument_count': 1,
 'carrier_allocation_status': 'complete',
 'target_compatibility_status': 'compatible',
 'target_compatible': True,
 'no_return': False,
 'result_width_bits': 32}
{'op_key': '1056843:(ram, 0x10205c, 78, 1):1',
 'target': 'record_fault',
 'dispatch_class': 'internal_resolved',
 'status': 'ready',
 'argument_count': 2,
 'carrier_allocation_status': 'complete',
 'target_compatibility_status': 'deferred',
 'target_compatible': None,
 'no_return': False,
 'result_width_bits': 8}
{'op_key': '1056805:(ram, 0x102036, 44, 1):1',
 'target': 'record_fault',
 'dispatch_class': 'internal_resolved',
 'status': 'ready',
 'argument_count': 2,
 'carrier_allocation_status': 'complete',
 'target_compatibility_status': 'deferred',
 'target_compatible': None,
 'no_return': False,
 'result_width_bits': 8}
===== END PAL COMPUTE ANALYZER =====


=========== SGL EXECUTION TREE ===========

sequence
  block [0x10200a]
  if [cond=(v_60 == 2)]
    then
      block [0x102040]
      if [cond=not ((v_146 == 0))]
        then
          block [0x102066]
          if [cond=(v_215 < 1)]
            then
              sequence
                block [0x10207d]
                block [0x1021ce]
            else
              block [0x102071]
              if [cond=not ((8 < v_265))]
                then
                  sequence
                    block [0x102098]
                  loop [header=0x1021a3 role=body semantics=continue_when_true cond=(local_14 <= v_351) order=transaction_then_predicate continue_edge=[1057187, 1056932] exit_edge=[1057187, 1057203] selected_invert=False]
                    loop_condition_transaction [header=0x1021a3 order=before_every_predicate_evaluation]
                      block [0x1021a3]
                    loop_body
                      block [0x1020a4]
                      if [cond=((v_820 & 4) == 0)]
                        then
                          sequence
                            block [0x1020e8]
                        else
                          sequence
                            block [0x1020e2]
                      block [0x1020ec]
                      if [cond=(0x95 < v_1253)]
                        then
                          block [0x102178]
                        else
                      block [0x10219f]
                  block [0x1021b3]
                  if [cond=not ((0x50 < v_411))]
                    then [direct_join=True edge=(1057203, 1057230) pred=1057203 join=1057230]
                    else
                      sequence
                        block [0x1021bf]
                else
                  sequence
                    block [0x10207d]
        else
          sequence
            block [0x10204b]
    else
      sequence
        block [0x102025]
  sequence
    block [0x1021ce]
    block [0x1021ce]
    block [0x1021ce]
    block [0x1021ce]
    block [0x1021ce]

=========== END TREE ===========

[SGL EXEC TREE PERSISTED] path=/home/rem/gh/PAL/pyghidra-PAL/PAL/PAL_logs/f_000000000010200a_command_pulse.sgl.exec_tree.log mode=append temporary=False delete_on_completion=False

[PHI DROP-INS]
------------------------------------------------------------
pred=0x10219f -> join=0x1021a3 :: local_14 = v_1356
pred=0x1020e2 -> join=0x1020ec :: local_c = v_779
pred=0x1020e8 -> join=0x1020ec :: local_c = v_1406
pred=0x1020e2 -> join=0x1020ec :: local_10 = v_897
pred=0x1020e8 -> join=0x1020ec :: local_10 = v_539
------------------------------------------------------------
{'active': True,
 'bound_plans': 82,
 'control_contracts_forwarded': 15,
 'input_op_contracts': 94,
 'input_plans': 82,
 'kind': 'phi_compute_consumer_inventory_v21',
 'outputless_contracts_forwarded': 12,
 'phi_merge_contracts': 3,
 'phi_transition_contracts': 5,
 'preserved_compute_boundaries': 75,
 'preserved_deferred_contracts': 31,
 'preserved_outputless_boundaries': 12,
 'preserved_outputless_deferred_contracts': 12,
 'preserved_outputless_helpers': 4,
 'preserved_runtime_helpers': 62,
 'rule': 'preserve_PALCompute_authority_remap_execution_destination_only',
 'state_alias_bindings': 5,
 'transition_owners': {'source_state_alias': 5},
 'version': 'v21_compute_contract_consumers',
 'warnings': 0}
[]
