
===== CFG DEBUG =====

[EDGES]
0x101e68 -> 0x101ea1  true raw=true role=raw_true_explicit_target pol=target inv=False edge=cfg-edge-v1:0x101e68->0x101ea1 direct_join=False
0x101e68 -> 0x101e86  false raw=false role=raw_false_fallthrough pol=target inv=True edge=cfg-edge-v1:0x101e68->0x101e86 direct_join=False
0x101e86 -> 0x102004  uncond raw=uncond role=uncond pol=unknown inv=None edge=cfg-edge-v1:0x101e86->0x102004 direct_join=False
0x101ea1 -> 0x101edb  true raw=true role=raw_true_explicit_target pol=fallthrough inv=True edge=cfg-edge-v1:0x101ea1->0x101edb direct_join=False
0x101ea1 -> 0x101ecd  false raw=false role=raw_false_fallthrough pol=fallthrough inv=False edge=cfg-edge-v1:0x101ea1->0x101ecd direct_join=False
0x101ecd -> 0x101ef3  true raw=true role=raw_true_explicit_target pol=fallthrough inv=True edge=cfg-edge-v1:0x101ecd->0x101ef3 direct_join=False
0x101ecd -> 0x101edb  false raw=false role=raw_false_fallthrough pol=fallthrough inv=False edge=cfg-edge-v1:0x101ecd->0x101edb direct_join=False
0x101edb -> 0x101f02  uncond raw=uncond role=uncond pol=unknown inv=None edge=cfg-edge-v1:0x101edb->0x101f02 direct_join=False
0x101ef3 -> 0x101f02  uncond raw=uncond role=uncond pol=unknown inv=None edge=cfg-edge-v1:0x101ef3->0x101f02 direct_join=False
0x101f02 -> 0x101f19  true raw=true role=raw_true_explicit_target pol=fallthrough inv=True edge=cfg-edge-v1:0x101f02->0x101f19 direct_join=False
0x101f02 -> 0x101f0d  false raw=false role=raw_false_fallthrough pol=fallthrough inv=False edge=cfg-edge-v1:0x101f02->0x101f0d direct_join=False
0x101f0d -> 0x101f31  true raw=true role=raw_true_explicit_target pol=fallthrough inv=True edge=cfg-edge-v1:0x101f0d->0x101f31 direct_join=False
0x101f0d -> 0x101f19  false raw=false role=raw_false_fallthrough pol=fallthrough inv=False edge=cfg-edge-v1:0x101f0d->0x101f19 direct_join=False
0x101f19 -> 0x101f40  uncond raw=uncond role=uncond pol=unknown inv=None edge=cfg-edge-v1:0x101f19->0x101f40 direct_join=False
0x101f31 -> 0x101f40  uncond raw=uncond role=uncond pol=unknown inv=None edge=cfg-edge-v1:0x101f31->0x101f40 direct_join=False
0x101f40 -> 0x101f87  true raw=true role=raw_true_explicit_target pol=target inv=False edge=cfg-edge-v1:0x101f40->0x101f87 direct_join=False
0x101f40 -> 0x101f6f  false raw=false role=raw_false_fallthrough pol=target inv=True edge=cfg-edge-v1:0x101f40->0x101f6f direct_join=False
0x101f6f -> 0x101f96  uncond raw=uncond role=uncond pol=unknown inv=None edge=cfg-edge-v1:0x101f6f->0x101f96 direct_join=False
0x101f87 -> 0x101f96  uncond raw=uncond role=uncond pol=unknown inv=None edge=cfg-edge-v1:0x101f87->0x101f96 direct_join=False
0x101f96 -> 0x101fb9  true raw=true role=raw_true_explicit_target pol=target inv=False edge=cfg-edge-v1:0x101f96->0x101fb9 direct_join=False
0x101f96 -> 0x101fa1  false raw=false role=raw_false_fallthrough pol=target inv=True edge=cfg-edge-v1:0x101f96->0x101fa1 direct_join=False
0x101fa1 -> 0x101fc8  uncond raw=uncond role=uncond pol=unknown inv=None edge=cfg-edge-v1:0x101fa1->0x101fc8 direct_join=False
0x101fb9 -> 0x101fc8  uncond raw=uncond role=uncond pol=unknown inv=None edge=cfg-edge-v1:0x101fb9->0x101fc8 direct_join=False
0x101fc8 -> 0x101fdf  true raw=true role=raw_true_explicit_target pol=target inv=False edge=cfg-edge-v1:0x101fc8->0x101fdf direct_join=False
0x101fc8 -> 0x101fce  false raw=false role=raw_false_fallthrough pol=target inv=True edge=cfg-edge-v1:0x101fc8->0x101fce direct_join=False
0x101fce -> 0x102004  uncond raw=uncond role=uncond pol=unknown inv=None edge=cfg-edge-v1:0x101fce->0x102004 direct_join=False
0x101fdf -> 0x102004  uncond raw=uncond role=uncond pol=unknown inv=None edge=cfg-edge-v1:0x101fdf->0x102004 direct_join=False

[BRANCH RESOLUTION EVENTS]
{'kind': 'binary_branch_truth_bound_by_evidence_class_v21d', 'src': 1056360, 'first_dst': 1056417, 'second_dst': 1056390, 'hf_target': 1056417, 'hf_normalized_target': 1056417, 'direct_dst': 1056417, 'first_invert': False, 'second_invert': True, 'condition_truth_authority': 'raw_jcc_hf_relation_direct_flags', 'reason': 'branch_truth_evidence_v21d hf_target=0x101ea1 raw_target=0x101ea1 raw_fallthrough=0x101e86 legacy_hint=(mnemonic=JZ hf_cond_opcode=INT_EQUAL) class=direct_flags', 'relation_evidence': {'version': 'ordered_relation_algebra_v23e', 'status': 'unresolved', 'mnemonic': 'JZ', 'raw_relation': None, 'raw_domain': None, 'hf_opcode': 'INT_EQUAL', 'hf_relation': None, 'hf_domain': None, 'operand_profile': {'status': 'unresolved', 'reason': 'constant_threshold_requires_exact_value_custody', 'operand_count': 2, 'left_sid': 'v_60', 'right_sid': 'c_1_4', 'left_identity': ('high', 'high_rep:60'), 'right_identity': ('constant', 32, 1), 'left_width_bits': 32, 'right_width_bits': 32, 'left_constant': False, 'right_constant': True}, 'operand_orientation': None, 'relation_to_hf': None, 'invert_for_target': None, 'invert_for_fallthrough': None, 'reason': 'ordered_relation_family_not_applicable', 'legacy_hint_resolved': True, 'selected_as_authority': False}, 'boolean_carrier_evidence': {'status': 'proven_boolean', 'reason': 'comparison_result_is_boolean', 'root_opcode': 'INT_EQUAL', 'contains_multiequal': False, 'depth': 0}}
{'kind': 'binary_branch_truth_bound_by_evidence_class_v21d', 'src': 1056417, 'first_dst': 1056475, 'second_dst': 1056461, 'hf_target': 1056475, 'hf_normalized_target': 1056475, 'direct_dst': 1056461, 'first_invert': True, 'second_invert': False, 'condition_truth_authority': 'raw_jcc_hf_relation_direct_flags', 'reason': 'branch_truth_evidence_v21d hf_target=0x101edb raw_target=0x101edb raw_fallthrough=0x101ecd legacy_hint=(mnemonic=JLE hf_cond_opcode=INT_SLESS) class=direct_flags', 'relation_evidence': {'version': 'ordered_relation_algebra_v23e', 'status': 'unresolved', 'mnemonic': 'JLE', 'raw_relation': 'LE', 'raw_domain': 'signed', 'hf_opcode': 'INT_SLESS', 'hf_relation': 'LT', 'hf_domain': 'signed', 'operand_profile': {'status': 'unresolved', 'reason': 'constant_threshold_requires_exact_value_custody', 'operand_count': 2, 'left_sid': 'v_200', 'right_sid': 'c_100_4', 'left_identity': ('high', 'high_rep:200'), 'right_identity': ('constant', 32, 100), 'left_width_bits': 32, 'right_width_bits': 32, 'left_constant': False, 'right_constant': True}, 'operand_orientation': None, 'relation_to_hf': None, 'invert_for_target': None, 'invert_for_fallthrough': None, 'reason': 'constant_threshold_requires_exact_value_custody', 'legacy_hint_resolved': True, 'selected_as_authority': False}, 'boolean_carrier_evidence': {'status': 'proven_boolean', 'reason': 'comparison_result_is_boolean', 'root_opcode': 'INT_SLESS', 'contains_multiequal': False, 'depth': 0}}
{'kind': 'binary_branch_truth_bound_by_evidence_class_v21d', 'src': 1056461, 'first_dst': 1056499, 'second_dst': 1056475, 'hf_target': 1056499, 'hf_normalized_target': 1056499, 'direct_dst': 1056475, 'first_invert': True, 'second_invert': False, 'condition_truth_authority': 'raw_jcc_hf_relation_direct_flags', 'reason': 'branch_truth_evidence_v21d hf_target=0x101ef3 raw_target=0x101ef3 raw_fallthrough=0x101edb legacy_hint=(mnemonic=JLE hf_cond_opcode=INT_SLESS) class=direct_flags', 'relation_evidence': {'version': 'ordered_relation_algebra_v23e', 'status': 'unresolved', 'mnemonic': 'JLE', 'raw_relation': 'LE', 'raw_domain': 'signed', 'hf_opcode': 'INT_SLESS', 'hf_relation': 'LT', 'hf_domain': 'signed', 'operand_profile': {'status': 'unresolved', 'reason': 'constant_threshold_requires_exact_value_custody', 'operand_count': 2, 'left_sid': 'c_500_4', 'right_sid': 'v_254', 'left_identity': ('constant', 32, 500), 'right_identity': ('high', 'high_rep:254'), 'left_width_bits': 32, 'right_width_bits': 32, 'left_constant': True, 'right_constant': False}, 'operand_orientation': None, 'relation_to_hf': None, 'invert_for_target': None, 'invert_for_fallthrough': None, 'reason': 'constant_threshold_requires_exact_value_custody', 'legacy_hint_resolved': True, 'selected_as_authority': False}, 'boolean_carrier_evidence': {'status': 'proven_boolean', 'reason': 'comparison_result_is_boolean', 'root_opcode': 'INT_SLESS', 'contains_multiequal': False, 'depth': 0}}
{'kind': 'binary_branch_truth_bound_by_evidence_class_v21d', 'src': 1056514, 'first_dst': 1056537, 'second_dst': 1056525, 'hf_target': 1056537, 'hf_normalized_target': 1056537, 'direct_dst': 1056525, 'first_invert': True, 'second_invert': False, 'condition_truth_authority': 'raw_jcc_hf_relation_direct_flags', 'reason': 'branch_truth_evidence_v21d hf_target=0x101f19 raw_target=0x101f19 raw_fallthrough=0x101f0d legacy_hint=(mnemonic=JLE hf_cond_opcode=INT_SLESS) class=direct_flags', 'relation_evidence': {'version': 'ordered_relation_algebra_v23e', 'status': 'unresolved', 'mnemonic': 'JLE', 'raw_relation': 'LE', 'raw_domain': 'signed', 'hf_opcode': 'INT_SLESS', 'hf_relation': 'LT', 'hf_domain': 'signed', 'operand_profile': {'status': 'unresolved', 'reason': 'constant_threshold_requires_exact_value_custody', 'operand_count': 2, 'left_sid': 'v_327', 'right_sid': 'c_1_4', 'left_identity': ('high', 'high_rep:327'), 'right_identity': ('constant', 32, 1), 'left_width_bits': 32, 'right_width_bits': 32, 'left_constant': False, 'right_constant': True}, 'operand_orientation': None, 'relation_to_hf': None, 'invert_for_target': None, 'invert_for_fallthrough': None, 'reason': 'constant_threshold_requires_exact_value_custody', 'legacy_hint_resolved': True, 'selected_as_authority': False}, 'boolean_carrier_evidence': {'status': 'proven_boolean', 'reason': 'comparison_result_is_boolean', 'root_opcode': 'INT_SLESS', 'contains_multiequal': False, 'depth': 0}}
{'kind': 'binary_branch_truth_bound_by_evidence_class_v21d', 'src': 1056525, 'first_dst': 1056561, 'second_dst': 1056537, 'hf_target': 1056561, 'hf_normalized_target': 1056561, 'direct_dst': 1056537, 'first_invert': True, 'second_invert': False, 'condition_truth_authority': 'raw_jcc_hf_relation_direct_flags', 'reason': 'branch_truth_evidence_v21d hf_target=0x101f31 raw_target=0x101f31 raw_fallthrough=0x101f19 legacy_hint=(mnemonic=JLE hf_cond_opcode=INT_SLESS) class=direct_flags', 'relation_evidence': {'version': 'ordered_relation_algebra_v23e', 'status': 'unresolved', 'mnemonic': 'JLE', 'raw_relation': 'LE', 'raw_domain': 'signed', 'hf_opcode': 'INT_SLESS', 'hf_relation': 'LT', 'hf_domain': 'signed', 'operand_profile': {'status': 'unresolved', 'reason': 'constant_threshold_requires_exact_value_custody', 'operand_count': 2, 'left_sid': 'c_4_4', 'right_sid': 'v_377', 'left_identity': ('constant', 32, 4), 'right_identity': ('high', 'high_rep:377'), 'left_width_bits': 32, 'right_width_bits': 32, 'left_constant': True, 'right_constant': False}, 'operand_orientation': None, 'relation_to_hf': None, 'invert_for_target': None, 'invert_for_fallthrough': None, 'reason': 'constant_threshold_requires_exact_value_custody', 'legacy_hint_resolved': True, 'selected_as_authority': False}, 'boolean_carrier_evidence': {'status': 'proven_boolean', 'reason': 'comparison_result_is_boolean', 'root_opcode': 'INT_SLESS', 'contains_multiequal': False, 'depth': 0}}
{'kind': 'binary_branch_truth_bound_by_evidence_class_v21d', 'src': 1056576, 'first_dst': 1056647, 'second_dst': 1056623, 'hf_target': 1056647, 'hf_normalized_target': 1056647, 'direct_dst': 1056647, 'first_invert': False, 'second_invert': True, 'condition_truth_authority': 'raw_jcc_hf_relation_direct_flags', 'reason': 'branch_truth_evidence_v21d hf_target=0x101f87 raw_target=0x101f87 raw_fallthrough=0x101f6f legacy_hint=(mnemonic=JZ hf_cond_opcode=INT_EQUAL) class=direct_flags', 'relation_evidence': {'version': 'ordered_relation_algebra_v23e', 'status': 'unresolved', 'mnemonic': 'JZ', 'raw_relation': None, 'raw_domain': None, 'hf_opcode': 'INT_EQUAL', 'hf_relation': None, 'hf_domain': None, 'operand_profile': {'status': 'unresolved', 'reason': 'constant_threshold_requires_exact_value_custody', 'operand_count': 2, 'left_sid': 'v_597', 'right_sid': 'c_0_4', 'left_identity': ('high', 'high_rep:597'), 'right_identity': ('constant', 32, 0), 'left_width_bits': 32, 'right_width_bits': 32, 'left_constant': False, 'right_constant': True}, 'operand_orientation': None, 'relation_to_hf': None, 'invert_for_target': None, 'invert_for_fallthrough': None, 'reason': 'ordered_relation_family_not_applicable', 'legacy_hint_resolved': True, 'selected_as_authority': False}, 'boolean_carrier_evidence': {'status': 'proven_boolean', 'reason': 'comparison_result_is_boolean', 'root_opcode': 'INT_EQUAL', 'contains_multiequal': False, 'depth': 0}}
{'kind': 'binary_branch_truth_bound_by_evidence_class_v21d', 'src': 1056662, 'first_dst': 1056697, 'second_dst': 1056673, 'hf_target': 1056697, 'hf_normalized_target': 1056697, 'direct_dst': 1056697, 'first_invert': False, 'second_invert': True, 'condition_truth_authority': 'raw_jcc_hf_relation_direct_flags', 'reason': 'branch_truth_evidence_v21d hf_target=0x101fb9 raw_target=0x101fb9 raw_fallthrough=0x101fa1 legacy_hint=(mnemonic=JZ hf_cond_opcode=INT_EQUAL) class=direct_flags', 'relation_evidence': {'version': 'ordered_relation_algebra_v23e', 'status': 'unresolved', 'mnemonic': 'JZ', 'raw_relation': None, 'raw_domain': None, 'hf_opcode': 'INT_EQUAL', 'hf_relation': None, 'hf_domain': None, 'operand_profile': {'status': 'unresolved', 'reason': 'constant_threshold_requires_exact_value_custody', 'operand_count': 2, 'left_sid': 'v_677', 'right_sid': 'c_0_4', 'left_identity': ('high', 'high_rep:677'), 'right_identity': ('constant', 32, 0), 'left_width_bits': 32, 'right_width_bits': 32, 'left_constant': False, 'right_constant': True}, 'operand_orientation': None, 'relation_to_hf': None, 'invert_for_target': None, 'invert_for_fallthrough': None, 'reason': 'ordered_relation_family_not_applicable', 'legacy_hint_resolved': True, 'selected_as_authority': False}, 'boolean_carrier_evidence': {'status': 'proven_boolean', 'reason': 'comparison_result_is_boolean', 'root_opcode': 'INT_EQUAL', 'contains_multiequal': False, 'depth': 0}}
{'kind': 'binary_branch_truth_bound_by_evidence_class_v21d', 'src': 1056712, 'first_dst': 1056735, 'second_dst': 1056718, 'hf_target': 1056735, 'hf_normalized_target': 1056735, 'direct_dst': 1056735, 'first_invert': False, 'second_invert': True, 'condition_truth_authority': 'raw_zero_nonzero_hf_boolean_phi_carrier_v23e', 'reason': 'branch_truth_evidence_v21d hf_target=0x101fdf raw_target=0x101fdf raw_fallthrough=0x101fce legacy_hint=(mnemonic=JNZ hf_cond_opcode=MULTIEQUAL) class=materialized_boolean_phi binding=raw_nonzero_taken', 'relation_evidence': {'version': 'ordered_relation_algebra_v23e', 'status': 'unresolved', 'mnemonic': 'JNZ', 'raw_relation': None, 'raw_domain': None, 'hf_opcode': 'MULTIEQUAL', 'hf_relation': None, 'hf_domain': None, 'operand_profile': {'status': 'unresolved', 'reason': 'ordered_relation_operands_not_distinct', 'operand_count': 2, 'left_sid': 'v_2747', 'right_sid': 'v_2740', 'left_identity': ('high', 'high_rep:2739'), 'right_identity': ('high', 'high_rep:2739'), 'left_width_bits': 8, 'right_width_bits': 8, 'left_constant': False, 'right_constant': False}, 'operand_orientation': None, 'relation_to_hf': None, 'invert_for_target': None, 'invert_for_fallthrough': None, 'reason': 'ordered_relation_family_not_applicable', 'legacy_hint_resolved': False, 'selected_as_authority': False}, 'boolean_carrier_evidence': {'status': 'proven_boolean', 'reason': 'multiequal_all_inputs_boolean', 'root_opcode': 'MULTIEQUAL', 'contains_multiequal': True, 'input_statuses': ['proven_boolean', 'proven_boolean'], 'depth': 0}}

[EDGE IDENTITY v23 / BOHDI EMPEROR]
{'kind': 'cfg_edge_identity_inventory_v23', 'version': 'FunctionCFG_v23e_clothed_emperor_cfg_truth', 'id_schema': 'cfg_edge_identity_v1', 'canonical_identity': '(src_addr,dst_addr)', 'edges': 27, 'unique_edge_keys': 27, 'binary_cbranch_edges': 16, 'direct_join_edges': 0, 'direct_join_branch_arm_edges': 0, 'direct_join_loop_exit_edges': 0, 'direct_join_empty_arm_candidates': 0, 'warnings': 0, 'topology_mutations': 0, 'polarity_mutations': 0, 'rule': 'freeze_repaired_CFG_edge_identity_then_mark_exact_binary_CBRANCH_edge_to_IPDOM'}

[IPDOM]
0x101e68 -> ipdom: 0x102004
0x101e86 -> ipdom: 0x102004
0x101ea1 -> ipdom: 0x101f02
0x101ecd -> ipdom: 0x101f02
0x101edb -> ipdom: 0x101f02
0x101ef3 -> ipdom: 0x101f02
0x101f02 -> ipdom: 0x101f40
0x101f0d -> ipdom: 0x101f40
0x101f19 -> ipdom: 0x101f40
0x101f31 -> ipdom: 0x101f40
0x101f40 -> ipdom: 0x101f96
0x101f6f -> ipdom: 0x101f96
0x101f87 -> ipdom: 0x101f96
0x101f96 -> ipdom: 0x101fc8
0x101fa1 -> ipdom: 0x101fc8
0x101fb9 -> ipdom: 0x101fc8
0x101fc8 -> ipdom: 0x102004
0x101fce -> ipdom: 0x102004
0x101fdf -> ipdom: 0x102004
0x102004 -> ipdom: None

=====================

===== PAL RESOLVER INDIRECT STORAGE v22c =====

[INVENTORY]
{'active': False,
 'address_tied_families': 0,
 'custody_transitions': 0,
 'effect_owner_groups': 0,
 'escape_barrier_sids': 0,
 'input_contracts': 0,
 'kind': 'resolver_indirect_storage_inventory_v22c',
 'machine_state_families': 0,
 'machine_state_sids': 0,
 'owner_categories': {},
 'parameter_initializers': 0,
 'persistent_families': 0,
 'rule': 'HighVariable_identity_families_plus_address_escape_alias_barrier',
 'runtime_order': 'CFG_governed_not_linearized',
 'storage_families': 0,
 'version': 'v22c_indirect_storage_families',
 'warnings': 0}

[STORAGE FAMILIES]

[PARAMETER INITIALIZERS / STORAGE WRITES]
[]

[WARNINGS]
[]
===== END PAL RESOLVER INDIRECT STORAGE =====

========================================================================
PALRAW AUDIT v0.3 :: raw instruction BLOCK p-code vs HF/PAL CFG
========================================================================

--- 0x10127f ---
Raw block  : 0x10127f -> next 0x101e68
Instr count: 0
Terminal   : None None
Raw succs  : []
Norm succs : None
HF block   : None
CFG edges  : []
STATUS     : no_hf_block
NOTE       : No PAL/HighFunction block mapped to this address.
Raw instructions:
Terminal raw p-code:
HF/PAL ops :

--- 0x1011b6 ---
Raw block  : 0x1011b6 -> next 0x101e68
Instr count: 0
Terminal   : None None
Raw succs  : []
Norm succs : None
HF block   : None
CFG edges  : []
STATUS     : no_hf_block
NOTE       : No PAL/HighFunction block mapped to this address.
Raw instructions:
Terminal raw p-code:
HF/PAL ops :

--- 0x101219 ---
Raw block  : 0x101219 -> next 0x101e68
Instr count: 2
Terminal   : 0x101220 JMP 0x00101232
Raw succs  : ['0x101232']
Norm succs : None
HF block   : None
CFG edges  : []
STATUS     : no_hf_block
NOTE       : No PAL/HighFunction block mapped to this address.
Raw instructions:
   0x101219  LEA RAX,[0x103021]
   0x101220  JMP 0x00101232
Terminal raw p-code:
     ---  BRANCH (ram, 0x101232, 8)
HF/PAL ops :

--- 0x10120f ---
Raw block  : 0x10120f -> next 0x101e68
Instr count: 0
Terminal   : None None
Raw succs  : []
Norm succs : None
HF block   : None
CFG edges  : []
STATUS     : no_hf_block
NOTE       : No PAL/HighFunction block mapped to this address.
Raw instructions:
Terminal raw p-code:
HF/PAL ops :

--- 0x101221 ---
Raw block  : 0x101221 -> next 0x101e68
Instr count: 0
Terminal   : None None
Raw succs  : []
Norm succs : None
HF block   : None
CFG edges  : []
STATUS     : no_hf_block
NOTE       : No PAL/HighFunction block mapped to this address.
Raw instructions:
Terminal raw p-code:
HF/PAL ops :

--- 0x101284 ---
Raw block  : 0x101284 -> next 0x101e68
Instr count: 0
Terminal   : None None
Raw succs  : []
Norm succs : None
HF block   : None
CFG edges  : []
STATUS     : no_hf_block
NOTE       : No PAL/HighFunction block mapped to this address.
Raw instructions:
Terminal raw p-code:
HF/PAL ops :

--- 0x10127f ---
Raw block  : 0x10127f -> next 0x101e68
Instr count: 0
Terminal   : None None
Raw succs  : []
Norm succs : None
HF block   : None
CFG edges  : []
STATUS     : no_hf_block
NOTE       : No PAL/HighFunction block mapped to this address.
Raw instructions:
Terminal raw p-code:
HF/PAL ops :

========================================================================

===== PAL COMPUTE ANALYZER =====
{'kind': 'pal_compute_inventory_v22',
 'version': 'v23b_abi_thunk_compatibility_return_reconciliation',
 'runtime_representation': 'raw_unsigned_bitvector_at_ssa_boundaries',
 'operations': 69,
 'output_plans': 53,
 'control_contracts': 15,
 'c_compute_filtered': 52,
 'use_site_overrides': 1,
 'return_observation_view_mismatches': 0,
 'storage_custody_related_ops': 0,
 'indirect_custody_contracts': 0,
 'indirect_custody_resolved': 0,
 'indirect_custody_deferred': 0,
 'indirect_effect_owner_compute_ops': 0,
 'storage_family_bindings': 0,
 'function_entry_abi_plan': True,
 'call_site_abi_plans': 14,
 'internal_call_plan_failures': 3,
 'unsupported_implicit_inputs': 0,
 'abi_runtime_helper_assignments': 0,
 'no_return_calls': 0,
 'reachable_return_boundaries': 1,
 'unreachable_return_boundaries': 0,
 'synthetic_no_return_continuations_suppressed': 0,
 'statuses': {'metadata_only': 21,
              'deferred_memory': 22,
              'helper_required': 12,
              'deferred_external': 14},
 'categories': {'transport': 17,
                'memory': 12,
                'comparison': 7,
                'pointer_arithmetic': 10,
                'integer_arithmetic': 2,
                'call_boundary': 14,
                'phi_merge': 4,
                'integer_bitwise': 3},
 'helpers': {'c_load': 10,
             'c_eq': 3,
             'c_ptradd': 10,
             'c_add': 2,
             'c_store': 2,
             'c_slt': 4,
             'c_xor': 2,
             'c_and': 1},
 'opcodes': {'COPY': 17,
             'LOAD': 10,
             'INT_EQUAL': 3,
             'PTRADD': 10,
             'INT_ADD': 2,
             'STORE': 2,
             'CALL': 14,
             'INT_SLESS': 4,
             'MULTIEQUAL': 4,
             'INT_XOR': 2,
             'INT_AND': 1},
 'warnings': 0}

[WARNINGS]
[]

[METADATA-ONLY COMPUTE BOUNDARIES]
0x101f02 MULTIEQUAL ['v_2744', 'v_2743'] -> v_2742 classification=None
0x101f40 MULTIEQUAL ['v_2745', 'v_2742'] -> v_2741 classification=None
0x101f96 MULTIEQUAL ['v_2746', 'v_2741'] -> v_2740 classification=None
0x101fc8 MULTIEQUAL ['v_2747', 'v_2740'] -> v_2739 classification=None

[HELPER-REQUIRED CONTRACTS]
0x101e68 INT_EQUAL v_81 helper=c_eq widths=[32, 32]->8 overrides=0
0x101ea1 INT_ADD v_2224 helper=c_add widths=[32, 32]->32 overrides=0
0x101ea1 INT_SLESS v_238 helper=c_slt widths=[32, 32]->8 overrides=0
0x101ecd INT_SLESS v_290 helper=c_slt widths=[32, 32]->8 overrides=0
0x101f02 INT_SLESS v_361 helper=c_slt widths=[32, 32]->8 overrides=1
0x101f0d INT_SLESS v_415 helper=c_slt widths=[32, 32]->8 overrides=0
0x101f40 INT_XOR v_499 helper=c_xor widths=[32, 32]->32 overrides=0
0x101f40 INT_ADD v_545 helper=c_add widths=[32, 32]->32 overrides=0
0x101f40 INT_XOR v_571 helper=c_xor widths=[32, 32]->32 overrides=0
0x101f40 INT_AND v_597 helper=c_and widths=[32, 32]->32 overrides=0
0x101f40 INT_EQUAL v_629 helper=c_eq widths=[32, 32]->8 overrides=0
0x101f96 INT_EQUAL v_694 helper=c_eq widths=[32, 32]->8 overrides=0

[INDIRECT STORAGE-CUSTODY CONTRACTS]

[INDIRECT CUSTODY INVENTORY]
{'kind': 'pal_compute_indirect_custody_inventory_v22d',
 'version': 'v23b_abi_thunk_compatibility_return_reconciliation',
 'resolver_transitions': 0,
 'compute_indirect_contracts': 0,
 'resolved_custody': 0,
 'deferred_custody': 0,
 'effect_owner_compute_bindings': 0,
 'effect_owner_compute_ops': 0,
 'owner_categories': {},
 'storage_families': 0,
 'storage_sid_bindings': 0,
 'address_escape_barrier_sids': 0,
 'parameter_storage_initializers': 0,
 'runtime_helpers': 0,
 'warnings': 0,
 'rule': 'INDIRECT_is_metadata_only_owner_bound_storage_transition'}

[ABI-D ENTRY/CALL PLAN INVENTORY]
{'kind': 'pal_compute_abi_plan_inventory_v23',
 'version': 'v23b_abi_thunk_compatibility_return_reconciliation',
 'function': 'command_arm',
 'entry_plan_present': True,
 'entry_plan_status': 'ready',
 'fixed_arguments': 1,
 'implicit_inputs': 0,
 'implicit_inputs_unsupported': 0,
 'call_compute_contracts': 14,
 'call_site_plans': 14,
 'call_sites_without_plan': 0,
 'call_statuses': {'ready': 14},
 'dispatch_classes': {'external_via_import_thunk': 11, 'internal_resolved': 3},
 'internal_calls': 3,
 'internal_calls_with_target_compatible_plan': 0,
 'internal_calls_without_target_compatible_plan': 3,
 'internal_calls_with_deferred_target_compatibility': 3,
 'internal_calls_with_incompatible_target': 0,
 'internal_calls_without_transport_plan': 0,
 'external_calls': 11,
 'thunk_calls': 11,
 'external_via_thunk_calls': 11,
 'thunk_endpoint_deferred_calls': 0,
 'thunk_calls_misclassified_internal': 0,
 'target_compatibility_overclaims': 0,
 'no_return_calls': 0,
 'result_carrier_contracts': 14,
 'abi_runtime_helper_assignments': 0,
 'warnings': 0,
 'acceptance_gates': {'every_emitted_function_has_entry_plan': True,
                      'every_call_has_call_site_plan': True,
                      'every_internal_call_has_target_compatible_plan': False,
                      'every_internal_call_has_carrier_transport_plan': True,
                      'no_resolved_thunk_misclassified_internal': True,
                      'no_target_compatibility_overclaim': True,
                      'no_implicit_input_is_unsupported': True,
                      'no_runtime_helper_assigned_by_ABI_guesswork': True},
 'return_boundary_reconciliation': {'kind': 'pal_compute_return_boundary_reconciliation_v23b',
                                    'version': 'v23b_abi_thunk_compatibility_return_reconciliation',
                                    'function': 'command_arm',
                                    'entry_block_addr': 1056360,
                                    'cfg_evidence_available': True,
                                    'no_return_terminating_blocks': [],
                                    'no_return_call_op_keys': [],
                                    'return_boundaries': 1,
                                    'reachable_return_boundaries': 1,
                                    'unreachable_return_boundaries': 0,
                                    'deferred_return_boundaries': 0,
                                    'reachable_return_widths': [64],
                                    'width_reconciled': True,
                                    'synthetic_no_return_continuations_suppressed': 0,
                                    'rule': 'traverse_CFG_with_no_return_blocks_as_terminal_then_reconcile_reachable_raw_return_transports_only'},
 'rule': 'ABI_A_B_C_authority_only_thunk_endpoint_and_compatibility_tri_state_no_downstream_argument_reinference'}

[FUNCTION ENTRY ABI PLAN]
{'plan_id': 'function_entry:1056356',
 'status': 'ready',
 'callable_signature_status': 'legacy_non_variadic_fallback',
 'fixed_argument_count': 1,
 'implicit_input_count': 0,
 'variadic_register_save_area': {'required': False,
                                 'status': 'not_required',
                                 'slots': [{'sid': 'v_2173',
                                            'bank': 'gp',
                                            'index': 0,
                                            'register': 'RDI',
                                            'width_bits': 64,
                                            'canonical_alias': 'param_0',
                                            'owner_namespace': 'logical_parameter',
                                            'owner_role': 'callable_parameter_carrier',
                                            'materialization': 'capture_entry_register_bits',
                                            'source': 'abi_context.registers',
                                            'runtime_helper': None,
                                            'authority': 'PALSymbolResolver_ABI_C_physical_carrier_binding'}],
                                 'gp_slots': [{'sid': 'v_2173',
                                               'bank': 'gp',
                                               'index': 0,
                                               'register': 'RDI',
                                               'width_bits': 64,
                                               'canonical_alias': 'param_0',
                                               'owner_namespace': 'logical_parameter',
                                               'owner_role': 'callable_parameter_carrier',
                                               'materialization': 'capture_entry_register_bits',
                                               'source': 'abi_context.registers',
                                               'runtime_helper': None,
                                               'authority': 'PALSymbolResolver_ABI_C_physical_carrier_binding'}],
                                 'sse_slots': [],
                                 'fixed_variadic_partition_status': 'deferred_to_entry_protocol_analysis',
                                 'source': 'abi_context.registers',
                                 'authority': 'ABI_C_carriers_plus_variadic_contract'},
 'overflow_argument_area': {'required': False,
                            'status': 'not_required',
                            'source': 'abi_context.overflow_argument_area',
                            'observed_stack_carriers': [],
                            'materialization': 'consume_preclassified_overflow_slots',
                            'offset_inference_allowed': False,
                            'authority': 'ABI_C_stack_carriers_or_variadic_protocol'},
 'variadic_al': {'required': False,
                 'status': 'not_required',
                 'source': 'abi_context.variadic_xmm_count',
                 'inputs': [],
                 'default_allowed': False,
                 'authority': 'ABI_C_variadic_xmm_count_contract'},
 'frame_base': {'required': False,
                'status': 'not_observed',
                'source': 'abi_context.frame_base',
                'inputs': [],
                'derive_from_parameter_names': False,
                'authority': 'ABI_C_frame_state_custody'},
 'tls_base': {'required': False,
              'status': 'not_observed',
              'source': 'abi_context.tls_base',
              'inputs': [],
              'derive_from_expression_names': False,
              'authority': 'ABI_C_tls_state_custody'},
 'return_contract': {'kind': 'pal_compute_return_carrier_contract_abi_d',
                     'version': 'v23b_abi_thunk_compatibility_return_reconciliation',
                     'status': 'return_width_proven_carrier_deferred',
                     'no_return': False,
                     'output_sid': None,
                     'output_width_bits': None,
                     'declared_width_bits': None,
                     'effective_result_width_bits': 64,
                     'declared_return': {'name': 'undefined',
                                         'display_name': 'undefined',
                                         'class_name': 'DefaultDataType',
                                         'length_bytes': 1,
                                         'width_bits': 8,
                                         'signed': None,
                                         'kind_hint': None},
                     'return_storage': {'repr': '<UNASSIGNED>',
                                        'size_bytes': 0,
                                        'flags': {'register': False,
                                                  'stack': False,
                                                  'memory': False,
                                                  'unassigned': True,
                                                  'void': False,
                                                  'auto': False},
                                        'pieces': [],
                                        'storage_keys': []},
                     'carrier_pieces': [],
                     'normalization': {'mode': 'mask_to_output_width',
                                       'width_bits': 64,
                                       'mask': 18446744073709551615},
                     'runtime_helper': None,
                     'runtime_helper_authority': 'no_ABI_runtime_helper_assigned',
                     'authority': 'reachable_raw_return_transport',
                     'reported_declared_width_bits': 8,
                     'declared_width_authoritative': False,
                     'declared_return_evidence_status': 'non_authoritative_default_or_unresolved_prototype',
                     'transport_width_bits': 64,
                     'logical_result_width_bits': 64,
                     'reachable_return_widths': [64],
                     'reachable_return_boundary_count': 1,
                     'unreachable_return_boundary_count': 0,
                     'deferred_return_boundary_count': 0},
 'reachable_return_boundaries': [{'block_addr': 1056772,
                                  'return_value_sid': 'c_0_8',
                                  'return_value_width_bits': 64,
                                  'return_transport_width_bits': 64,
                                  'return_logical_width_bits': 64,
                                  'return_declared_view': None,
                                  'return_boundary_authority': 'raw_return_register_transport',
                                  'return_reachability': 'reachable',
                                  'reachable_return': True,
                                  'execution_suppressed': False,
                                  'emission_policy': 'emit_reachable_return_boundary',
                                  'cut_by_no_return_blocks': [],
                                  'cut_by_no_return_call_op_keys': []}],
 'unreachable_return_boundaries': []}

[RETURN BOUNDARY RECONCILIATION]
{'kind': 'pal_compute_return_boundary_reconciliation_v23b',
 'version': 'v23b_abi_thunk_compatibility_return_reconciliation',
 'function': 'command_arm',
 'entry_block_addr': 1056360,
 'cfg_evidence_available': True,
 'no_return_terminating_blocks': [],
 'no_return_call_op_keys': [],
 'return_boundaries': 1,
 'reachable_return_boundaries': 1,
 'unreachable_return_boundaries': 0,
 'deferred_return_boundaries': 0,
 'reachable_return_widths': [64],
 'width_reconciled': True,
 'synthetic_no_return_continuations_suppressed': 0,
 'rule': 'traverse_CFG_with_no_return_blocks_as_terminal_then_reconcile_reachable_raw_return_transports_only'}

[CALL SITE ABI PLANS]
{'op_key': '1056417:(ram, 0x101ebc, 72, 6):6',
 'target': 'puts',
 'dispatch_class': 'external_via_import_thunk',
 'status': 'ready',
 'argument_count': 1,
 'carrier_allocation_status': 'complete',
 'target_compatibility_status': 'compatible',
 'target_compatible': True,
 'no_return': False,
 'result_width_bits': 32}
{'op_key': '1056499:(ram, 0x101efd, 338, 1):1',
 'target': 'puts',
 'dispatch_class': 'external_via_import_thunk',
 'status': 'ready',
 'argument_count': 1,
 'carrier_allocation_status': 'complete',
 'target_compatibility_status': 'compatible',
 'target_compatible': True,
 'no_return': False,
 'result_width_bits': 32}
{'op_key': '1056475:(ram, 0x101ee5, 116, 1):1',
 'target': 'puts',
 'dispatch_class': 'external_via_import_thunk',
 'status': 'ready',
 'argument_count': 1,
 'carrier_allocation_status': 'complete',
 'target_compatibility_status': 'compatible',
 'target_compatible': True,
 'no_return': False,
 'result_width_bits': 32}
{'op_key': '1056561:(ram, 0x101f3b, 333, 1):1',
 'target': 'puts',
 'dispatch_class': 'external_via_import_thunk',
 'status': 'ready',
 'argument_count': 1,
 'carrier_allocation_status': 'complete',
 'target_compatibility_status': 'compatible',
 'target_compatible': True,
 'no_return': False,
 'result_width_bits': 32}
{'op_key': '1056537:(ram, 0x101f23, 164, 1):1',
 'target': 'puts',
 'dispatch_class': 'external_via_import_thunk',
 'status': 'ready',
 'argument_count': 1,
 'carrier_allocation_status': 'complete',
 'target_compatibility_status': 'compatible',
 'target_compatible': True,
 'no_return': False,
 'result_width_bits': 32}
{'op_key': '1056576:(ram, 0x101f47, 175, 1):1',
 'target': 'refresh_checksum',
 'dispatch_class': 'internal_resolved',
 'status': 'ready',
 'argument_count': 1,
 'carrier_allocation_status': 'complete',
 'target_compatibility_status': 'deferred',
 'target_compatible': None,
 'no_return': False,
 'result_width_bits': 8}
{'op_key': '1056647:(ram, 0x101f91, 328, 1):1',
 'target': 'puts',
 'dispatch_class': 'external_via_import_thunk',
 'status': 'ready',
 'argument_count': 1,
 'carrier_allocation_status': 'complete',
 'target_compatibility_status': 'compatible',
 'target_compatible': True,
 'no_return': False,
 'result_width_bits': 32}
{'op_key': '1056623:(ram, 0x101f79, 251, 1):1',
 'target': 'puts',
 'dispatch_class': 'external_via_import_thunk',
 'status': 'ready',
 'argument_count': 1,
 'carrier_allocation_status': 'complete',
 'target_compatibility_status': 'compatible',
 'target_compatible': True,
 'no_return': False,
 'result_width_bits': 32}
{'op_key': '1056697:(ram, 0x101fc3, 323, 1):1',
 'target': 'puts',
 'dispatch_class': 'external_via_import_thunk',
 'status': 'ready',
 'argument_count': 1,
 'carrier_allocation_status': 'complete',
 'target_compatibility_status': 'compatible',
 'target_compatible': True,
 'no_return': False,
 'result_width_bits': 32}
{'op_key': '1056673:(ram, 0x101fab, 277, 1):1',
 'target': 'puts',
 'dispatch_class': 'external_via_import_thunk',
 'status': 'ready',
 'argument_count': 1,
 'carrier_allocation_status': 'complete',
 'target_compatibility_status': 'compatible',
 'target_compatible': True,
 'no_return': False,
 'result_width_bits': 32}
{'op_key': '1056735:(ram, 0x101ff0, 313, 1):1',
 'target': 'refresh_checksum',
 'dispatch_class': 'internal_resolved',
 'status': 'ready',
 'argument_count': 1,
 'carrier_allocation_status': 'complete',
 'target_compatibility_status': 'deferred',
 'target_compatible': None,
 'no_return': False,
 'result_width_bits': 8}
{'op_key': '1056735:(ram, 0x101fff, 318, 3):3',
 'target': 'puts',
 'dispatch_class': 'external_via_import_thunk',
 'status': 'ready',
 'argument_count': 1,
 'carrier_allocation_status': 'complete',
 'target_compatibility_status': 'compatible',
 'target_compatible': True,
 'no_return': False,
 'result_width_bits': 32}
{'op_key': '1056718:(ram, 0x101fd8, 300, 1):1',
 'target': 'puts',
 'dispatch_class': 'external_via_import_thunk',
 'status': 'ready',
 'argument_count': 1,
 'carrier_allocation_status': 'complete',
 'target_compatibility_status': 'compatible',
 'target_compatible': True,
 'no_return': False,
 'result_width_bits': 32}
{'op_key': '1056390:(ram, 0x101e97, 44, 1):1',
 'target': 'record_fault',
 'dispatch_class': 'internal_resolved',
 'status': 'ready',
 'argument_count': 2,
 'carrier_allocation_status': 'complete',
 'target_compatibility_status': 'deferred',
 'target_compatible': None,
 'no_return': False,
 'result_width_bits': 8}
===== END PAL COMPUTE ANALYZER =====


=========== SGL EXECUTION TREE ===========

sequence
  block [0x101e68]
  if [cond=(v_60 == 1)]
    then
      block [0x101ea1]
      if [cond=(v_200 < 0x64)]
        then
          sequence
            block [0x101edb]
        else
          block [0x101ecd]
          if [cond=not ((0x1f4 < v_254))]
            then
              sequence
                block [0x101ef3]
            else
              sequence
                block [0x101edb]
      block [0x101f02]
      if [cond=(v_327 < 1)]
        then
          sequence
            block [0x101f19]
        else
          block [0x101f0d]
          if [cond=not ((4 < v_377))]
            then
              sequence
                block [0x101f31]
            else
              sequence
                block [0x101f19]
      block [0x101f40]
      if [cond=((((v_532 + 1) ^ (v_470 ^ v_488)) & 1) == 0)]
        then
          sequence
            block [0x101f87]
        else
          sequence
            block [0x101f6f]
      block [0x101f96]
      if [cond=(v_677 == 0)]
        then
          sequence
            block [0x101fb9]
        else
          sequence
            block [0x101fa1]
      if [cond=v_2739]
        then
          sequence
            block [0x101fdf]
        else
          sequence
            block [0x101fce]
    else
      sequence
        block [0x101e86]
  sequence
    block [0x102004]

=========== END TREE ===========

[SGL EXEC TREE PERSISTED] path=/home/rem/gh/PAL/pyghidra-PAL/PAL/PAL_logs/f_0000000000101e68_command_arm.sgl.exec_tree.log mode=append temporary=False delete_on_completion=False

[PHI DROP-INS]
------------------------------------------------------------
pred=0x101edb -> join=0x101f02 :: v_2739 = v_2739
pred=0x101ef3 -> join=0x101f02 :: v_2739 = v_2739
pred=0x101f19 -> join=0x101f40 :: v_2739 = v_2739
pred=0x101f31 -> join=0x101f40 :: v_2739 = v_2739
pred=0x101f6f -> join=0x101f96 :: v_2739 = v_2739
pred=0x101f87 -> join=0x101f96 :: v_2739 = v_2739
pred=0x101fa1 -> join=0x101fc8 :: v_2739 = v_2739
pred=0x101fb9 -> join=0x101fc8 :: v_2739 = v_2739
------------------------------------------------------------
{'active': True,
 'bound_plans': 53,
 'control_contracts_forwarded': 15,
 'input_op_contracts': 69,
 'input_plans': 53,
 'kind': 'phi_compute_consumer_inventory_v21',
 'outputless_contracts_forwarded': 16,
 'phi_merge_contracts': 4,
 'phi_transition_contracts': 8,
 'preserved_compute_boundaries': 36,
 'preserved_deferred_contracts': 20,
 'preserved_outputless_boundaries': 16,
 'preserved_outputless_deferred_contracts': 16,
 'preserved_outputless_helpers': 2,
 'preserved_runtime_helpers': 32,
 'rule': 'preserve_PALCompute_authority_remap_execution_destination_only',
 'state_alias_bindings': 8,
 'transition_owners': {'source_state_alias': 8},
 'version': 'v21_compute_contract_consumers',
 'warnings': 0}
[]
