
===== CFG DEBUG =====

[EDGES]
0x1024e3 -> 0x102517  true raw=true role=raw_true_explicit_target pol=target inv=False edge=cfg-edge-v1:0x1024e3->0x102517 direct_join=False
0x1024e3 -> 0x10250d  false raw=false role=raw_false_fallthrough pol=target inv=True edge=cfg-edge-v1:0x1024e3->0x10250d direct_join=False
0x10250d -> 0x1026e0  uncond raw=uncond role=uncond pol=unknown inv=None edge=cfg-edge-v1:0x10250d->0x1026e0 direct_join=False
0x102517 -> 0x102542  true raw=true role=raw_true_explicit_target pol=target inv=False edge=cfg-edge-v1:0x102517->0x102542 direct_join=False
0x102517 -> 0x102531  false raw=false role=raw_false_fallthrough pol=target inv=True edge=cfg-edge-v1:0x102517->0x102531 direct_join=False
0x102531 -> 0x1026e0  uncond raw=uncond role=uncond pol=unknown inv=None edge=cfg-edge-v1:0x102531->0x1026e0 direct_join=False
0x102542 -> 0x10256d  true raw=true role=raw_true_explicit_target pol=target inv=False edge=cfg-edge-v1:0x102542->0x10256d direct_join=False
0x102542 -> 0x10255c  false raw=false role=raw_false_fallthrough pol=target inv=True edge=cfg-edge-v1:0x102542->0x10255c direct_join=False
0x10255c -> 0x1026e0  uncond raw=uncond role=uncond pol=unknown inv=None edge=cfg-edge-v1:0x10255c->0x1026e0 direct_join=False
0x10256d -> 0x102598  true raw=true role=raw_true_explicit_target pol=target inv=False edge=cfg-edge-v1:0x10256d->0x102598 direct_join=False
0x10256d -> 0x102587  false raw=false role=raw_false_fallthrough pol=target inv=True edge=cfg-edge-v1:0x10256d->0x102587 direct_join=False
0x102587 -> 0x1026e0  uncond raw=uncond role=uncond pol=unknown inv=None edge=cfg-edge-v1:0x102587->0x1026e0 direct_join=False
0x102598 -> 0x1025ca  true raw=true role=raw_true_explicit_target pol=target inv=False edge=cfg-edge-v1:0x102598->0x1025ca direct_join=False
0x102598 -> 0x1025b2  false raw=false role=raw_false_fallthrough pol=target inv=True edge=cfg-edge-v1:0x102598->0x1025b2 direct_join=False
0x1025b2 -> 0x1026e0  uncond raw=uncond role=uncond pol=unknown inv=None edge=cfg-edge-v1:0x1025b2->0x1026e0 direct_join=False
0x1025ca -> 0x1025fc  true raw=true role=raw_true_explicit_target pol=target inv=False edge=cfg-edge-v1:0x1025ca->0x1025fc direct_join=False
0x1025ca -> 0x1025e4  false raw=false role=raw_false_fallthrough pol=target inv=True edge=cfg-edge-v1:0x1025ca->0x1025e4 direct_join=False
0x1025e4 -> 0x1026e0  uncond raw=uncond role=uncond pol=unknown inv=None edge=cfg-edge-v1:0x1025e4->0x1026e0 direct_join=False
0x1025fc -> 0x102627  true raw=true role=raw_true_explicit_target pol=target inv=False edge=cfg-edge-v1:0x1025fc->0x102627 direct_join=False
0x1025fc -> 0x102616  false raw=false role=raw_false_fallthrough pol=target inv=True edge=cfg-edge-v1:0x1025fc->0x102616 direct_join=False
0x102616 -> 0x1026e0  uncond raw=uncond role=uncond pol=unknown inv=None edge=cfg-edge-v1:0x102616->0x1026e0 direct_join=False
0x102627 -> 0x102659  true raw=true role=raw_true_explicit_target pol=target inv=False edge=cfg-edge-v1:0x102627->0x102659 direct_join=False
0x102627 -> 0x102641  false raw=false role=raw_false_fallthrough pol=target inv=True edge=cfg-edge-v1:0x102627->0x102641 direct_join=False
0x102641 -> 0x1026e0  uncond raw=uncond role=uncond pol=unknown inv=None edge=cfg-edge-v1:0x102641->0x1026e0 direct_join=False
0x102659 -> 0x102681  true raw=true role=raw_true_explicit_target pol=target inv=False edge=cfg-edge-v1:0x102659->0x102681 direct_join=False
0x102659 -> 0x102673  false raw=false role=raw_false_fallthrough pol=target inv=True edge=cfg-edge-v1:0x102659->0x102673 direct_join=False
0x102673 -> 0x1026e0  uncond raw=uncond role=uncond pol=unknown inv=None edge=cfg-edge-v1:0x102673->0x1026e0 direct_join=False
0x102681 -> 0x1026a9  true raw=true role=raw_true_explicit_target pol=target inv=False edge=cfg-edge-v1:0x102681->0x1026a9 direct_join=False
0x102681 -> 0x10269b  false raw=false role=raw_false_fallthrough pol=target inv=True edge=cfg-edge-v1:0x102681->0x10269b direct_join=False
0x10269b -> 0x1026e0  uncond raw=uncond role=uncond pol=unknown inv=None edge=cfg-edge-v1:0x10269b->0x1026e0 direct_join=False
0x1026a9 -> 0x1026ca  true raw=true role=raw_true_explicit_target pol=fallthrough inv=True edge=cfg-edge-v1:0x1026a9->0x1026ca direct_join=False
0x1026a9 -> 0x1026c3  false raw=false role=raw_false_fallthrough pol=fallthrough inv=False edge=cfg-edge-v1:0x1026a9->0x1026c3 direct_join=False
0x1026c3 -> EXIT  uncond raw=uncond role=uncond pol=unknown inv=None edge=cfg-edge-v1:0x1026c3->EXIT direct_join=False
0x1026ca -> 0x1026e0  uncond raw=uncond role=uncond pol=unknown inv=None edge=cfg-edge-v1:0x1026ca->0x1026e0 direct_join=False
0x1026e0 -> EXIT  uncond raw=uncond role=uncond pol=unknown inv=None edge=cfg-edge-v1:0x1026e0->EXIT direct_join=False

[BRANCH RESOLUTION EVENTS]
{'kind': 'binary_branch_truth_bound_by_evidence_class_v21d', 'src': 1058019, 'first_dst': 1058071, 'second_dst': 1058061, 'hf_target': 1058071, 'hf_normalized_target': 1058071, 'direct_dst': 1058071, 'first_invert': False, 'second_invert': True, 'condition_truth_authority': 'raw_jcc_hf_relation_direct_flags', 'reason': 'branch_truth_evidence_v21d hf_target=0x102517 raw_target=0x102517 raw_fallthrough=0x10250d legacy_hint=(mnemonic=JZ hf_cond_opcode=INT_EQUAL) class=direct_flags', 'relation_evidence': {'version': 'ordered_relation_algebra_v23e', 'status': 'unresolved', 'mnemonic': 'JZ', 'raw_relation': None, 'raw_domain': None, 'hf_opcode': 'INT_EQUAL', 'hf_relation': None, 'hf_domain': None, 'operand_profile': {'status': 'unresolved', 'reason': 'constant_threshold_requires_exact_value_custody', 'operand_count': 2, 'left_sid': 'v_2210', 'right_sid': 'c_0_4', 'left_identity': ('high', 'high_rep:2210'), 'right_identity': ('constant', 32, 0), 'left_width_bits': 32, 'right_width_bits': 32, 'left_constant': False, 'right_constant': True}, 'operand_orientation': None, 'relation_to_hf': None, 'invert_for_target': None, 'invert_for_fallthrough': None, 'reason': 'ordered_relation_family_not_applicable', 'legacy_hint_resolved': True, 'selected_as_authority': False}, 'boolean_carrier_evidence': {'status': 'proven_boolean', 'reason': 'comparison_result_is_boolean', 'root_opcode': 'INT_EQUAL', 'contains_multiequal': False, 'depth': 0}}
{'kind': 'binary_branch_truth_bound_by_evidence_class_v21d', 'src': 1058071, 'first_dst': 1058114, 'second_dst': 1058097, 'hf_target': 1058114, 'hf_normalized_target': 1058114, 'direct_dst': 1058114, 'first_invert': False, 'second_invert': True, 'condition_truth_authority': 'raw_jcc_hf_relation_direct_flags', 'reason': 'branch_truth_evidence_v21d hf_target=0x102542 raw_target=0x102542 raw_fallthrough=0x102531 legacy_hint=(mnemonic=JZ hf_cond_opcode=INT_EQUAL) class=direct_flags', 'relation_evidence': {'version': 'ordered_relation_algebra_v23e', 'status': 'unresolved', 'mnemonic': 'JZ', 'raw_relation': None, 'raw_domain': None, 'hf_opcode': 'INT_EQUAL', 'hf_relation': None, 'hf_domain': None, 'operand_profile': {'status': 'unresolved', 'reason': 'constant_threshold_requires_exact_value_custody', 'operand_count': 2, 'left_sid': 'v_2221', 'right_sid': 'c_0_4', 'left_identity': ('high', 'high_rep:2210'), 'right_identity': ('constant', 32, 0), 'left_width_bits': 32, 'right_width_bits': 32, 'left_constant': False, 'right_constant': True}, 'operand_orientation': None, 'relation_to_hf': None, 'invert_for_target': None, 'invert_for_fallthrough': None, 'reason': 'ordered_relation_family_not_applicable', 'legacy_hint_resolved': True, 'selected_as_authority': False}, 'boolean_carrier_evidence': {'status': 'proven_boolean', 'reason': 'comparison_result_is_boolean', 'root_opcode': 'INT_EQUAL', 'contains_multiequal': False, 'depth': 0}}
{'kind': 'binary_branch_truth_bound_by_evidence_class_v21d', 'src': 1058114, 'first_dst': 1058157, 'second_dst': 1058140, 'hf_target': 1058157, 'hf_normalized_target': 1058157, 'direct_dst': 1058157, 'first_invert': False, 'second_invert': True, 'condition_truth_authority': 'raw_jcc_hf_relation_direct_flags', 'reason': 'branch_truth_evidence_v21d hf_target=0x10256d raw_target=0x10256d raw_fallthrough=0x10255c legacy_hint=(mnemonic=JZ hf_cond_opcode=INT_EQUAL) class=direct_flags', 'relation_evidence': {'version': 'ordered_relation_algebra_v23e', 'status': 'unresolved', 'mnemonic': 'JZ', 'raw_relation': None, 'raw_domain': None, 'hf_opcode': 'INT_EQUAL', 'hf_relation': None, 'hf_domain': None, 'operand_profile': {'status': 'unresolved', 'reason': 'constant_threshold_requires_exact_value_custody', 'operand_count': 2, 'left_sid': 'v_2232', 'right_sid': 'c_0_4', 'left_identity': ('high', 'high_rep:2210'), 'right_identity': ('constant', 32, 0), 'left_width_bits': 32, 'right_width_bits': 32, 'left_constant': False, 'right_constant': True}, 'operand_orientation': None, 'relation_to_hf': None, 'invert_for_target': None, 'invert_for_fallthrough': None, 'reason': 'ordered_relation_family_not_applicable', 'legacy_hint_resolved': True, 'selected_as_authority': False}, 'boolean_carrier_evidence': {'status': 'proven_boolean', 'reason': 'comparison_result_is_boolean', 'root_opcode': 'INT_EQUAL', 'contains_multiequal': False, 'depth': 0}}
{'kind': 'binary_branch_truth_bound_by_evidence_class_v21d', 'src': 1058157, 'first_dst': 1058200, 'second_dst': 1058183, 'hf_target': 1058200, 'hf_normalized_target': 1058200, 'direct_dst': 1058200, 'first_invert': False, 'second_invert': True, 'condition_truth_authority': 'raw_jcc_hf_relation_direct_flags', 'reason': 'branch_truth_evidence_v21d hf_target=0x102598 raw_target=0x102598 raw_fallthrough=0x102587 legacy_hint=(mnemonic=JZ hf_cond_opcode=INT_EQUAL) class=direct_flags', 'relation_evidence': {'version': 'ordered_relation_algebra_v23e', 'status': 'unresolved', 'mnemonic': 'JZ', 'raw_relation': None, 'raw_domain': None, 'hf_opcode': 'INT_EQUAL', 'hf_relation': None, 'hf_domain': None, 'operand_profile': {'status': 'unresolved', 'reason': 'constant_threshold_requires_exact_value_custody', 'operand_count': 2, 'left_sid': 'v_2243', 'right_sid': 'c_0_4', 'left_identity': ('high', 'high_rep:2210'), 'right_identity': ('constant', 32, 0), 'left_width_bits': 32, 'right_width_bits': 32, 'left_constant': False, 'right_constant': True}, 'operand_orientation': None, 'relation_to_hf': None, 'invert_for_target': None, 'invert_for_fallthrough': None, 'reason': 'ordered_relation_family_not_applicable', 'legacy_hint_resolved': True, 'selected_as_authority': False}, 'boolean_carrier_evidence': {'status': 'proven_boolean', 'reason': 'comparison_result_is_boolean', 'root_opcode': 'INT_EQUAL', 'contains_multiequal': False, 'depth': 0}}
{'kind': 'binary_branch_truth_bound_by_evidence_class_v21d', 'src': 1058200, 'first_dst': 1058250, 'second_dst': 1058226, 'hf_target': 1058250, 'hf_normalized_target': 1058250, 'direct_dst': 1058250, 'first_invert': False, 'second_invert': True, 'condition_truth_authority': 'raw_jcc_hf_relation_direct_flags', 'reason': 'branch_truth_evidence_v21d hf_target=0x1025ca raw_target=0x1025ca raw_fallthrough=0x1025b2 legacy_hint=(mnemonic=JZ hf_cond_opcode=INT_EQUAL) class=direct_flags', 'relation_evidence': {'version': 'ordered_relation_algebra_v23e', 'status': 'unresolved', 'mnemonic': 'JZ', 'raw_relation': None, 'raw_domain': None, 'hf_opcode': 'INT_EQUAL', 'hf_relation': None, 'hf_domain': None, 'operand_profile': {'status': 'unresolved', 'reason': 'constant_threshold_requires_exact_value_custody', 'operand_count': 2, 'left_sid': 'v_2254', 'right_sid': 'c_0_4', 'left_identity': ('high', 'high_rep:2210'), 'right_identity': ('constant', 32, 0), 'left_width_bits': 32, 'right_width_bits': 32, 'left_constant': False, 'right_constant': True}, 'operand_orientation': None, 'relation_to_hf': None, 'invert_for_target': None, 'invert_for_fallthrough': None, 'reason': 'ordered_relation_family_not_applicable', 'legacy_hint_resolved': True, 'selected_as_authority': False}, 'boolean_carrier_evidence': {'status': 'proven_boolean', 'reason': 'comparison_result_is_boolean', 'root_opcode': 'INT_EQUAL', 'contains_multiequal': False, 'depth': 0}}
{'kind': 'binary_branch_truth_bound_by_evidence_class_v21d', 'src': 1058250, 'first_dst': 1058300, 'second_dst': 1058276, 'hf_target': 1058300, 'hf_normalized_target': 1058300, 'direct_dst': 1058300, 'first_invert': False, 'second_invert': True, 'condition_truth_authority': 'raw_jcc_hf_relation_direct_flags', 'reason': 'branch_truth_evidence_v21d hf_target=0x1025fc raw_target=0x1025fc raw_fallthrough=0x1025e4 legacy_hint=(mnemonic=JZ hf_cond_opcode=INT_EQUAL) class=direct_flags', 'relation_evidence': {'version': 'ordered_relation_algebra_v23e', 'status': 'unresolved', 'mnemonic': 'JZ', 'raw_relation': None, 'raw_domain': None, 'hf_opcode': 'INT_EQUAL', 'hf_relation': None, 'hf_domain': None, 'operand_profile': {'status': 'unresolved', 'reason': 'constant_threshold_requires_exact_value_custody', 'operand_count': 2, 'left_sid': 'v_2265', 'right_sid': 'c_0_4', 'left_identity': ('high', 'high_rep:2210'), 'right_identity': ('constant', 32, 0), 'left_width_bits': 32, 'right_width_bits': 32, 'left_constant': False, 'right_constant': True}, 'operand_orientation': None, 'relation_to_hf': None, 'invert_for_target': None, 'invert_for_fallthrough': None, 'reason': 'ordered_relation_family_not_applicable', 'legacy_hint_resolved': True, 'selected_as_authority': False}, 'boolean_carrier_evidence': {'status': 'proven_boolean', 'reason': 'comparison_result_is_boolean', 'root_opcode': 'INT_EQUAL', 'contains_multiequal': False, 'depth': 0}}
{'kind': 'binary_branch_truth_bound_by_evidence_class_v21d', 'src': 1058300, 'first_dst': 1058343, 'second_dst': 1058326, 'hf_target': 1058343, 'hf_normalized_target': 1058343, 'direct_dst': 1058343, 'first_invert': False, 'second_invert': True, 'condition_truth_authority': 'raw_jcc_hf_relation_direct_flags', 'reason': 'branch_truth_evidence_v21d hf_target=0x102627 raw_target=0x102627 raw_fallthrough=0x102616 legacy_hint=(mnemonic=JZ hf_cond_opcode=INT_EQUAL) class=direct_flags', 'relation_evidence': {'version': 'ordered_relation_algebra_v23e', 'status': 'unresolved', 'mnemonic': 'JZ', 'raw_relation': None, 'raw_domain': None, 'hf_opcode': 'INT_EQUAL', 'hf_relation': None, 'hf_domain': None, 'operand_profile': {'status': 'unresolved', 'reason': 'constant_threshold_requires_exact_value_custody', 'operand_count': 2, 'left_sid': 'v_2276', 'right_sid': 'c_0_4', 'left_identity': ('high', 'high_rep:2210'), 'right_identity': ('constant', 32, 0), 'left_width_bits': 32, 'right_width_bits': 32, 'left_constant': False, 'right_constant': True}, 'operand_orientation': None, 'relation_to_hf': None, 'invert_for_target': None, 'invert_for_fallthrough': None, 'reason': 'ordered_relation_family_not_applicable', 'legacy_hint_resolved': True, 'selected_as_authority': False}, 'boolean_carrier_evidence': {'status': 'proven_boolean', 'reason': 'comparison_result_is_boolean', 'root_opcode': 'INT_EQUAL', 'contains_multiequal': False, 'depth': 0}}
{'kind': 'binary_branch_truth_bound_by_evidence_class_v21d', 'src': 1058343, 'first_dst': 1058393, 'second_dst': 1058369, 'hf_target': 1058393, 'hf_normalized_target': 1058393, 'direct_dst': 1058393, 'first_invert': False, 'second_invert': True, 'condition_truth_authority': 'raw_jcc_hf_relation_direct_flags', 'reason': 'branch_truth_evidence_v21d hf_target=0x102659 raw_target=0x102659 raw_fallthrough=0x102641 legacy_hint=(mnemonic=JZ hf_cond_opcode=INT_EQUAL) class=direct_flags', 'relation_evidence': {'version': 'ordered_relation_algebra_v23e', 'status': 'unresolved', 'mnemonic': 'JZ', 'raw_relation': None, 'raw_domain': None, 'hf_opcode': 'INT_EQUAL', 'hf_relation': None, 'hf_domain': None, 'operand_profile': {'status': 'unresolved', 'reason': 'constant_threshold_requires_exact_value_custody', 'operand_count': 2, 'left_sid': 'v_2287', 'right_sid': 'c_0_4', 'left_identity': ('high', 'high_rep:2210'), 'right_identity': ('constant', 32, 0), 'left_width_bits': 32, 'right_width_bits': 32, 'left_constant': False, 'right_constant': True}, 'operand_orientation': None, 'relation_to_hf': None, 'invert_for_target': None, 'invert_for_fallthrough': None, 'reason': 'ordered_relation_family_not_applicable', 'legacy_hint_resolved': True, 'selected_as_authority': False}, 'boolean_carrier_evidence': {'status': 'proven_boolean', 'reason': 'comparison_result_is_boolean', 'root_opcode': 'INT_EQUAL', 'contains_multiequal': False, 'depth': 0}}
{'kind': 'binary_branch_truth_bound_by_evidence_class_v21d', 'src': 1058393, 'first_dst': 1058433, 'second_dst': 1058419, 'hf_target': 1058433, 'hf_normalized_target': 1058433, 'direct_dst': 1058433, 'first_invert': False, 'second_invert': True, 'condition_truth_authority': 'raw_jcc_hf_relation_direct_flags', 'reason': 'branch_truth_evidence_v21d hf_target=0x102681 raw_target=0x102681 raw_fallthrough=0x102673 legacy_hint=(mnemonic=JZ hf_cond_opcode=INT_EQUAL) class=direct_flags', 'relation_evidence': {'version': 'ordered_relation_algebra_v23e', 'status': 'unresolved', 'mnemonic': 'JZ', 'raw_relation': None, 'raw_domain': None, 'hf_opcode': 'INT_EQUAL', 'hf_relation': None, 'hf_domain': None, 'operand_profile': {'status': 'unresolved', 'reason': 'constant_threshold_requires_exact_value_custody', 'operand_count': 2, 'left_sid': 'v_2298', 'right_sid': 'c_0_4', 'left_identity': ('high', 'high_rep:2210'), 'right_identity': ('constant', 32, 0), 'left_width_bits': 32, 'right_width_bits': 32, 'left_constant': False, 'right_constant': True}, 'operand_orientation': None, 'relation_to_hf': None, 'invert_for_target': None, 'invert_for_fallthrough': None, 'reason': 'ordered_relation_family_not_applicable', 'legacy_hint_resolved': True, 'selected_as_authority': False}, 'boolean_carrier_evidence': {'status': 'proven_boolean', 'reason': 'comparison_result_is_boolean', 'root_opcode': 'INT_EQUAL', 'contains_multiequal': False, 'depth': 0}}
{'kind': 'binary_branch_truth_bound_by_evidence_class_v21d', 'src': 1058433, 'first_dst': 1058473, 'second_dst': 1058459, 'hf_target': 1058473, 'hf_normalized_target': 1058473, 'direct_dst': 1058473, 'first_invert': False, 'second_invert': True, 'condition_truth_authority': 'raw_jcc_hf_relation_direct_flags', 'reason': 'branch_truth_evidence_v21d hf_target=0x1026a9 raw_target=0x1026a9 raw_fallthrough=0x10269b legacy_hint=(mnemonic=JZ hf_cond_opcode=INT_EQUAL) class=direct_flags', 'relation_evidence': {'version': 'ordered_relation_algebra_v23e', 'status': 'unresolved', 'mnemonic': 'JZ', 'raw_relation': None, 'raw_domain': None, 'hf_opcode': 'INT_EQUAL', 'hf_relation': None, 'hf_domain': None, 'operand_profile': {'status': 'unresolved', 'reason': 'constant_threshold_requires_exact_value_custody', 'operand_count': 2, 'left_sid': 'v_2309', 'right_sid': 'c_0_4', 'left_identity': ('high', 'high_rep:2210'), 'right_identity': ('constant', 32, 0), 'left_width_bits': 32, 'right_width_bits': 32, 'left_constant': False, 'right_constant': True}, 'operand_orientation': None, 'relation_to_hf': None, 'invert_for_target': None, 'invert_for_fallthrough': None, 'reason': 'ordered_relation_family_not_applicable', 'legacy_hint_resolved': True, 'selected_as_authority': False}, 'boolean_carrier_evidence': {'status': 'proven_boolean', 'reason': 'comparison_result_is_boolean', 'root_opcode': 'INT_EQUAL', 'contains_multiequal': False, 'depth': 0}}
{'kind': 'binary_branch_truth_bound_by_evidence_class_v21d', 'src': 1058473, 'first_dst': 1058506, 'second_dst': 1058499, 'hf_target': 1058506, 'hf_normalized_target': 1058506, 'direct_dst': 1058499, 'first_invert': True, 'second_invert': False, 'condition_truth_authority': 'raw_jcc_hf_relation_direct_flags', 'reason': 'branch_truth_evidence_v21d hf_target=0x1026ca raw_target=0x1026ca raw_fallthrough=0x1026c3 legacy_hint=(mnemonic=JZ hf_cond_opcode=INT_NOTEQUAL) class=direct_flags', 'relation_evidence': {'version': 'ordered_relation_algebra_v23e', 'status': 'unresolved', 'mnemonic': 'JZ', 'raw_relation': None, 'raw_domain': None, 'hf_opcode': 'INT_NOTEQUAL', 'hf_relation': None, 'hf_domain': None, 'operand_profile': {'status': 'unresolved', 'reason': 'constant_threshold_requires_exact_value_custody', 'operand_count': 2, 'left_sid': 'v_2320', 'right_sid': 'c_0_4', 'left_identity': ('high', 'high_rep:2210'), 'right_identity': ('constant', 32, 0), 'left_width_bits': 32, 'right_width_bits': 32, 'left_constant': False, 'right_constant': True}, 'operand_orientation': None, 'relation_to_hf': None, 'invert_for_target': None, 'invert_for_fallthrough': None, 'reason': 'ordered_relation_family_not_applicable', 'legacy_hint_resolved': True, 'selected_as_authority': False}, 'boolean_carrier_evidence': {'status': 'proven_boolean', 'reason': 'comparison_result_is_boolean', 'root_opcode': 'INT_NOTEQUAL', 'contains_multiequal': False, 'depth': 0}}

[EDGE IDENTITY v23 / BOHDI EMPEROR]
{'kind': 'cfg_edge_identity_inventory_v23', 'version': 'FunctionCFG_v23e_clothed_emperor_cfg_truth', 'id_schema': 'cfg_edge_identity_v1', 'canonical_identity': '(src_addr,dst_addr)', 'edges': 35, 'unique_edge_keys': 35, 'binary_cbranch_edges': 22, 'direct_join_edges': 0, 'direct_join_branch_arm_edges': 0, 'direct_join_loop_exit_edges': 0, 'direct_join_empty_arm_candidates': 0, 'warnings': 0, 'topology_mutations': 0, 'polarity_mutations': 0, 'rule': 'freeze_repaired_CFG_edge_identity_then_mark_exact_binary_CBRANCH_edge_to_IPDOM'}

[IPDOM]
0x1024e3 -> ipdom: EXIT
0x10250d -> ipdom: 0x1026e0
0x102517 -> ipdom: EXIT
0x102531 -> ipdom: 0x1026e0
0x102542 -> ipdom: EXIT
0x10255c -> ipdom: 0x1026e0
0x10256d -> ipdom: EXIT
0x102587 -> ipdom: 0x1026e0
0x102598 -> ipdom: EXIT
0x1025b2 -> ipdom: 0x1026e0
0x1025ca -> ipdom: EXIT
0x1025e4 -> ipdom: 0x1026e0
0x1025fc -> ipdom: EXIT
0x102616 -> ipdom: 0x1026e0
0x102627 -> ipdom: EXIT
0x102641 -> ipdom: 0x1026e0
0x102659 -> ipdom: EXIT
0x102673 -> ipdom: 0x1026e0
0x102681 -> ipdom: EXIT
0x10269b -> ipdom: 0x1026e0
0x1026a9 -> ipdom: EXIT
0x1026c3 -> ipdom: EXIT
0x1026ca -> ipdom: 0x1026e0
0x1026e0 -> ipdom: EXIT

=====================

===== PAL RESOLVER INDIRECT STORAGE v22c =====

[INVENTORY]
{'active': False,
 'address_tied_families': 0,
 'custody_transitions': 0,
 'effect_owner_groups': 0,
 'escape_barrier_sids': 0,
 'input_contracts': 0,
 'kind': 'resolver_indirect_storage_inventory_v22c',
 'machine_state_families': 0,
 'machine_state_sids': 0,
 'owner_categories': {},
 'parameter_initializers': 0,
 'persistent_families': 0,
 'rule': 'HighVariable_identity_families_plus_address_escape_alias_barrier',
 'runtime_order': 'CFG_governed_not_linearized',
 'storage_families': 0,
 'version': 'v22c_indirect_storage_families',
 'warnings': 0}

[STORAGE FAMILIES]

[PARAMETER INITIALIZERS / STORAGE WRITES]
[]

[WARNINGS]
[]
===== END PAL RESOLVER INDIRECT STORAGE =====

========================================================================
PALRAW AUDIT v0.3 :: raw instruction BLOCK p-code vs HF/PAL CFG
========================================================================

--- 0x10127f ---
Raw block  : 0x10127f -> next 0x1024e3
Instr count: 0
Terminal   : None None
Raw succs  : []
Norm succs : None
HF block   : None
CFG edges  : []
STATUS     : no_hf_block
NOTE       : No PAL/HighFunction block mapped to this address.
Raw instructions:
Terminal raw p-code:
HF/PAL ops :

--- 0x1011b6 ---
Raw block  : 0x1011b6 -> next 0x1024e3
Instr count: 0
Terminal   : None None
Raw succs  : []
Norm succs : None
HF block   : None
CFG edges  : []
STATUS     : no_hf_block
NOTE       : No PAL/HighFunction block mapped to this address.
Raw instructions:
Terminal raw p-code:
HF/PAL ops :

--- 0x101219 ---
Raw block  : 0x101219 -> next 0x1024e3
Instr count: 2
Terminal   : 0x101220 JMP 0x00101232
Raw succs  : ['0x101232']
Norm succs : None
HF block   : None
CFG edges  : []
STATUS     : no_hf_block
NOTE       : No PAL/HighFunction block mapped to this address.
Raw instructions:
   0x101219  LEA RAX,[0x103021]
   0x101220  JMP 0x00101232
Terminal raw p-code:
     ---  BRANCH (ram, 0x101232, 8)
HF/PAL ops :

--- 0x10120f ---
Raw block  : 0x10120f -> next 0x1024e3
Instr count: 0
Terminal   : None None
Raw succs  : []
Norm succs : None
HF block   : None
CFG edges  : []
STATUS     : no_hf_block
NOTE       : No PAL/HighFunction block mapped to this address.
Raw instructions:
Terminal raw p-code:
HF/PAL ops :

--- 0x101221 ---
Raw block  : 0x101221 -> next 0x1024e3
Instr count: 0
Terminal   : None None
Raw succs  : []
Norm succs : None
HF block   : None
CFG edges  : []
STATUS     : no_hf_block
NOTE       : No PAL/HighFunction block mapped to this address.
Raw instructions:
Terminal raw p-code:
HF/PAL ops :

--- 0x101284 ---
Raw block  : 0x101284 -> next 0x1024e3
Instr count: 0
Terminal   : None None
Raw succs  : []
Norm succs : None
HF block   : None
CFG edges  : []
STATUS     : no_hf_block
NOTE       : No PAL/HighFunction block mapped to this address.
Raw instructions:
Terminal raw p-code:
HF/PAL ops :

--- 0x10127f ---
Raw block  : 0x10127f -> next 0x1024e3
Instr count: 0
Terminal   : None None
Raw succs  : []
Norm succs : None
HF block   : None
CFG edges  : []
STATUS     : no_hf_block
NOTE       : No PAL/HighFunction block mapped to this address.
Raw instructions:
Terminal raw p-code:
HF/PAL ops :

========================================================================

===== PAL COMPUTE ANALYZER =====
{'kind': 'pal_compute_inventory_v22',
 'version': 'v23b_abi_thunk_compatibility_return_reconciliation',
 'runtime_representation': 'raw_unsigned_bitvector_at_ssa_boundaries',
 'operations': 47,
 'output_plans': 36,
 'control_contracts': 23,
 'c_compute_filtered': 39,
 'use_site_overrides': 6,
 'return_observation_view_mismatches': 0,
 'storage_custody_related_ops': 0,
 'indirect_custody_contracts': 0,
 'indirect_custody_resolved': 0,
 'indirect_custody_deferred': 0,
 'indirect_effect_owner_compute_ops': 0,
 'storage_family_bindings': 0,
 'function_entry_abi_plan': True,
 'call_site_abi_plans': 22,
 'internal_call_plan_failures': 22,
 'unsupported_implicit_inputs': 0,
 'abi_runtime_helper_assignments': 0,
 'no_return_calls': 0,
 'reachable_return_boundaries': 2,
 'unreachable_return_boundaries': 0,
 'synthetic_no_return_continuations_suppressed': 0,
 'statuses': {'deferred_memory': 6,
              'deferred_external': 22,
              'helper_required': 11,
              'metadata_only': 8},
 'categories': {'pointer_arithmetic': 6,
                'call_boundary': 22,
                'comparison': 11,
                'transport': 8},
 'helpers': {'c_ptrsub': 6, 'c_eq': 10, 'c_ne': 1},
 'opcodes': {'PTRSUB': 6,
             'CALL': 22,
             'INT_EQUAL': 10,
             'COPY': 8,
             'INT_NOTEQUAL': 1},
 'warnings': 0}

[WARNINGS]
[]

[METADATA-ONLY COMPUTE BOUNDARIES]

[HELPER-REQUIRED CONTRACTS]
0x1024e3 INT_EQUAL v_84 helper=c_eq widths=[32, 32]->8 overrides=0
0x102517 INT_EQUAL v_158 helper=c_eq widths=[32, 32]->8 overrides=0
0x102542 INT_EQUAL v_225 helper=c_eq widths=[32, 32]->8 overrides=0
0x10256d INT_EQUAL v_292 helper=c_eq widths=[32, 32]->8 overrides=0
0x102598 INT_EQUAL v_359 helper=c_eq widths=[32, 32]->8 overrides=0
0x1025ca INT_EQUAL v_436 helper=c_eq widths=[32, 32]->8 overrides=0
0x1025fc INT_EQUAL v_513 helper=c_eq widths=[32, 32]->8 overrides=0
0x102627 INT_EQUAL v_580 helper=c_eq widths=[32, 32]->8 overrides=0
0x102659 INT_EQUAL v_657 helper=c_eq widths=[32, 32]->8 overrides=0
0x102681 INT_EQUAL v_724 helper=c_eq widths=[32, 32]->8 overrides=0
0x1026a9 INT_NOTEQUAL v_791 helper=c_ne widths=[32, 32]->8 overrides=0

[INDIRECT STORAGE-CUSTODY CONTRACTS]

[INDIRECT CUSTODY INVENTORY]
{'kind': 'pal_compute_indirect_custody_inventory_v22d',
 'version': 'v23b_abi_thunk_compatibility_return_reconciliation',
 'resolver_transitions': 0,
 'compute_indirect_contracts': 0,
 'resolved_custody': 0,
 'deferred_custody': 0,
 'effect_owner_compute_bindings': 0,
 'effect_owner_compute_ops': 0,
 'owner_categories': {},
 'storage_families': 0,
 'storage_sid_bindings': 0,
 'address_escape_barrier_sids': 0,
 'parameter_storage_initializers': 0,
 'runtime_helpers': 0,
 'warnings': 0,
 'rule': 'INDIRECT_is_metadata_only_owner_bound_storage_transition'}

[ABI-D ENTRY/CALL PLAN INVENTORY]
{'kind': 'pal_compute_abi_plan_inventory_v23',
 'version': 'v23b_abi_thunk_compatibility_return_reconciliation',
 'function': 'dispatch_command',
 'entry_plan_present': True,
 'entry_plan_status': 'ready',
 'fixed_arguments': 2,
 'implicit_inputs': 0,
 'implicit_inputs_unsupported': 0,
 'call_compute_contracts': 22,
 'call_site_plans': 22,
 'call_sites_without_plan': 0,
 'call_statuses': {'ready': 22},
 'dispatch_classes': {'internal_resolved': 22},
 'internal_calls': 22,
 'internal_calls_with_target_compatible_plan': 0,
 'internal_calls_without_target_compatible_plan': 22,
 'internal_calls_with_deferred_target_compatibility': 22,
 'internal_calls_with_incompatible_target': 0,
 'internal_calls_without_transport_plan': 0,
 'external_calls': 0,
 'thunk_calls': 0,
 'external_via_thunk_calls': 0,
 'thunk_endpoint_deferred_calls': 0,
 'thunk_calls_misclassified_internal': 0,
 'target_compatibility_overclaims': 0,
 'no_return_calls': 0,
 'result_carrier_contracts': 22,
 'abi_runtime_helper_assignments': 0,
 'warnings': 0,
 'acceptance_gates': {'every_emitted_function_has_entry_plan': True,
                      'every_call_has_call_site_plan': True,
                      'every_internal_call_has_target_compatible_plan': False,
                      'every_internal_call_has_carrier_transport_plan': True,
                      'no_resolved_thunk_misclassified_internal': True,
                      'no_target_compatibility_overclaim': True,
                      'no_implicit_input_is_unsupported': True,
                      'no_runtime_helper_assigned_by_ABI_guesswork': True},
 'return_boundary_reconciliation': {'kind': 'pal_compute_return_boundary_reconciliation_v23b',
                                    'version': 'v23b_abi_thunk_compatibility_return_reconciliation',
                                    'function': 'dispatch_command',
                                    'entry_block_addr': 1058019,
                                    'cfg_evidence_available': True,
                                    'no_return_terminating_blocks': [],
                                    'no_return_call_op_keys': [],
                                    'return_boundaries': 2,
                                    'reachable_return_boundaries': 2,
                                    'unreachable_return_boundaries': 0,
                                    'deferred_return_boundaries': 0,
                                    'reachable_return_widths': [64],
                                    'width_reconciled': True,
                                    'synthetic_no_return_continuations_suppressed': 0,
                                    'rule': 'traverse_CFG_with_no_return_blocks_as_terminal_then_reconcile_reachable_raw_return_transports_only'},
 'rule': 'ABI_A_B_C_authority_only_thunk_endpoint_and_compatibility_tri_state_no_downstream_argument_reinference'}

[FUNCTION ENTRY ABI PLAN]
{'plan_id': 'function_entry:1058015',
 'status': 'ready',
 'callable_signature_status': 'legacy_non_variadic_fallback',
 'fixed_argument_count': 2,
 'implicit_input_count': 0,
 'variadic_register_save_area': {'required': False,
                                 'status': 'not_required',
                                 'slots': [{'sid': 'v_2187',
                                            'bank': 'gp',
                                            'index': 0,
                                            'register': 'RDI',
                                            'width_bits': 64,
                                            'canonical_alias': 'param_0',
                                            'owner_namespace': 'logical_parameter',
                                            'owner_role': 'callable_parameter_carrier',
                                            'materialization': 'capture_entry_register_bits',
                                            'source': 'abi_context.registers',
                                            'runtime_helper': None,
                                            'authority': 'PALSymbolResolver_ABI_C_physical_carrier_binding'},
                                           {'sid': 'v_2188',
                                            'bank': 'gp',
                                            'index': 1,
                                            'register': 'RSI',
                                            'width_bits': 64,
                                            'canonical_alias': 'param_1',
                                            'owner_namespace': 'logical_parameter',
                                            'owner_role': 'callable_parameter_carrier',
                                            'materialization': 'capture_entry_register_bits',
                                            'source': 'abi_context.registers',
                                            'runtime_helper': None,
                                            'authority': 'PALSymbolResolver_ABI_C_physical_carrier_binding'}],
                                 'gp_slots': [{'sid': 'v_2187',
                                               'bank': 'gp',
                                               'index': 0,
                                               'register': 'RDI',
                                               'width_bits': 64,
                                               'canonical_alias': 'param_0',
                                               'owner_namespace': 'logical_parameter',
                                               'owner_role': 'callable_parameter_carrier',
                                               'materialization': 'capture_entry_register_bits',
                                               'source': 'abi_context.registers',
                                               'runtime_helper': None,
                                               'authority': 'PALSymbolResolver_ABI_C_physical_carrier_binding'},
                                              {'sid': 'v_2188',
                                               'bank': 'gp',
                                               'index': 1,
                                               'register': 'RSI',
                                               'width_bits': 64,
                                               'canonical_alias': 'param_1',
                                               'owner_namespace': 'logical_parameter',
                                               'owner_role': 'callable_parameter_carrier',
                                               'materialization': 'capture_entry_register_bits',
                                               'source': 'abi_context.registers',
                                               'runtime_helper': None,
                                               'authority': 'PALSymbolResolver_ABI_C_physical_carrier_binding'}],
                                 'sse_slots': [],
                                 'fixed_variadic_partition_status': 'deferred_to_entry_protocol_analysis',
                                 'source': 'abi_context.registers',
                                 'authority': 'ABI_C_carriers_plus_variadic_contract'},
 'overflow_argument_area': {'required': False,
                            'status': 'not_required',
                            'source': 'abi_context.overflow_argument_area',
                            'observed_stack_carriers': [],
                            'materialization': 'consume_preclassified_overflow_slots',
                            'offset_inference_allowed': False,
                            'authority': 'ABI_C_stack_carriers_or_variadic_protocol'},
 'variadic_al': {'required': False,
                 'status': 'not_required',
                 'source': 'abi_context.variadic_xmm_count',
                 'inputs': [],
                 'default_allowed': False,
                 'authority': 'ABI_C_variadic_xmm_count_contract'},
 'frame_base': {'required': False,
                'status': 'not_observed',
                'source': 'abi_context.frame_base',
                'inputs': [],
                'derive_from_parameter_names': False,
                'authority': 'ABI_C_frame_state_custody'},
 'tls_base': {'required': False,
              'status': 'not_observed',
              'source': 'abi_context.tls_base',
              'inputs': [],
              'derive_from_expression_names': False,
              'authority': 'ABI_C_tls_state_custody'},
 'return_contract': {'kind': 'pal_compute_return_carrier_contract_abi_d',
                     'version': 'v23b_abi_thunk_compatibility_return_reconciliation',
                     'status': 'return_width_proven_carrier_deferred',
                     'no_return': False,
                     'output_sid': None,
                     'output_width_bits': None,
                     'declared_width_bits': None,
                     'effective_result_width_bits': 64,
                     'declared_return': {'name': 'undefined',
                                         'display_name': 'undefined',
                                         'class_name': 'DefaultDataType',
                                         'length_bytes': 1,
                                         'width_bits': 8,
                                         'signed': None,
                                         'kind_hint': None},
                     'return_storage': {'repr': '<UNASSIGNED>',
                                        'size_bytes': 0,
                                        'flags': {'register': False,
                                                  'stack': False,
                                                  'memory': False,
                                                  'unassigned': True,
                                                  'void': False,
                                                  'auto': False},
                                        'pieces': [],
                                        'storage_keys': []},
                     'carrier_pieces': [],
                     'normalization': {'mode': 'mask_to_output_width',
                                       'width_bits': 64,
                                       'mask': 18446744073709551615},
                     'runtime_helper': None,
                     'runtime_helper_authority': 'no_ABI_runtime_helper_assigned',
                     'authority': 'reachable_raw_return_transport',
                     'reported_declared_width_bits': 8,
                     'declared_width_authoritative': False,
                     'declared_return_evidence_status': 'non_authoritative_default_or_unresolved_prototype',
                     'transport_width_bits': 64,
                     'logical_result_width_bits': 64,
                     'reachable_return_widths': [64],
                     'reachable_return_boundary_count': 2,
                     'unreachable_return_boundary_count': 0,
                     'deferred_return_boundary_count': 0},
 'reachable_return_boundaries': [{'block_addr': 1058499,
                                  'return_value_sid': 'v_2909',
                                  'return_value_width_bits': 64,
                                  'return_transport_width_bits': 64,
                                  'return_logical_width_bits': 64,
                                  'return_declared_view': None,
                                  'return_boundary_authority': 'raw_return_register_transport',
                                  'return_reachability': 'reachable',
                                  'reachable_return': True,
                                  'execution_suppressed': False,
                                  'emission_policy': 'emit_reachable_return_boundary',
                                  'cut_by_no_return_blocks': [],
                                  'cut_by_no_return_call_op_keys': []},
                                 {'block_addr': 1058528,
                                  'return_value_sid': 'v_1290',
                                  'return_value_width_bits': 64,
                                  'return_transport_width_bits': 64,
                                  'return_logical_width_bits': 64,
                                  'return_declared_view': None,
                                  'return_boundary_authority': 'raw_return_register_transport',
                                  'return_reachability': 'reachable',
                                  'reachable_return': True,
                                  'execution_suppressed': False,
                                  'emission_policy': 'emit_reachable_return_boundary',
                                  'cut_by_no_return_blocks': [],
                                  'cut_by_no_return_call_op_keys': []}],
 'unreachable_return_boundaries': []}

[RETURN BOUNDARY RECONCILIATION]
{'kind': 'pal_compute_return_boundary_reconciliation_v23b',
 'version': 'v23b_abi_thunk_compatibility_return_reconciliation',
 'function': 'dispatch_command',
 'entry_block_addr': 1058019,
 'cfg_evidence_available': True,
 'no_return_terminating_blocks': [],
 'no_return_call_op_keys': [],
 'return_boundaries': 2,
 'reachable_return_boundaries': 2,
 'unreachable_return_boundaries': 0,
 'deferred_return_boundaries': 0,
 'reachable_return_widths': [64],
 'width_reconciled': True,
 'synthetic_no_return_continuations_suppressed': 0,
 'rule': 'traverse_CFG_with_no_return_blocks_as_terminal_then_reconcile_reachable_raw_return_transports_only'}

[CALL SITE ABI PLANS]
{'op_key': '1058019:(ram, 0x102504, 27, 1):1',
 'target': 'text_equal',
 'dispatch_class': 'internal_resolved',
 'status': 'ready',
 'argument_count': 2,
 'carrier_allocation_status': 'complete',
 'target_compatibility_status': 'deferred',
 'target_compatible': None,
 'no_return': False,
 'result_width_bits': 32}
{'op_key': '1058071:(ram, 0x102528, 57, 1):1',
 'target': 'text_equal',
 'dispatch_class': 'internal_resolved',
 'status': 'ready',
 'argument_count': 2,
 'carrier_allocation_status': 'complete',
 'target_compatibility_status': 'deferred',
 'target_compatible': None,
 'no_return': False,
 'result_width_bits': 32}
{'op_key': '1058114:(ram, 0x102553, 84, 1):1',
 'target': 'text_equal',
 'dispatch_class': 'internal_resolved',
 'status': 'ready',
 'argument_count': 2,
 'carrier_allocation_status': 'complete',
 'target_compatibility_status': 'deferred',
 'target_compatible': None,
 'no_return': False,
 'result_width_bits': 32}
{'op_key': '1058157:(ram, 0x10257e, 111, 1):1',
 'target': 'text_equal',
 'dispatch_class': 'internal_resolved',
 'status': 'ready',
 'argument_count': 2,
 'carrier_allocation_status': 'complete',
 'target_compatibility_status': 'deferred',
 'target_compatible': None,
 'no_return': False,
 'result_width_bits': 32}
{'op_key': '1058200:(ram, 0x1025a9, 138, 1):1',
 'target': 'text_equal',
 'dispatch_class': 'internal_resolved',
 'status': 'ready',
 'argument_count': 2,
 'carrier_allocation_status': 'complete',
 'target_compatibility_status': 'deferred',
 'target_compatible': None,
 'no_return': False,
 'result_width_bits': 32}
{'op_key': '1058250:(ram, 0x1025db, 169, 1):1',
 'target': 'text_equal',
 'dispatch_class': 'internal_resolved',
 'status': 'ready',
 'argument_count': 2,
 'carrier_allocation_status': 'complete',
 'target_compatibility_status': 'deferred',
 'target_compatible': None,
 'no_return': False,
 'result_width_bits': 32}
{'op_key': '1058300:(ram, 0x10260d, 200, 1):1',
 'target': 'text_equal',
 'dispatch_class': 'internal_resolved',
 'status': 'ready',
 'argument_count': 2,
 'carrier_allocation_status': 'complete',
 'target_compatibility_status': 'deferred',
 'target_compatible': None,
 'no_return': False,
 'result_width_bits': 32}
{'op_key': '1058343:(ram, 0x102638, 227, 1):1',
 'target': 'text_equal',
 'dispatch_class': 'internal_resolved',
 'status': 'ready',
 'argument_count': 2,
 'carrier_allocation_status': 'complete',
 'target_compatibility_status': 'deferred',
 'target_compatible': None,
 'no_return': False,
 'result_width_bits': 32}
{'op_key': '1058393:(ram, 0x10266a, 258, 1):1',
 'target': 'text_equal',
 'dispatch_class': 'internal_resolved',
 'status': 'ready',
 'argument_count': 2,
 'carrier_allocation_status': 'complete',
 'target_compatibility_status': 'deferred',
 'target_compatible': None,
 'no_return': False,
 'result_width_bits': 32}
{'op_key': '1058433:(ram, 0x102692, 285, 1):1',
 'target': 'text_equal',
 'dispatch_class': 'internal_resolved',
 'status': 'ready',
 'argument_count': 2,
 'carrier_allocation_status': 'complete',
 'target_compatibility_status': 'deferred',
 'target_compatible': None,
 'no_return': False,
 'result_width_bits': 32}
{'op_key': '1058473:(ram, 0x1026ba, 312, 1):1',
 'target': 'text_equal',
 'dispatch_class': 'internal_resolved',
 'status': 'ready',
 'argument_count': 2,
 'carrier_allocation_status': 'complete',
 'target_compatibility_status': 'deferred',
 'target_compatible': None,
 'no_return': False,
 'result_width_bits': 32}
{'op_key': '1058506:(ram, 0x1026db, 333, 1):1',
 'target': 'record_fault',
 'dispatch_class': 'internal_resolved',
 'status': 'ready',
 'argument_count': 2,
 'carrier_allocation_status': 'complete',
 'target_compatibility_status': 'deferred',
 'target_compatible': None,
 'no_return': False,
 'result_width_bits': 8}
{'op_key': '1058459:(ram, 0x1026a2, 302, 0):0',
 'target': 'command_commit',
 'dispatch_class': 'internal_resolved',
 'status': 'ready',
 'argument_count': 1,
 'carrier_allocation_status': 'complete',
 'target_compatibility_status': 'deferred',
 'target_compatible': None,
 'no_return': False,
 'result_width_bits': 8}
{'op_key': '1058419:(ram, 0x10267a, 275, 0):0',
 'target': 'command_cool',
 'dispatch_class': 'internal_resolved',
 'status': 'ready',
 'argument_count': 1,
 'carrier_allocation_status': 'complete',
 'target_compatibility_status': 'deferred',
 'target_compatible': None,
 'no_return': False,
 'result_width_bits': 8}
{'op_key': '1058369:(ram, 0x10264f, 248, 0):0',
 'target': 'command_pulse',
 'dispatch_class': 'internal_resolved',
 'status': 'ready',
 'argument_count': 2,
 'carrier_allocation_status': 'complete',
 'target_compatibility_status': 'deferred',
 'target_compatible': None,
 'no_return': False,
 'result_width_bits': 8}
{'op_key': '1058326:(ram, 0x10261d, 217, 0):0',
 'target': 'command_arm',
 'dispatch_class': 'internal_resolved',
 'status': 'ready',
 'argument_count': 1,
 'carrier_allocation_status': 'complete',
 'target_compatibility_status': 'deferred',
 'target_compatible': None,
 'no_return': False,
 'result_width_bits': 8}
{'op_key': '1058276:(ram, 0x1025f2, 190, 0):0',
 'target': 'command_route',
 'dispatch_class': 'internal_resolved',
 'status': 'ready',
 'argument_count': 2,
 'carrier_allocation_status': 'complete',
 'target_compatibility_status': 'deferred',
 'target_compatible': None,
 'no_return': False,
 'result_width_bits': 8}
{'op_key': '1058226:(ram, 0x1025c0, 159, 0):0',
 'target': 'command_load',
 'dispatch_class': 'internal_resolved',
 'status': 'ready',
 'argument_count': 2,
 'carrier_allocation_status': 'complete',
 'target_compatibility_status': 'deferred',
 'target_compatible': None,
 'no_return': False,
 'result_width_bits': 8}
{'op_key': '1058183:(ram, 0x10258e, 128, 0):0',
 'target': 'command_clear',
 'dispatch_class': 'internal_resolved',
 'status': 'ready',
 'argument_count': 1,
 'carrier_allocation_status': 'complete',
 'target_compatibility_status': 'deferred',
 'target_compatible': None,
 'no_return': False,
 'result_width_bits': 8}
{'op_key': '1058140:(ram, 0x102563, 101, 0):0',
 'target': 'command_boot',
 'dispatch_class': 'internal_resolved',
 'status': 'ready',
 'argument_count': 1,
 'carrier_allocation_status': 'complete',
 'target_compatibility_status': 'deferred',
 'target_compatible': None,
 'no_return': False,
 'result_width_bits': 8}
{'op_key': '1058097:(ram, 0x102538, 74, 0):0',
 'target': 'print_status',
 'dispatch_class': 'internal_resolved',
 'status': 'ready',
 'argument_count': 1,
 'carrier_allocation_status': 'complete',
 'target_compatibility_status': 'deferred',
 'target_compatible': None,
 'no_return': False,
 'result_width_bits': 8}
{'op_key': '1058061:(ram, 0x10250d, 40, 0):0',
 'target': 'print_help',
 'dispatch_class': 'internal_resolved',
 'status': 'ready',
 'argument_count': 0,
 'carrier_allocation_status': 'complete',
 'target_compatibility_status': 'deferred',
 'target_compatible': None,
 'no_return': False,
 'result_width_bits': 8}
===== END PAL COMPUTE ANALYZER =====


=========== SGL EXECUTION TREE ===========

sequence
  block [0x1024e3]
  if [cond=(v_2210 == 0)]
    then
      block [0x102517]
      if [cond=(v_2221 == 0)]
        then
          block [0x102542]
          if [cond=(v_2232 == 0)]
            then
              block [0x10256d]
              if [cond=(v_2243 == 0)]
                then
                  block [0x102598]
                  if [cond=(v_2254 == 0)]
                    then
                      block [0x1025ca]
                      if [cond=(v_2265 == 0)]
                        then
                          block [0x1025fc]
                          if [cond=(v_2276 == 0)]
                            then
                              block [0x102627]
                              if [cond=(v_2287 == 0)]
                                then
                                  block [0x102659]
                                  if [cond=(v_2298 == 0)]
                                    then
                                      block [0x102681]
                                      if [cond=(v_2309 == 0)]
                                        then
                                          block [0x1026a9]
                                          if [cond=not ((v_2320 != 0))]
                                            then
                                              sequence
                                                block [0x1026ca]
                                                block [0x1026e0]
                                            else
                                              sequence
                                                block [0x1026c3]
                                        else
                                          sequence
                                            block [0x10269b]
                                            block [0x1026e0]
                                    else
                                      sequence
                                        block [0x102673]
                                        block [0x1026e0]
                                else
                                  sequence
                                    block [0x102641]
                                    block [0x1026e0]
                            else
                              sequence
                                block [0x102616]
                                block [0x1026e0]
                        else
                          sequence
                            block [0x1025e4]
                            block [0x1026e0]
                    else
                      sequence
                        block [0x1025b2]
                        block [0x1026e0]
                else
                  sequence
                    block [0x102587]
                    block [0x1026e0]
            else
              sequence
                block [0x10255c]
                block [0x1026e0]
        else
          sequence
            block [0x102531]
            block [0x1026e0]
    else
      sequence
        block [0x10250d]
        block [0x1026e0]
  sequence

=========== END TREE ===========

[SGL EXEC TREE PERSISTED] path=/home/rem/gh/PAL/pyghidra-PAL/PAL/PAL_logs/f_00000000001024e3_dispatch_command.sgl.exec_tree.log mode=append temporary=False delete_on_completion=False

[PHI DROP-INS]
------------------------------------------------------------
------------------------------------------------------------
{'active': True,
 'bound_plans': 36,
 'control_contracts_forwarded': 23,
 'input_op_contracts': 47,
 'input_plans': 36,
 'kind': 'phi_compute_consumer_inventory_v21',
 'outputless_contracts_forwarded': 11,
 'phi_merge_contracts': 0,
 'phi_transition_contracts': 0,
 'preserved_compute_boundaries': 28,
 'preserved_deferred_contracts': 17,
 'preserved_outputless_boundaries': 11,
 'preserved_outputless_deferred_contracts': 11,
 'preserved_outputless_helpers': 0,
 'preserved_runtime_helpers': 17,
 'rule': 'preserve_PALCompute_authority_remap_execution_destination_only',
 'state_alias_bindings': 0,
 'transition_owners': {},
 'version': 'v21_compute_contract_consumers',
 'warnings': 0}
[]
