
===== CFG DEBUG =====

[EDGES]
0x1016f0 -> 0x101764  uncond raw=uncond role=uncond pol=unknown inv=None edge=cfg-edge-v1:0x1016f0->0x101764 direct_join=False
0x10171b -> 0x101745  true raw=true role=raw_true_explicit_target pol=fallthrough inv=True edge=cfg-edge-v1:0x10171b->0x101745 direct_join=False
0x10171b -> 0x10173c  false raw=false role=raw_false_fallthrough pol=fallthrough inv=False edge=cfg-edge-v1:0x10171b->0x10173c direct_join=False
0x10173c -> 0x10176a  uncond raw=uncond role=uncond pol=unknown inv=None edge=cfg-edge-v1:0x10173c->0x10176a direct_join=False
0x101745 -> 0x10174d  true raw=true role=raw_true_explicit_target pol=target inv=False edge=cfg-edge-v1:0x101745->0x10174d direct_join=False
0x101745 -> 0x101764  backedge raw=false role=latch_to_header pol=target inv=True edge=cfg-edge-v1:0x101745->0x101764 direct_join=True
0x10174d -> 0x101764  backedge raw=uncond role=latch_to_header pol=unknown inv=None edge=cfg-edge-v1:0x10174d->0x101764 direct_join=False
0x101764 -> 0x10171b  true raw=true role=raw_true_explicit_target pol=fallthrough inv=True edge=cfg-edge-v1:0x101764->0x10171b direct_join=False
0x101764 -> 0x10176a  false raw=false role=raw_false_fallthrough pol=fallthrough inv=False edge=cfg-edge-v1:0x101764->0x10176a direct_join=True

[BRANCH RESOLUTION EVENTS]
{'kind': 'binary_branch_truth_bound_by_evidence_class_v21d', 'src': 1054564, 'first_dst': 1054491, 'second_dst': 1054570, 'hf_target': 1054491, 'hf_normalized_target': 1054491, 'direct_dst': 1054570, 'first_invert': True, 'second_invert': False, 'condition_truth_authority': 'raw_jcc_hf_relation_direct_flags', 'reason': 'branch_truth_evidence_v21d hf_target=0x10171b raw_target=0x10171b raw_fallthrough=0x10176a legacy_hint=(mnemonic=JNZ hf_cond_opcode=INT_EQUAL) class=direct_flags', 'relation_evidence': {'version': 'ordered_relation_algebra_v23e', 'status': 'unresolved', 'mnemonic': 'JNZ', 'raw_relation': None, 'raw_domain': None, 'hf_opcode': 'INT_EQUAL', 'hf_relation': None, 'hf_domain': None, 'operand_profile': {'status': 'unresolved', 'reason': 'constant_threshold_requires_exact_value_custody', 'operand_count': 2, 'left_sid': 'v_1090', 'right_sid': 'c_0_4', 'left_identity': ('high', 'high_rep:909'), 'right_identity': ('constant', 32, 0), 'left_width_bits': 32, 'right_width_bits': 32, 'left_constant': False, 'right_constant': True}, 'operand_orientation': None, 'relation_to_hf': None, 'invert_for_target': None, 'invert_for_fallthrough': None, 'reason': 'ordered_relation_family_not_applicable', 'legacy_hint_resolved': True, 'selected_as_authority': False}, 'boolean_carrier_evidence': {'status': 'proven_boolean', 'reason': 'comparison_result_is_boolean', 'root_opcode': 'INT_EQUAL', 'contains_multiequal': False, 'depth': 0}}
{'kind': 'binary_branch_truth_bound_by_evidence_class_v21d', 'src': 1054491, 'first_dst': 1054533, 'second_dst': 1054524, 'hf_target': 1054533, 'hf_normalized_target': 1054533, 'direct_dst': 1054524, 'first_invert': True, 'second_invert': False, 'condition_truth_authority': 'raw_jcc_hf_relation_direct_flags', 'reason': 'branch_truth_evidence_v21d hf_target=0x101745 raw_target=0x101745 raw_fallthrough=0x10173c legacy_hint=(mnemonic=JNZ hf_cond_opcode=INT_EQUAL) class=direct_flags', 'relation_evidence': {'version': 'ordered_relation_algebra_v23e', 'status': 'unresolved', 'mnemonic': 'JNZ', 'raw_relation': None, 'raw_domain': None, 'hf_opcode': 'INT_EQUAL', 'hf_relation': None, 'hf_domain': None, 'operand_profile': {'status': 'unresolved', 'reason': 'constant_threshold_requires_exact_value_custody', 'operand_count': 2, 'left_sid': 'v_836', 'right_sid': 'c_0_4', 'left_identity': ('high', 'high_rep:910'), 'right_identity': ('constant', 32, 0), 'left_width_bits': 32, 'right_width_bits': 32, 'left_constant': False, 'right_constant': True}, 'operand_orientation': None, 'relation_to_hf': None, 'invert_for_target': None, 'invert_for_fallthrough': None, 'reason': 'ordered_relation_family_not_applicable', 'legacy_hint_resolved': True, 'selected_as_authority': False}, 'boolean_carrier_evidence': {'status': 'proven_boolean', 'reason': 'comparison_result_is_boolean', 'root_opcode': 'INT_EQUAL', 'contains_multiequal': False, 'depth': 0}}
{'kind': 'binary_branch_truth_bound_by_evidence_class_v21d', 'src': 1054533, 'first_dst': 1054541, 'second_dst': 1054564, 'hf_target': 1054541, 'hf_normalized_target': 1054541, 'direct_dst': 1054541, 'first_invert': False, 'second_invert': True, 'condition_truth_authority': 'raw_jcc_hf_relation_direct_flags', 'reason': 'branch_truth_evidence_v21d hf_target=0x10174d raw_target=0x10174d raw_fallthrough=0x101764 legacy_hint=(mnemonic=JNS hf_cond_opcode=INT_SLESS hf_sign_shape=nonnegative) class=direct_flags', 'relation_evidence': {'version': 'ordered_relation_algebra_v23e', 'status': 'unresolved', 'mnemonic': 'JNS', 'raw_relation': None, 'raw_domain': None, 'hf_opcode': 'INT_SLESS', 'hf_relation': 'LT', 'hf_domain': 'signed', 'operand_profile': {'status': 'unresolved', 'reason': 'constant_threshold_requires_exact_value_custody', 'operand_count': 2, 'left_sid': 'c_4294967295_4', 'right_sid': 'v_836', 'left_identity': ('constant', 32, 4294967295), 'right_identity': ('high', 'high_rep:910'), 'left_width_bits': 32, 'right_width_bits': 32, 'left_constant': True, 'right_constant': False}, 'operand_orientation': None, 'relation_to_hf': None, 'invert_for_target': None, 'invert_for_fallthrough': None, 'reason': 'ordered_relation_family_not_applicable', 'legacy_hint_resolved': True, 'selected_as_authority': False}, 'boolean_carrier_evidence': {'status': 'proven_boolean', 'reason': 'comparison_result_is_boolean', 'root_opcode': 'INT_SLESS', 'contains_multiequal': False, 'depth': 0}}

[EDGE IDENTITY v23 / BOHDI EMPEROR]
{'kind': 'cfg_edge_identity_inventory_v23', 'version': 'FunctionCFG_v23e_clothed_emperor_cfg_truth', 'id_schema': 'cfg_edge_identity_v1', 'canonical_identity': '(src_addr,dst_addr)', 'edges': 9, 'unique_edge_keys': 9, 'binary_cbranch_edges': 6, 'direct_join_edges': 2, 'direct_join_branch_arm_edges': 1, 'direct_join_loop_exit_edges': 1, 'direct_join_empty_arm_candidates': 1, 'warnings': 0, 'topology_mutations': 0, 'polarity_mutations': 0, 'rule': 'freeze_repaired_CFG_edge_identity_then_mark_exact_binary_CBRANCH_edge_to_IPDOM'}
{'edge_id': [1054533, 1054564], 'edge_key': 'cfg-edge-v1:0x101745->0x101764', 'branch_owner_addr': 1054533, 'join_addr': 1054564, 'branch_role': 'false', 'authority': 'FunctionCFG_repaired_topology_plus_IPDOM_v23'}
{'edge_id': [1054564, 1054570], 'edge_key': 'cfg-edge-v1:0x101764->0x10176a', 'branch_owner_addr': 1054564, 'join_addr': 1054570, 'branch_role': 'false', 'authority': 'FunctionCFG_repaired_topology_plus_IPDOM_v23'}

[IPDOM]
0x1016f0 -> ipdom: 0x101764
0x10171b -> ipdom: 0x10176a
0x10173c -> ipdom: 0x10176a
0x101745 -> ipdom: 0x101764
0x10174d -> ipdom: 0x101764
0x101764 -> ipdom: 0x10176a
0x10176a -> ipdom: None

[BACKEDGES]
0x101745 -> 0x101764
0x10174d -> 0x101764

=====================

===== PAL RESOLVER INDIRECT STORAGE v22c =====

[INVENTORY]
{'active': True,
 'address_tied_families': 5,
 'custody_transitions': 25,
 'effect_owner_groups': 6,
 'escape_barrier_sids': 37,
 'input_contracts': 25,
 'kind': 'resolver_indirect_storage_inventory_v22c',
 'machine_state_families': 0,
 'machine_state_sids': 0,
 'owner_categories': {'call_boundary': 25},
 'parameter_initializers': 0,
 'persistent_families': 0,
 'rule': 'HighVariable_identity_families_plus_address_escape_alias_barrier',
 'runtime_order': 'CFG_governed_not_linearized',
 'storage_families': 5,
 'version': 'v22c_indirect_storage_families',
 'warnings': 0}

[STORAGE FAMILIES]
{'address_tied': True,
 'classification': 'address_tied_c_storage',
 'entry_sids': ['v_1129', 'v_1003'],
 'family_id': 'storage_family:high_rep:1129',
 'high_identity_key': 'high_rep:1129',
 'high_name': 'local_28',
 'member_sids': ['v_1129', 'v_981', 'v_1003', 'v_985', 'v_989', 'v_993'],
 'parameter_initializers': 0,
 'persistent': False,
 'transitions': 4}
{'address_tied': True,
 'classification': 'address_tied_c_storage',
 'entry_sids': ['v_1130', 'v_1034', 'v_1038'],
 'family_id': 'storage_family:high_rep:1130',
 'high_identity_key': 'high_rep:1130',
 'high_name': 'local_20',
 'member_sids': ['v_1130',
                 'v_1012',
                 'v_1034',
                 'v_1016',
                 'v_1020',
                 'v_1038',
                 'v_1028',
                 'v_1032',
                 'v_1024'],
 'parameter_initializers': 0,
 'persistent': False,
 'transitions': 6}
{'address_tied': True,
 'classification': 'address_tied_c_storage',
 'entry_sids': ['v_972', 'v_976'],
 'family_id': 'storage_family:high_rep:908',
 'high_identity_key': 'high_rep:908',
 'high_name': 'local_3c',
 'member_sids': ['v_972', 'v_958', 'v_961', 'v_976', 'v_967', 'v_970', 'v_964'],
 'parameter_initializers': 0,
 'persistent': False,
 'transitions': 5}
{'address_tied': True,
 'classification': 'address_tied_c_storage',
 'entry_sids': ['v_1090', 'v_1094'],
 'family_id': 'storage_family:high_rep:909',
 'high_identity_key': 'high_rep:909',
 'high_name': 'local_c',
 'member_sids': ['v_1090',
                 'v_1076',
                 'v_1079',
                 'v_1094',
                 'v_1085',
                 'v_1088',
                 'v_1082'],
 'parameter_initializers': 0,
 'persistent': False,
 'transitions': 5}
{'address_tied': True,
 'classification': 'address_tied_c_storage',
 'entry_sids': ['v_1065', 'v_1069', 'v_836'],
 'family_id': 'storage_family:high_rep:910',
 'high_identity_key': 'high_rep:910',
 'high_name': 'local_10',
 'member_sids': ['v_1065',
                 'v_1047',
                 'v_1051',
                 'v_1069',
                 'v_1059',
                 'v_1063',
                 'v_836',
                 'v_1055'],
 'parameter_initializers': 0,
 'persistent': False,
 'transitions': 5}

[PARAMETER INITIALIZERS / STORAGE WRITES]
[]

[WARNINGS]
[]
===== END PAL RESOLVER INDIRECT STORAGE =====

========================================================================
PALRAW AUDIT v0.3 :: raw instruction BLOCK p-code vs HF/PAL CFG
========================================================================

--- 0x10127f ---
Raw block  : 0x10127f -> next 0x1016f0
Instr count: 0
Terminal   : None None
Raw succs  : []
Norm succs : None
HF block   : None
CFG edges  : []
STATUS     : no_hf_block
NOTE       : No PAL/HighFunction block mapped to this address.
Raw instructions:
Terminal raw p-code:
HF/PAL ops :

--- 0x1011b6 ---
Raw block  : 0x1011b6 -> next 0x1016f0
Instr count: 0
Terminal   : None None
Raw succs  : []
Norm succs : None
HF block   : None
CFG edges  : []
STATUS     : no_hf_block
NOTE       : No PAL/HighFunction block mapped to this address.
Raw instructions:
Terminal raw p-code:
HF/PAL ops :

--- 0x101219 ---
Raw block  : 0x101219 -> next 0x1016f0
Instr count: 8
Terminal   : 0x10122d JNZ 0x00101240
Raw succs  : ['0x101240', '0x10122f']
Norm succs : None
HF block   : None
CFG edges  : []
STATUS     : no_hf_block
NOTE       : No PAL/HighFunction block mapped to this address.
Raw instructions:
   0x101219  PUSH RBP
   0x10121a  MOV RBP,RSP
   0x10121d  SUB RSP,0x10
   0x101221  MOV dword ptr [RBP + -0x4],EDI
   0x101224  MOV dword ptr [RBP + -0x8],ESI
   0x101227  MOV EAX,dword ptr [RBP + -0x4]
   0x10122a  CMP EAX,dword ptr [RBP + -0x8]
   0x10122d  JNZ 0x00101240
Terminal raw p-code:
    (unique, 0x24f00, 1) BOOL_NEGATE (register, 0x206, 1)
     ---  CBRANCH (ram, 0x101240, 8) , (unique, 0x24f00, 1)
HF/PAL ops :

--- 0x10120f ---
Raw block  : 0x10120f -> next 0x1016f0
Instr count: 0
Terminal   : None None
Raw succs  : []
Norm succs : None
HF block   : None
CFG edges  : []
STATUS     : no_hf_block
NOTE       : No PAL/HighFunction block mapped to this address.
Raw instructions:
Terminal raw p-code:
HF/PAL ops :

--- 0x101221 ---
Raw block  : 0x101221 -> next 0x1016f0
Instr count: 5
Terminal   : 0x10122d JNZ 0x00101240
Raw succs  : ['0x101240', '0x10122f']
Norm succs : None
HF block   : None
CFG edges  : []
STATUS     : no_hf_block
NOTE       : No PAL/HighFunction block mapped to this address.
Raw instructions:
   0x101221  MOV dword ptr [RBP + -0x4],EDI
   0x101224  MOV dword ptr [RBP + -0x8],ESI
   0x101227  MOV EAX,dword ptr [RBP + -0x4]
   0x10122a  CMP EAX,dword ptr [RBP + -0x8]
   0x10122d  JNZ 0x00101240
Terminal raw p-code:
    (unique, 0x24f00, 1) BOOL_NEGATE (register, 0x206, 1)
     ---  CBRANCH (ram, 0x101240, 8) , (unique, 0x24f00, 1)
HF/PAL ops :

--- 0x101284 ---
Raw block  : 0x101284 -> next 0x1016f0
Instr count: 27
Terminal   : 0x1012f4 JMP 0x00101309
Raw succs  : ['0x101309']
Norm succs : None
HF block   : None
CFG edges  : []
STATUS     : no_hf_block
NOTE       : No PAL/HighFunction block mapped to this address.
Raw instructions:
   0x101284  MOV RDI,RAX
   0x101287  CALL 0x00101030
   0x10128c  LEA RAX,[0x1020b0]
   0x101293  MOV RDI,RAX
   0x101296  CALL 0x00101030
   0x10129b  LEA RAX,[0x102048]
   0x1012a2  MOV RDI,RAX
   0x1012a5  CALL 0x00101030
   0x1012aa  MOV RAX,qword ptr [RBP + -0x18]
   0x1012ae  MOV ESI,dword ptr [RAX + 0x8]
   0x1012b1  MOV RAX,qword ptr [RBP + -0x18]
   0x1012b5  MOV ECX,dword ptr [RAX + 0x4]
   0x1012b8  MOV RAX,qword ptr [RBP + -0x18]
   0x1012bc  MOV EDX,dword ptr [RAX]
   0x1012be  MOV RAX,qword ptr [RBP + -0x18]
   0x1012c2  MOV EAX,dword ptr [RAX + 0xc]
   0x1012c5  MOV R8D,ESI
   0x1012c8  MOV ESI,EAX
   0x1012ca  LEA RAX,[0x1020e0]
   0x1012d1  MOV RDI,RAX
   0x1012d4  MOV EAX,0x0
   0x1012d9  CALL 0x00101040
   0x1012de  LEA RAX,[0x102118]
   0x1012e5  MOV RDI,RAX
   0x1012e8  CALL 0x00101030
   0x1012ed  MOV dword ptr [RBP + -0x4],0x0
   0x1012f4  JMP 0x00101309
Terminal raw p-code:
     ---  BRANCH (ram, 0x101309, 8)
HF/PAL ops :

--- 0x10127f ---
Raw block  : 0x10127f -> next 0x1016f0
Instr count: 0
Terminal   : None None
Raw succs  : []
Norm succs : None
HF block   : None
CFG edges  : []
STATUS     : no_hf_block
NOTE       : No PAL/HighFunction block mapped to this address.
Raw instructions:
Terminal raw p-code:
HF/PAL ops :

========================================================================

===== PAL COMPUTE ANALYZER =====
{'kind': 'pal_compute_inventory_v22',
 'version': 'v23b_abi_thunk_compatibility_return_reconciliation',
 'runtime_representation': 'raw_unsigned_bitvector_at_ssa_boundaries',
 'operations': 54,
 'output_plans': 49,
 'control_contracts': 6,
 'c_compute_filtered': 53,
 'use_site_overrides': 0,
 'return_observation_view_mismatches': 0,
 'storage_custody_related_ops': 44,
 'indirect_custody_contracts': 25,
 'indirect_custody_resolved': 25,
 'indirect_custody_deferred': 0,
 'indirect_effect_owner_compute_ops': 6,
 'storage_family_bindings': 37,
 'function_entry_abi_plan': True,
 'call_site_abi_plans': 6,
 'internal_call_plan_failures': 6,
 'unsupported_implicit_inputs': 0,
 'abi_runtime_helper_assignments': 0,
 'no_return_calls': 0,
 'reachable_return_boundaries': 1,
 'unreachable_return_boundaries': 0,
 'synthetic_no_return_continuations_suppressed': 0,
 'statuses': {'deferred_memory': 6,
              'metadata_only': 39,
              'deferred_external': 6,
              'helper_required': 3},
 'categories': {'pointer_arithmetic': 6,
                'storage_custody': 25,
                'call_boundary': 6,
                'transport': 5,
                'phi_merge': 9,
                'comparison': 3},
 'helpers': {'c_ptrsub': 6, 'c_eq': 2, 'c_slt': 1},
 'opcodes': {'PTRSUB': 6,
             'INDIRECT': 25,
             'CALL': 6,
             'COPY': 5,
             'MULTIEQUAL': 9,
             'INT_EQUAL': 2,
             'INT_SLESS': 1},
 'warnings': 0}

[WARNINGS]
[]

[METADATA-ONLY COMPUTE BOUNDARIES]
0x1016f0 INDIRECT ['v_1129', 'c_18_4'] -> v_981 classification=None
0x1016f0 INDIRECT ['v_1130', 'c_18_4'] -> v_1012 classification=None
0x1016f0 COPY ['c_0_4'] -> v_908 classification=same_width_copy_recast
0x1016f0 COPY ['c_1_4'] -> v_909 classification=same_width_copy_recast
0x1016f0 COPY ['c_1_4'] -> v_910 classification=same_width_copy_recast
0x101764 MULTIEQUAL ['v_909', 'v_923', 'v_1079'] -> v_1090 classification=None
0x101764 MULTIEQUAL ['v_910', 'v_1055', 'v_836'] -> v_1065 classification=None
0x101764 MULTIEQUAL ['v_1012', 'v_1024', 'v_1020'] -> v_1034 classification=None
0x101764 MULTIEQUAL ['v_981', 'v_993', 'v_989'] -> v_1003 classification=None
0x101764 MULTIEQUAL ['v_908', 'v_964', 'v_961'] -> v_972 classification=None
0x10171b INDIRECT ['v_972', 'c_66_4'] -> v_958 classification=None
0x10171b INDIRECT ['v_1003', 'c_66_4'] -> v_985 classification=None
0x10171b INDIRECT ['v_1034', 'c_66_4'] -> v_1016 classification=None
0x10171b INDIRECT ['v_1065', 'c_66_4'] -> v_1047 classification=None
0x10171b INDIRECT ['v_1090', 'c_66_4'] -> v_1076 classification=None
0x10171b INDIRECT ['v_958', 'c_72_4'] -> v_961 classification=None
0x10171b INDIRECT ['v_985', 'c_72_4'] -> v_989 classification=None
0x10171b INDIRECT ['v_1016', 'c_72_4'] -> v_1020 classification=None
0x10171b INDIRECT ['v_1047', 'c_72_4'] -> v_1051 classification=None
0x10171b INDIRECT ['v_1076', 'c_72_4'] -> v_1079 classification=None
0x10176a MULTIEQUAL ['v_1090', 'v_1079'] -> v_1094 classification=None
0x10176a MULTIEQUAL ['v_1065', 'v_836'] -> v_1069 classification=None
0x10176a MULTIEQUAL ['v_1034', 'v_917'] -> v_1038 classification=None
0x10176a MULTIEQUAL ['v_972', 'v_961'] -> v_976 classification=None
0x10176a INDIRECT ['v_976', 'c_48_4'] -> v_967 classification=None
0x10176a INDIRECT ['v_1038', 'c_48_4'] -> v_1028 classification=None
0x10176a INDIRECT ['v_1069', 'c_48_4'] -> v_1059 classification=None
0x10176a INDIRECT ['v_1094', 'c_48_4'] -> v_1085 classification=None
0x10176a INDIRECT ['v_967', 'c_54_4'] -> v_970 classification=None
0x10176a INDIRECT ['v_1028', 'c_54_4'] -> v_1032 classification=None
0x10176a INDIRECT ['v_1059', 'c_54_4'] -> v_1063 classification=None
0x10176a INDIRECT ['v_1085', 'c_54_4'] -> v_1088 classification=None
0x10174d INDIRECT ['v_961', 'c_120_4'] -> v_964 classification=None
0x10174d INDIRECT ['v_989', 'c_120_4'] -> v_993 classification=None
0x10174d INDIRECT ['v_1020', 'c_120_4'] -> v_1024 classification=None
0x10174d INDIRECT ['v_836', 'c_120_4'] -> v_1055 classification=None
0x10174d INDIRECT ['v_1079', 'c_120_4'] -> v_1082 classification=None
0x10174d COPY ['v_993'] -> v_923 classification=bit_preserving_copy

[HELPER-REQUIRED CONTRACTS]
0x101764 INT_EQUAL v_96 helper=c_eq widths=[32, 32]->8 overrides=0
0x10171b INT_EQUAL v_217 helper=c_eq widths=[32, 32]->8 overrides=0
0x101745 INT_SLESS v_261 helper=c_slt widths=[32, 32]->8 overrides=0

[INDIRECT STORAGE-CUSTODY CONTRACTS]
0x1016f0 v_1129 -> v_981 family=storage_family:high_rep:1129 owner=CALL/0x12 owner_compute=1054448:(ram, 0x1016ff, 18, 3):3 status=metadata_only
0x1016f0 v_1130 -> v_1012 family=storage_family:high_rep:1130 owner=CALL/0x12 owner_compute=1054448:(ram, 0x1016ff, 18, 3):3 status=metadata_only
0x10171b v_972 -> v_958 family=storage_family:high_rep:908 owner=CALL/0x42 owner_compute=1054491:(ram, 0x101722, 66, 6):6 status=metadata_only
0x10171b v_1003 -> v_985 family=storage_family:high_rep:1129 owner=CALL/0x42 owner_compute=1054491:(ram, 0x101722, 66, 6):6 status=metadata_only
0x10171b v_1034 -> v_1016 family=storage_family:high_rep:1130 owner=CALL/0x42 owner_compute=1054491:(ram, 0x101722, 66, 6):6 status=metadata_only
0x10171b v_1065 -> v_1047 family=storage_family:high_rep:910 owner=CALL/0x42 owner_compute=1054491:(ram, 0x101722, 66, 6):6 status=metadata_only
0x10171b v_1090 -> v_1076 family=storage_family:high_rep:909 owner=CALL/0x42 owner_compute=1054491:(ram, 0x101722, 66, 6):6 status=metadata_only
0x10171b v_958 -> v_961 family=storage_family:high_rep:908 owner=CALL/0x48 owner_compute=1054491:(ram, 0x10172e, 72, 13):13 status=metadata_only
0x10171b v_985 -> v_989 family=storage_family:high_rep:1129 owner=CALL/0x48 owner_compute=1054491:(ram, 0x10172e, 72, 13):13 status=metadata_only
0x10171b v_1016 -> v_1020 family=storage_family:high_rep:1130 owner=CALL/0x48 owner_compute=1054491:(ram, 0x10172e, 72, 13):13 status=metadata_only
0x10171b v_1047 -> v_1051 family=storage_family:high_rep:910 owner=CALL/0x48 owner_compute=1054491:(ram, 0x10172e, 72, 13):13 status=metadata_only
0x10171b v_1076 -> v_1079 family=storage_family:high_rep:909 owner=CALL/0x48 owner_compute=1054491:(ram, 0x10172e, 72, 13):13 status=metadata_only
0x10176a v_976 -> v_967 family=storage_family:high_rep:908 owner=CALL/0x30 owner_compute=1054570:(ram, 0x101771, 48, 9):9 status=metadata_only
0x10176a v_1038 -> v_1028 family=storage_family:high_rep:1130 owner=CALL/0x30 owner_compute=1054570:(ram, 0x101771, 48, 9):9 status=metadata_only
0x10176a v_1069 -> v_1059 family=storage_family:high_rep:910 owner=CALL/0x30 owner_compute=1054570:(ram, 0x101771, 48, 9):9 status=metadata_only
0x10176a v_1094 -> v_1085 family=storage_family:high_rep:909 owner=CALL/0x30 owner_compute=1054570:(ram, 0x101771, 48, 9):9 status=metadata_only
0x10176a v_967 -> v_970 family=storage_family:high_rep:908 owner=CALL/0x36 owner_compute=1054570:(ram, 0x10177d, 54, 15):15 status=metadata_only
0x10176a v_1028 -> v_1032 family=storage_family:high_rep:1130 owner=CALL/0x36 owner_compute=1054570:(ram, 0x10177d, 54, 15):15 status=metadata_only
0x10176a v_1059 -> v_1063 family=storage_family:high_rep:910 owner=CALL/0x36 owner_compute=1054570:(ram, 0x10177d, 54, 15):15 status=metadata_only
0x10176a v_1085 -> v_1088 family=storage_family:high_rep:909 owner=CALL/0x36 owner_compute=1054570:(ram, 0x10177d, 54, 15):15 status=metadata_only
0x10174d v_961 -> v_964 family=storage_family:high_rep:908 owner=CALL/0x78 owner_compute=1054541:(ram, 0x101759, 120, 6):6 status=metadata_only
0x10174d v_989 -> v_993 family=storage_family:high_rep:1129 owner=CALL/0x78 owner_compute=1054541:(ram, 0x101759, 120, 6):6 status=metadata_only
0x10174d v_1020 -> v_1024 family=storage_family:high_rep:1130 owner=CALL/0x78 owner_compute=1054541:(ram, 0x101759, 120, 6):6 status=metadata_only
0x10174d v_836 -> v_1055 family=storage_family:high_rep:910 owner=CALL/0x78 owner_compute=1054541:(ram, 0x101759, 120, 6):6 status=metadata_only
0x10174d v_1079 -> v_1082 family=storage_family:high_rep:909 owner=CALL/0x78 owner_compute=1054541:(ram, 0x101759, 120, 6):6 status=metadata_only

[INDIRECT CUSTODY INVENTORY]
{'kind': 'pal_compute_indirect_custody_inventory_v22d',
 'version': 'v23b_abi_thunk_compatibility_return_reconciliation',
 'resolver_transitions': 25,
 'compute_indirect_contracts': 25,
 'resolved_custody': 25,
 'deferred_custody': 0,
 'effect_owner_compute_bindings': 25,
 'effect_owner_compute_ops': 6,
 'owner_categories': {'call_boundary': 25},
 'storage_families': 5,
 'storage_sid_bindings': 37,
 'address_escape_barrier_sids': 37,
 'parameter_storage_initializers': 0,
 'runtime_helpers': 0,
 'warnings': 0,
 'rule': 'INDIRECT_is_metadata_only_owner_bound_storage_transition'}

[ABI-D ENTRY/CALL PLAN INVENTORY]
{'kind': 'pal_compute_abi_plan_inventory_v23',
 'version': 'v23b_abi_thunk_compatibility_return_reconciliation',
 'function': 'main',
 'entry_plan_present': True,
 'entry_plan_status': 'ready',
 'fixed_arguments': 0,
 'implicit_inputs': 1,
 'implicit_inputs_unsupported': 0,
 'call_compute_contracts': 6,
 'call_site_plans': 6,
 'call_sites_without_plan': 0,
 'call_statuses': {'ready': 6},
 'dispatch_classes': {'internal_resolved': 6},
 'internal_calls': 6,
 'internal_calls_with_target_compatible_plan': 0,
 'internal_calls_without_target_compatible_plan': 6,
 'internal_calls_with_deferred_target_compatibility': 6,
 'internal_calls_with_incompatible_target': 0,
 'internal_calls_without_transport_plan': 0,
 'external_calls': 0,
 'thunk_calls': 0,
 'external_via_thunk_calls': 0,
 'thunk_endpoint_deferred_calls': 0,
 'thunk_calls_misclassified_internal': 0,
 'target_compatibility_overclaims': 0,
 'no_return_calls': 0,
 'result_carrier_contracts': 6,
 'abi_runtime_helper_assignments': 0,
 'warnings': 0,
 'acceptance_gates': {'every_emitted_function_has_entry_plan': True,
                      'every_call_has_call_site_plan': True,
                      'every_internal_call_has_target_compatible_plan': False,
                      'every_internal_call_has_carrier_transport_plan': True,
                      'no_resolved_thunk_misclassified_internal': True,
                      'no_target_compatibility_overclaim': True,
                      'no_implicit_input_is_unsupported': True,
                      'no_runtime_helper_assigned_by_ABI_guesswork': True},
 'return_boundary_reconciliation': {'kind': 'pal_compute_return_boundary_reconciliation_v23b',
                                    'version': 'v23b_abi_thunk_compatibility_return_reconciliation',
                                    'function': 'main',
                                    'entry_block_addr': 1054448,
                                    'cfg_evidence_available': True,
                                    'no_return_terminating_blocks': [],
                                    'no_return_call_op_keys': [],
                                    'return_boundaries': 1,
                                    'reachable_return_boundaries': 1,
                                    'unreachable_return_boundaries': 0,
                                    'deferred_return_boundaries': 0,
                                    'reachable_return_widths': [64],
                                    'width_reconciled': True,
                                    'synthetic_no_return_continuations_suppressed': 0,
                                    'rule': 'traverse_CFG_with_no_return_blocks_as_terminal_then_reconcile_reachable_raw_return_transports_only'},
 'rule': 'ABI_A_B_C_authority_only_thunk_endpoint_and_compatibility_tri_state_no_downstream_argument_reinference'}

[FUNCTION ENTRY ABI PLAN]
{'plan_id': 'function_entry:1054448',
 'status': 'ready',
 'callable_signature_status': 'legacy_non_variadic_fallback',
 'fixed_argument_count': 0,
 'implicit_input_count': 1,
 'variadic_register_save_area': {'required': False,
                                 'status': 'not_required',
                                 'slots': [],
                                 'gp_slots': [],
                                 'sse_slots': [],
                                 'fixed_variadic_partition_status': 'deferred_to_entry_protocol_analysis',
                                 'source': 'abi_context.registers',
                                 'authority': 'ABI_C_carriers_plus_variadic_contract'},
 'overflow_argument_area': {'required': False,
                            'status': 'not_required',
                            'source': 'abi_context.overflow_argument_area',
                            'observed_stack_carriers': [],
                            'materialization': 'consume_preclassified_overflow_slots',
                            'offset_inference_allowed': False,
                            'authority': 'ABI_C_stack_carriers_or_variadic_protocol'},
 'variadic_al': {'required': False,
                 'status': 'not_required',
                 'source': 'abi_context.variadic_xmm_count',
                 'inputs': [],
                 'default_allowed': False,
                 'authority': 'ABI_C_variadic_xmm_count_contract'},
 'frame_base': {'required': True,
                'status': 'runtime_abi_context_required',
                'source': 'abi_context.frame_base',
                'inputs': [{'kind': 'pal_compute_implicit_input_materialization_abi_d',
                            'version': 'v23b_abi_thunk_compatibility_return_reconciliation',
                            'sid': 'v_793',
                            'canonical_alias': 'abi_stack_pointer',
                            'role': 'stack_pointer',
                            'custody_class': 'frame_state',
                            'width_bits': 64,
                            'register': {'name': 'RSP',
                                         'base_name': 'RSP',
                                         'size_bytes': 8,
                                         'repr': 'RSP'},
                            'destination': 'abi_context.stack_pointer',
                            'materialization': 'read_from_runtime_abi_context',
                            'status': 'runtime_context_required',
                            'unsupported': False,
                            'runtime_helper': None,
                            'authority': 'PALSymbolResolver_ABI_C_implicit_input_contract'}],
                'derive_from_parameter_names': False,
                'authority': 'ABI_C_frame_state_custody'},
 'tls_base': {'required': False,
              'status': 'not_observed',
              'source': 'abi_context.tls_base',
              'inputs': [],
              'derive_from_expression_names': False,
              'authority': 'ABI_C_tls_state_custody'},
 'return_contract': {'kind': 'pal_compute_return_carrier_contract_abi_d',
                     'version': 'v23b_abi_thunk_compatibility_return_reconciliation',
                     'status': 'return_width_proven_carrier_deferred',
                     'no_return': False,
                     'output_sid': None,
                     'output_width_bits': None,
                     'declared_width_bits': None,
                     'effective_result_width_bits': 64,
                     'declared_return': {'name': 'undefined',
                                         'display_name': 'undefined',
                                         'class_name': 'DefaultDataType',
                                         'length_bytes': 1,
                                         'width_bits': 8,
                                         'signed': None,
                                         'kind_hint': None},
                     'return_storage': {'repr': '<UNASSIGNED>',
                                        'size_bytes': 0,
                                        'flags': {'register': False,
                                                  'stack': False,
                                                  'memory': False,
                                                  'unassigned': True,
                                                  'void': False,
                                                  'auto': False},
                                        'pieces': [],
                                        'storage_keys': []},
                     'carrier_pieces': [],
                     'normalization': {'mode': 'mask_to_output_width',
                                       'width_bits': 64,
                                       'mask': 18446744073709551615},
                     'runtime_helper': None,
                     'runtime_helper_authority': 'no_ABI_runtime_helper_assigned',
                     'authority': 'reachable_raw_return_transport',
                     'reported_declared_width_bits': 8,
                     'declared_width_authoritative': False,
                     'declared_return_evidence_status': 'non_authoritative_default_or_unresolved_prototype',
                     'transport_width_bits': 64,
                     'logical_result_width_bits': 64,
                     'reachable_return_widths': [64],
                     'reachable_return_boundary_count': 1,
                     'unreachable_return_boundary_count': 0,
                     'deferred_return_boundary_count': 0},
 'reachable_return_boundaries': [{'block_addr': 1054570,
                                  'return_value_sid': 'c_0_8',
                                  'return_value_width_bits': 64,
                                  'return_transport_width_bits': 64,
                                  'return_logical_width_bits': 64,
                                  'return_declared_view': None,
                                  'return_boundary_authority': 'raw_return_register_transport',
                                  'return_reachability': 'reachable',
                                  'reachable_return': True,
                                  'execution_suppressed': False,
                                  'emission_policy': 'emit_reachable_return_boundary',
                                  'cut_by_no_return_blocks': [],
                                  'cut_by_no_return_call_op_keys': []}],
 'unreachable_return_boundaries': []}

[RETURN BOUNDARY RECONCILIATION]
{'kind': 'pal_compute_return_boundary_reconciliation_v23b',
 'version': 'v23b_abi_thunk_compatibility_return_reconciliation',
 'function': 'main',
 'entry_block_addr': 1054448,
 'cfg_evidence_available': True,
 'no_return_terminating_blocks': [],
 'no_return_call_op_keys': [],
 'return_boundaries': 1,
 'reachable_return_boundaries': 1,
 'unreachable_return_boundaries': 0,
 'deferred_return_boundaries': 0,
 'reachable_return_widths': [64],
 'width_reconciled': True,
 'synthetic_no_return_continuations_suppressed': 0,
 'rule': 'traverse_CFG_with_no_return_blocks_as_terminal_then_reconcile_reachable_raw_return_transports_only'}

[CALL SITE ABI PLANS]
{'op_key': '1054448:(ram, 0x1016ff, 18, 3):3',
 'target': 'initialize_lander',
 'dispatch_class': 'internal_resolved',
 'status': 'ready',
 'argument_count': 1,
 'carrier_allocation_status': 'complete',
 'target_compatibility_status': 'deferred',
 'target_compatible': None,
 'no_return': False,
 'result_width_bits': 8}
{'op_key': '1054491:(ram, 0x101722, 66, 6):6',
 'target': 'draw_lander',
 'dispatch_class': 'internal_resolved',
 'status': 'ready',
 'argument_count': 1,
 'carrier_allocation_status': 'complete',
 'target_compatibility_status': 'deferred',
 'target_compatible': None,
 'no_return': False,
 'result_width_bits': 8}
{'op_key': '1054491:(ram, 0x10172e, 72, 13):13',
 'target': 'read_burn',
 'dispatch_class': 'internal_resolved',
 'status': 'ready',
 'argument_count': 1,
 'carrier_allocation_status': 'complete',
 'target_compatibility_status': 'deferred',
 'target_compatible': None,
 'no_return': False,
 'result_width_bits': 32}
{'op_key': '1054570:(ram, 0x101771, 48, 9):9',
 'target': 'print_result',
 'dispatch_class': 'internal_resolved',
 'status': 'ready',
 'argument_count': 1,
 'carrier_allocation_status': 'complete',
 'target_compatibility_status': 'deferred',
 'target_compatible': None,
 'no_return': False,
 'result_width_bits': 8}
{'op_key': '1054570:(ram, 0x10177d, 54, 15):15',
 'target': 'lander_exit_code',
 'dispatch_class': 'internal_resolved',
 'status': 'ready',
 'argument_count': 1,
 'carrier_allocation_status': 'complete',
 'target_compatibility_status': 'deferred',
 'target_compatible': None,
 'no_return': False,
 'result_width_bits': 8}
{'op_key': '1054541:(ram, 0x101759, 120, 6):6',
 'target': 'apply_burn',
 'dispatch_class': 'internal_resolved',
 'status': 'ready',
 'argument_count': 2,
 'carrier_allocation_status': 'complete',
 'target_compatibility_status': 'deferred',
 'target_compatible': None,
 'no_return': False,
 'result_width_bits': 8}
===== END PAL COMPUTE ANALYZER =====


=========== SGL EXECUTION TREE ===========

sequence
  sequence
    block [0x1016f0]
  loop [header=0x101764 role=body semantics=continue_when_true cond=not ((local_c == 0)) order=predicate_only continue_edge=[1054564, 1054491] exit_edge=[1054564, 1054570] selected_invert=True]
    loop_body
      block [0x10171b]
      if [cond=(v_836 == 0)]
        then
          sequence
            block [0x10173c]
            break
        else
      block [0x101745]
      if [cond=(0xffffffff < v_836)]
        then
        else
          continue
      block [0x10174d]
  sequence
    block [0x10176a]

=========== END TREE ===========

[SGL EXEC TREE PERSISTED] path=/home/rem/gh/PAL/pyghidra-PAL/PAL/PAL_logs/f_00000000001016f0_main.sgl.exec_tree.log mode=append temporary=False delete_on_completion=False

[PHI DROP-INS]
------------------------------------------------------------
pred=0x101745 -> join=0x101764 :: local_10 = v_836
pred=0x10173c -> join=0x10176a :: local_10 = v_836
------------------------------------------------------------
{'active': True,
 'bound_plans': 49,
 'control_contracts_forwarded': 6,
 'input_op_contracts': 54,
 'input_plans': 49,
 'kind': 'phi_compute_consumer_inventory_v21',
 'outputless_contracts_forwarded': 5,
 'phi_merge_contracts': 9,
 'phi_transition_contracts': 2,
 'preserved_compute_boundaries': 48,
 'preserved_deferred_contracts': 7,
 'preserved_outputless_boundaries': 5,
 'preserved_outputless_deferred_contracts': 5,
 'preserved_outputless_helpers': 0,
 'preserved_runtime_helpers': 9,
 'rule': 'preserve_PALCompute_authority_remap_execution_destination_only',
 'state_alias_bindings': 0,
 'transition_owners': {'predecessor_phi_dropin': 2},
 'version': 'v21_compute_contract_consumers',
 'warnings': 0}
[]
