
===== CFG DEBUG =====

[EDGES]
0x101252 -> 0x101309  uncond raw=uncond role=uncond pol=unknown inv=None edge=cfg-edge-v1:0x101252->0x101309 direct_join=False
0x1012f6 -> 0x101309  backedge raw=uncond role=latch_to_header pol=unknown inv=None edge=cfg-edge-v1:0x1012f6->0x101309 direct_join=False
0x101309 -> 0x1012f6  true raw=true role=raw_true_explicit_target pol=fallthrough inv=True edge=cfg-edge-v1:0x101309->0x1012f6 direct_join=False
0x101309 -> 0x10130f  false raw=false role=raw_false_fallthrough pol=fallthrough inv=False edge=cfg-edge-v1:0x101309->0x10130f direct_join=True
0x10130f -> 0x101359  true raw=true role=raw_true_explicit_target pol=fallthrough inv=True edge=cfg-edge-v1:0x10130f->0x101359 direct_join=False
0x10130f -> 0x101348  false raw=false role=raw_false_fallthrough pol=fallthrough inv=False edge=cfg-edge-v1:0x10130f->0x101348 direct_join=False
0x101348 -> 0x101385  uncond raw=uncond role=uncond pol=unknown inv=None edge=cfg-edge-v1:0x101348->0x101385 direct_join=False
0x101359 -> 0x101376  true raw=true role=raw_true_explicit_target pol=fallthrough inv=True edge=cfg-edge-v1:0x101359->0x101376 direct_join=False
0x101359 -> 0x101365  false raw=false role=raw_false_fallthrough pol=fallthrough inv=False edge=cfg-edge-v1:0x101359->0x101365 direct_join=False
0x101365 -> 0x101385  uncond raw=uncond role=uncond pol=unknown inv=None edge=cfg-edge-v1:0x101365->0x101385 direct_join=False
0x101376 -> 0x101385  uncond raw=uncond role=uncond pol=unknown inv=None edge=cfg-edge-v1:0x101376->0x101385 direct_join=False

[BRANCH RESOLUTION EVENTS]
{'kind': 'binary_branch_truth_bound_by_evidence_class_v21d', 'src': 1053449, 'first_dst': 1053430, 'second_dst': 1053455, 'hf_target': 1053430, 'hf_normalized_target': 1053430, 'direct_dst': 1053455, 'first_invert': True, 'second_invert': False, 'condition_truth_authority': 'raw_jcc_hf_relation_direct_flags', 'reason': 'branch_truth_evidence_v21d hf_target=0x1012f6 raw_target=0x1012f6 raw_fallthrough=0x10130f legacy_hint=(mnemonic=JLE hf_cond_opcode=INT_SLESS) class=direct_flags', 'relation_evidence': {'version': 'ordered_relation_algebra_v23e', 'status': 'unresolved', 'mnemonic': 'JLE', 'raw_relation': 'LE', 'raw_domain': 'signed', 'hf_opcode': 'INT_SLESS', 'hf_relation': 'LT', 'hf_domain': 'signed', 'operand_profile': {'status': 'unresolved', 'reason': 'constant_threshold_requires_exact_value_custody', 'operand_count': 2, 'left_sid': 'v_2362', 'right_sid': 'c_8_4', 'left_identity': ('high', 'high_rep:2097'), 'right_identity': ('constant', 32, 8), 'left_width_bits': 32, 'right_width_bits': 32, 'left_constant': False, 'right_constant': True}, 'operand_orientation': None, 'relation_to_hf': None, 'invert_for_target': None, 'invert_for_fallthrough': None, 'reason': 'constant_threshold_requires_exact_value_custody', 'legacy_hint_resolved': True, 'selected_as_authority': False}, 'boolean_carrier_evidence': {'status': 'proven_boolean', 'reason': 'comparison_result_is_boolean', 'root_opcode': 'INT_SLESS', 'contains_multiequal': False, 'depth': 0}}
{'kind': 'binary_branch_truth_bound_by_evidence_class_v21d', 'src': 1053455, 'first_dst': 1053529, 'second_dst': 1053512, 'hf_target': 1053529, 'hf_normalized_target': 1053529, 'direct_dst': 1053512, 'first_invert': True, 'second_invert': False, 'condition_truth_authority': 'raw_jcc_hf_relation_direct_flags', 'reason': 'branch_truth_evidence_v21d hf_target=0x101359 raw_target=0x101359 raw_fallthrough=0x101348 legacy_hint=(mnemonic=JLE hf_cond_opcode=INT_SLESS) class=direct_flags', 'relation_evidence': {'version': 'ordered_relation_algebra_v23e', 'status': 'unresolved', 'mnemonic': 'JLE', 'raw_relation': 'LE', 'raw_domain': 'signed', 'hf_opcode': 'INT_SLESS', 'hf_relation': 'LT', 'hf_domain': 'signed', 'operand_profile': {'status': 'unresolved', 'reason': 'constant_threshold_requires_exact_value_custody', 'operand_count': 2, 'left_sid': 'v_2513', 'right_sid': 'c_4_4', 'left_identity': ('high', 'high_rep:2513'), 'right_identity': ('constant', 32, 4), 'left_width_bits': 32, 'right_width_bits': 32, 'left_constant': False, 'right_constant': True}, 'operand_orientation': None, 'relation_to_hf': None, 'invert_for_target': None, 'invert_for_fallthrough': None, 'reason': 'constant_threshold_requires_exact_value_custody', 'legacy_hint_resolved': True, 'selected_as_authority': False}, 'boolean_carrier_evidence': {'status': 'proven_boolean', 'reason': 'comparison_result_is_boolean', 'root_opcode': 'INT_SLESS', 'contains_multiequal': False, 'depth': 0}}
{'kind': 'binary_branch_truth_bound_by_evidence_class_v21d', 'src': 1053529, 'first_dst': 1053558, 'second_dst': 1053541, 'hf_target': 1053558, 'hf_normalized_target': 1053558, 'direct_dst': 1053541, 'first_invert': True, 'second_invert': False, 'condition_truth_authority': 'raw_jcc_hf_relation_direct_flags', 'reason': 'branch_truth_evidence_v21d hf_target=0x101376 raw_target=0x101376 raw_fallthrough=0x101365 legacy_hint=(mnemonic=JGE hf_cond_opcode=INT_SLESS) class=direct_flags', 'relation_evidence': {'version': 'ordered_relation_algebra_v23e', 'status': 'unresolved', 'mnemonic': 'JGE', 'raw_relation': 'GE', 'raw_domain': 'signed', 'hf_opcode': 'INT_SLESS', 'hf_relation': 'LT', 'hf_domain': 'signed', 'operand_profile': {'status': 'unresolved', 'reason': 'constant_threshold_requires_exact_value_custody', 'operand_count': 2, 'left_sid': 'v_2514', 'right_sid': 'c_4294967294_4', 'left_identity': ('high', 'high_rep:2514'), 'right_identity': ('constant', 32, 4294967294), 'left_width_bits': 32, 'right_width_bits': 32, 'left_constant': False, 'right_constant': True}, 'operand_orientation': None, 'relation_to_hf': None, 'invert_for_target': None, 'invert_for_fallthrough': None, 'reason': 'constant_threshold_requires_exact_value_custody', 'legacy_hint_resolved': True, 'selected_as_authority': False}, 'boolean_carrier_evidence': {'status': 'proven_boolean', 'reason': 'comparison_result_is_boolean', 'root_opcode': 'INT_SLESS', 'contains_multiequal': False, 'depth': 0}}

[EDGE IDENTITY v23 / BOHDI EMPEROR]
{'kind': 'cfg_edge_identity_inventory_v23', 'version': 'FunctionCFG_v23e_clothed_emperor_cfg_truth', 'id_schema': 'cfg_edge_identity_v1', 'canonical_identity': '(src_addr,dst_addr)', 'edges': 11, 'unique_edge_keys': 11, 'binary_cbranch_edges': 6, 'direct_join_edges': 1, 'direct_join_branch_arm_edges': 0, 'direct_join_loop_exit_edges': 1, 'direct_join_empty_arm_candidates': 0, 'warnings': 0, 'topology_mutations': 0, 'polarity_mutations': 0, 'rule': 'freeze_repaired_CFG_edge_identity_then_mark_exact_binary_CBRANCH_edge_to_IPDOM'}
{'edge_id': [1053449, 1053455], 'edge_key': 'cfg-edge-v1:0x101309->0x10130f', 'branch_owner_addr': 1053449, 'join_addr': 1053455, 'branch_role': 'false', 'authority': 'FunctionCFG_repaired_topology_plus_IPDOM_v23'}

[IPDOM]
0x101252 -> ipdom: 0x101309
0x1012f6 -> ipdom: 0x101309
0x101309 -> ipdom: 0x10130f
0x10130f -> ipdom: 0x101385
0x101348 -> ipdom: 0x101385
0x101359 -> ipdom: 0x101385
0x101365 -> ipdom: 0x101385
0x101376 -> ipdom: 0x101385
0x101385 -> ipdom: None

[BACKEDGES]
0x1012f6 -> 0x101309

=====================

===== PAL RESOLVER INDIRECT STORAGE v22c =====

[INVENTORY]
{'active': False,
 'address_tied_families': 0,
 'custody_transitions': 0,
 'effect_owner_groups': 0,
 'escape_barrier_sids': 0,
 'input_contracts': 0,
 'kind': 'resolver_indirect_storage_inventory_v22c',
 'machine_state_families': 0,
 'machine_state_sids': 0,
 'owner_categories': {},
 'parameter_initializers': 0,
 'persistent_families': 0,
 'rule': 'HighVariable_identity_families_plus_address_escape_alias_barrier',
 'runtime_order': 'CFG_governed_not_linearized',
 'storage_families': 0,
 'version': 'v22c_indirect_storage_families',
 'warnings': 0}

[STORAGE FAMILIES]

[PARAMETER INITIALIZERS / STORAGE WRITES]
[]

[WARNINGS]
[]
===== END PAL RESOLVER INDIRECT STORAGE =====

========================================================================
PALRAW AUDIT v0.3 :: raw instruction BLOCK p-code vs HF/PAL CFG
========================================================================

--- 0x10127f ---
Raw block  : 0x101252 -> next 0x1012f6
Instr count: 40
Terminal   : 0x1012f4 JMP 0x00101309
Raw succs  : ['0x101309']
Norm succs : ['0x101309']
HF block   : 0x101252
CFG edges  : ['0x101309 role=uncond raw=uncond']
STATUS     : successors_match
Raw instructions:
   0x101252  PUSH RBP
   0x101253  MOV RBP,RSP
   0x101256  SUB RSP,0x20
   0x10125a  MOV qword ptr [RBP + -0x18],RDI
   0x10125e  MOV RAX,qword ptr [RBP + -0x18]
   0x101262  MOV EAX,dword ptr [RAX]
   0x101264  MOV EDI,EAX
   0x101266  CALL 0x001011b0
   0x10126b  MOV dword ptr [RBP + -0x8],EAX
   0x10126e  LEA RAX,[0x102048]
   0x101275  MOV RDI,RAX
   0x101278  CALL 0x00101030
   0x10127d  LEA RAX,[0x102088]
   0x101284  MOV RDI,RAX
   0x101287  CALL 0x00101030
   0x10128c  LEA RAX,[0x1020b0]
   0x101293  MOV RDI,RAX
   0x101296  CALL 0x00101030
   0x10129b  LEA RAX,[0x102048]
   0x1012a2  MOV RDI,RAX
   0x1012a5  CALL 0x00101030
   0x1012aa  MOV RAX,qword ptr [RBP + -0x18]
   0x1012ae  MOV ESI,dword ptr [RAX + 0x8]
   0x1012b1  MOV RAX,qword ptr [RBP + -0x18]
   0x1012b5  MOV ECX,dword ptr [RAX + 0x4]
   0x1012b8  MOV RAX,qword ptr [RBP + -0x18]
   0x1012bc  MOV EDX,dword ptr [RAX]
   0x1012be  MOV RAX,qword ptr [RBP + -0x18]
   0x1012c2  MOV EAX,dword ptr [RAX + 0xc]
   0x1012c5  MOV R8D,ESI
   0x1012c8  MOV ESI,EAX
   0x1012ca  LEA RAX,[0x1020e0]
   0x1012d1  MOV RDI,RAX
   0x1012d4  MOV EAX,0x0
   0x1012d9  CALL 0x00101040
   0x1012de  LEA RAX,[0x102118]
   0x1012e5  MOV RDI,RAX
   0x1012e8  CALL 0x00101030
   0x1012ed  MOV dword ptr [RBP + -0x4],0x0
   0x1012f4  JMP 0x00101309
Terminal raw p-code:
     ---  BRANCH (ram, 0x101309, 8)
HF/PAL ops :
    LOAD [0x1b1, param_0] -> v_52
    CALL [craft_row_for_altitude, v_52] -> v_1878
    COPY [0x102048] -> v_2438
    CALL [puts, v_2438] -> None
    COPY [0x102088] -> v_2444
    CALL [puts, v_2444] -> None
    COPY [0x1020b0] -> v_2447
    CALL [puts, v_2447] -> None
    COPY [0x102048] -> v_2441
    CALL [puts, v_2441] -> None
    PTRADD [param_0, 0x2, 0x4] -> v_135
    LOAD [0x1b1, v_135] -> v_138
    PTRADD [param_0, 0x1, 0x4] -> v_153
    LOAD [0x1b1, v_153] -> v_156
    INT_ZEXT [v_156] -> v_1026
    LOAD [0x1b1, param_0] -> v_171
    INT_ZEXT [v_171] -> v_1098
    PTRADD [param_0, 0x3, 0x4] -> v_186
    LOAD [0x1b1, v_186] -> v_189
    INT_ZEXT [v_138] -> v_1332
    INT_ZEXT [v_189] -> v_1188
    COPY [0x1020e0] -> v_2450
    CALL [printf, v_2450, v_1188, v_1098, v_1026, v_1332] -> None
    COPY [0x102118] -> v_2453
    CALL [puts, v_2453] -> None
    COPY [0x0] -> local_c
HF/PAL term:
    BRANCH [LAB_00101309] -> None

--- 0x1011b6 ---
Raw block  : 0x1011b6 -> next 0x101252
Instr count: 0
Terminal   : None None
Raw succs  : []
Norm succs : None
HF block   : None
CFG edges  : []
STATUS     : no_hf_block
NOTE       : No PAL/HighFunction block mapped to this address.
Raw instructions:
Terminal raw p-code:
HF/PAL ops :

--- 0x101219 ---
Raw block  : 0x101219 -> next 0x101252
Instr count: 8
Terminal   : 0x10122d JNZ 0x00101240
Raw succs  : ['0x101240', '0x10122f']
Norm succs : None
HF block   : None
CFG edges  : []
STATUS     : no_hf_block
NOTE       : No PAL/HighFunction block mapped to this address.
Raw instructions:
   0x101219  PUSH RBP
   0x10121a  MOV RBP,RSP
   0x10121d  SUB RSP,0x10
   0x101221  MOV dword ptr [RBP + -0x4],EDI
   0x101224  MOV dword ptr [RBP + -0x8],ESI
   0x101227  MOV EAX,dword ptr [RBP + -0x4]
   0x10122a  CMP EAX,dword ptr [RBP + -0x8]
   0x10122d  JNZ 0x00101240
Terminal raw p-code:
    (unique, 0x24f00, 1) BOOL_NEGATE (register, 0x206, 1)
     ---  CBRANCH (ram, 0x101240, 8) , (unique, 0x24f00, 1)
HF/PAL ops :

--- 0x10120f ---
Raw block  : 0x10120f -> next 0x101252
Instr count: 0
Terminal   : None None
Raw succs  : []
Norm succs : None
HF block   : None
CFG edges  : []
STATUS     : no_hf_block
NOTE       : No PAL/HighFunction block mapped to this address.
Raw instructions:
Terminal raw p-code:
HF/PAL ops :

--- 0x101221 ---
Raw block  : 0x101221 -> next 0x101252
Instr count: 5
Terminal   : 0x10122d JNZ 0x00101240
Raw succs  : ['0x101240', '0x10122f']
Norm succs : None
HF block   : None
CFG edges  : []
STATUS     : no_hf_block
NOTE       : No PAL/HighFunction block mapped to this address.
Raw instructions:
   0x101221  MOV dword ptr [RBP + -0x4],EDI
   0x101224  MOV dword ptr [RBP + -0x8],ESI
   0x101227  MOV EAX,dword ptr [RBP + -0x4]
   0x10122a  CMP EAX,dword ptr [RBP + -0x8]
   0x10122d  JNZ 0x00101240
Terminal raw p-code:
    (unique, 0x24f00, 1) BOOL_NEGATE (register, 0x206, 1)
     ---  CBRANCH (ram, 0x101240, 8) , (unique, 0x24f00, 1)
HF/PAL ops :

--- 0x101284 ---
Raw block  : 0x101252 -> next 0x1012f6
Instr count: 40
Terminal   : 0x1012f4 JMP 0x00101309
Raw succs  : ['0x101309']
Norm succs : ['0x101309']
HF block   : 0x101252
CFG edges  : ['0x101309 role=uncond raw=uncond']
STATUS     : successors_match
Raw instructions:
   0x101252  PUSH RBP
   0x101253  MOV RBP,RSP
   0x101256  SUB RSP,0x20
   0x10125a  MOV qword ptr [RBP + -0x18],RDI
   0x10125e  MOV RAX,qword ptr [RBP + -0x18]
   0x101262  MOV EAX,dword ptr [RAX]
   0x101264  MOV EDI,EAX
   0x101266  CALL 0x001011b0
   0x10126b  MOV dword ptr [RBP + -0x8],EAX
   0x10126e  LEA RAX,[0x102048]
   0x101275  MOV RDI,RAX
   0x101278  CALL 0x00101030
   0x10127d  LEA RAX,[0x102088]
   0x101284  MOV RDI,RAX
   0x101287  CALL 0x00101030
   0x10128c  LEA RAX,[0x1020b0]
   0x101293  MOV RDI,RAX
   0x101296  CALL 0x00101030
   0x10129b  LEA RAX,[0x102048]
   0x1012a2  MOV RDI,RAX
   0x1012a5  CALL 0x00101030
   0x1012aa  MOV RAX,qword ptr [RBP + -0x18]
   0x1012ae  MOV ESI,dword ptr [RAX + 0x8]
   0x1012b1  MOV RAX,qword ptr [RBP + -0x18]
   0x1012b5  MOV ECX,dword ptr [RAX + 0x4]
   0x1012b8  MOV RAX,qword ptr [RBP + -0x18]
   0x1012bc  MOV EDX,dword ptr [RAX]
   0x1012be  MOV RAX,qword ptr [RBP + -0x18]
   0x1012c2  MOV EAX,dword ptr [RAX + 0xc]
   0x1012c5  MOV R8D,ESI
   0x1012c8  MOV ESI,EAX
   0x1012ca  LEA RAX,[0x1020e0]
   0x1012d1  MOV RDI,RAX
   0x1012d4  MOV EAX,0x0
   0x1012d9  CALL 0x00101040
   0x1012de  LEA RAX,[0x102118]
   0x1012e5  MOV RDI,RAX
   0x1012e8  CALL 0x00101030
   0x1012ed  MOV dword ptr [RBP + -0x4],0x0
   0x1012f4  JMP 0x00101309
Terminal raw p-code:
     ---  BRANCH (ram, 0x101309, 8)
HF/PAL ops :
    LOAD [0x1b1, param_0] -> v_52
    CALL [craft_row_for_altitude, v_52] -> v_1878
    COPY [0x102048] -> v_2438
    CALL [puts, v_2438] -> None
    COPY [0x102088] -> v_2444
    CALL [puts, v_2444] -> None
    COPY [0x1020b0] -> v_2447
    CALL [puts, v_2447] -> None
    COPY [0x102048] -> v_2441
    CALL [puts, v_2441] -> None
    PTRADD [param_0, 0x2, 0x4] -> v_135
    LOAD [0x1b1, v_135] -> v_138
    PTRADD [param_0, 0x1, 0x4] -> v_153
    LOAD [0x1b1, v_153] -> v_156
    INT_ZEXT [v_156] -> v_1026
    LOAD [0x1b1, param_0] -> v_171
    INT_ZEXT [v_171] -> v_1098
    PTRADD [param_0, 0x3, 0x4] -> v_186
    LOAD [0x1b1, v_186] -> v_189
    INT_ZEXT [v_138] -> v_1332
    INT_ZEXT [v_189] -> v_1188
    COPY [0x1020e0] -> v_2450
    CALL [printf, v_2450, v_1188, v_1098, v_1026, v_1332] -> None
    COPY [0x102118] -> v_2453
    CALL [puts, v_2453] -> None
    COPY [0x0] -> local_c
HF/PAL term:
    BRANCH [LAB_00101309] -> None

--- 0x10127f ---
Raw block  : 0x101252 -> next 0x1012f6
Instr count: 40
Terminal   : 0x1012f4 JMP 0x00101309
Raw succs  : ['0x101309']
Norm succs : ['0x101309']
HF block   : 0x101252
CFG edges  : ['0x101309 role=uncond raw=uncond']
STATUS     : successors_match
Raw instructions:
   0x101252  PUSH RBP
   0x101253  MOV RBP,RSP
   0x101256  SUB RSP,0x20
   0x10125a  MOV qword ptr [RBP + -0x18],RDI
   0x10125e  MOV RAX,qword ptr [RBP + -0x18]
   0x101262  MOV EAX,dword ptr [RAX]
   0x101264  MOV EDI,EAX
   0x101266  CALL 0x001011b0
   0x10126b  MOV dword ptr [RBP + -0x8],EAX
   0x10126e  LEA RAX,[0x102048]
   0x101275  MOV RDI,RAX
   0x101278  CALL 0x00101030
   0x10127d  LEA RAX,[0x102088]
   0x101284  MOV RDI,RAX
   0x101287  CALL 0x00101030
   0x10128c  LEA RAX,[0x1020b0]
   0x101293  MOV RDI,RAX
   0x101296  CALL 0x00101030
   0x10129b  LEA RAX,[0x102048]
   0x1012a2  MOV RDI,RAX
   0x1012a5  CALL 0x00101030
   0x1012aa  MOV RAX,qword ptr [RBP + -0x18]
   0x1012ae  MOV ESI,dword ptr [RAX + 0x8]
   0x1012b1  MOV RAX,qword ptr [RBP + -0x18]
   0x1012b5  MOV ECX,dword ptr [RAX + 0x4]
   0x1012b8  MOV RAX,qword ptr [RBP + -0x18]
   0x1012bc  MOV EDX,dword ptr [RAX]
   0x1012be  MOV RAX,qword ptr [RBP + -0x18]
   0x1012c2  MOV EAX,dword ptr [RAX + 0xc]
   0x1012c5  MOV R8D,ESI
   0x1012c8  MOV ESI,EAX
   0x1012ca  LEA RAX,[0x1020e0]
   0x1012d1  MOV RDI,RAX
   0x1012d4  MOV EAX,0x0
   0x1012d9  CALL 0x00101040
   0x1012de  LEA RAX,[0x102118]
   0x1012e5  MOV RDI,RAX
   0x1012e8  CALL 0x00101030
   0x1012ed  MOV dword ptr [RBP + -0x4],0x0
   0x1012f4  JMP 0x00101309
Terminal raw p-code:
     ---  BRANCH (ram, 0x101309, 8)
HF/PAL ops :
    LOAD [0x1b1, param_0] -> v_52
    CALL [craft_row_for_altitude, v_52] -> v_1878
    COPY [0x102048] -> v_2438
    CALL [puts, v_2438] -> None
    COPY [0x102088] -> v_2444
    CALL [puts, v_2444] -> None
    COPY [0x1020b0] -> v_2447
    CALL [puts, v_2447] -> None
    COPY [0x102048] -> v_2441
    CALL [puts, v_2441] -> None
    PTRADD [param_0, 0x2, 0x4] -> v_135
    LOAD [0x1b1, v_135] -> v_138
    PTRADD [param_0, 0x1, 0x4] -> v_153
    LOAD [0x1b1, v_153] -> v_156
    INT_ZEXT [v_156] -> v_1026
    LOAD [0x1b1, param_0] -> v_171
    INT_ZEXT [v_171] -> v_1098
    PTRADD [param_0, 0x3, 0x4] -> v_186
    LOAD [0x1b1, v_186] -> v_189
    INT_ZEXT [v_138] -> v_1332
    INT_ZEXT [v_189] -> v_1188
    COPY [0x1020e0] -> v_2450
    CALL [printf, v_2450, v_1188, v_1098, v_1026, v_1332] -> None
    COPY [0x102118] -> v_2453
    CALL [puts, v_2453] -> None
    COPY [0x0] -> local_c
HF/PAL term:
    BRANCH [LAB_00101309] -> None

========================================================================

===== PAL COMPUTE ANALYZER =====
{'kind': 'pal_compute_inventory_v22',
 'version': 'v23b_abi_thunk_compatibility_return_reconciliation',
 'runtime_representation': 'raw_unsigned_bitvector_at_ssa_boundaries',
 'operations': 56,
 'output_plans': 40,
 'control_contracts': 7,
 'c_compute_filtered': 40,
 'use_site_overrides': 0,
 'return_observation_view_mismatches': 0,
 'storage_custody_related_ops': 0,
 'indirect_custody_contracts': 0,
 'indirect_custody_resolved': 0,
 'indirect_custody_deferred': 0,
 'indirect_effect_owner_compute_ops': 0,
 'storage_family_bindings': 0,
 'function_entry_abi_plan': True,
 'call_site_abi_plans': 17,
 'internal_call_plan_failures': 2,
 'unsupported_implicit_inputs': 0,
 'abi_runtime_helper_assignments': 0,
 'no_return_calls': 0,
 'reachable_return_boundaries': 1,
 'unreachable_return_boundaries': 0,
 'synthetic_no_return_continuations_suppressed': 0,
 'statuses': {'deferred_memory': 12,
              'deferred_external': 17,
              'metadata_only': 19,
              'helper_required': 8},
 'categories': {'memory': 7,
                'call_boundary': 17,
                'transport': 16,
                'pointer_arithmetic': 5,
                'conversion': 6,
                'phi_merge': 1,
                'comparison': 3,
                'integer_arithmetic': 1},
 'helpers': {'c_load': 7, 'c_ptradd': 5, 'c_zext': 4, 'c_slt': 3, 'c_add': 1},
 'opcodes': {'LOAD': 7,
             'CALL': 17,
             'COPY': 16,
             'PTRADD': 5,
             'INT_ZEXT': 4,
             'MULTIEQUAL': 1,
             'INT_SLESS': 3,
             'INT_ADD': 1,
             'CAST': 2},
 'warnings': 0}

[WARNINGS]
[]

[METADATA-ONLY COMPUTE BOUNDARIES]
0x101309 MULTIEQUAL ['v_2097', 'v_569'] -> v_2362 classification=None
0x10130f CAST ['v_328'] -> v_2513 classification=same_width_explicit_recast
0x101359 CAST ['v_450'] -> v_2514 classification=same_width_explicit_recast

[HELPER-REQUIRED CONTRACTS]
0x101252 INT_ZEXT v_1026 helper=c_zext widths=[32]->64 overrides=0
0x101252 INT_ZEXT v_1098 helper=c_zext widths=[32]->64 overrides=0
0x101252 INT_ZEXT v_1332 helper=c_zext widths=[32]->64 overrides=0
0x101252 INT_ZEXT v_1188 helper=c_zext widths=[32]->64 overrides=0
0x101309 INT_SLESS v_276 helper=c_slt widths=[32, 32]->8 overrides=0
0x1012f6 INT_ADD v_569 helper=c_add widths=[32, 32]->32 overrides=0
0x10130f INT_SLESS v_366 helper=c_slt widths=[32, 32]->8 overrides=0
0x101359 INT_SLESS v_485 helper=c_slt widths=[32, 32]->8 overrides=0

[INDIRECT STORAGE-CUSTODY CONTRACTS]

[INDIRECT CUSTODY INVENTORY]
{'kind': 'pal_compute_indirect_custody_inventory_v22d',
 'version': 'v23b_abi_thunk_compatibility_return_reconciliation',
 'resolver_transitions': 0,
 'compute_indirect_contracts': 0,
 'resolved_custody': 0,
 'deferred_custody': 0,
 'effect_owner_compute_bindings': 0,
 'effect_owner_compute_ops': 0,
 'owner_categories': {},
 'storage_families': 0,
 'storage_sid_bindings': 0,
 'address_escape_barrier_sids': 0,
 'parameter_storage_initializers': 0,
 'runtime_helpers': 0,
 'warnings': 0,
 'rule': 'INDIRECT_is_metadata_only_owner_bound_storage_transition'}

[ABI-D ENTRY/CALL PLAN INVENTORY]
{'kind': 'pal_compute_abi_plan_inventory_v23',
 'version': 'v23b_abi_thunk_compatibility_return_reconciliation',
 'function': 'draw_lander',
 'entry_plan_present': True,
 'entry_plan_status': 'ready',
 'fixed_arguments': 1,
 'implicit_inputs': 0,
 'implicit_inputs_unsupported': 0,
 'call_compute_contracts': 17,
 'call_site_plans': 17,
 'call_sites_without_plan': 0,
 'call_statuses': {'ready': 17},
 'dispatch_classes': {'internal_resolved': 2, 'external_via_import_thunk': 15},
 'internal_calls': 2,
 'internal_calls_with_target_compatible_plan': 0,
 'internal_calls_without_target_compatible_plan': 2,
 'internal_calls_with_deferred_target_compatibility': 2,
 'internal_calls_with_incompatible_target': 0,
 'internal_calls_without_transport_plan': 0,
 'external_calls': 15,
 'thunk_calls': 15,
 'external_via_thunk_calls': 15,
 'thunk_endpoint_deferred_calls': 0,
 'thunk_calls_misclassified_internal': 0,
 'target_compatibility_overclaims': 0,
 'no_return_calls': 0,
 'result_carrier_contracts': 17,
 'abi_runtime_helper_assignments': 0,
 'warnings': 0,
 'acceptance_gates': {'every_emitted_function_has_entry_plan': True,
                      'every_call_has_call_site_plan': True,
                      'every_internal_call_has_target_compatible_plan': False,
                      'every_internal_call_has_carrier_transport_plan': True,
                      'no_resolved_thunk_misclassified_internal': True,
                      'no_target_compatibility_overclaim': True,
                      'no_implicit_input_is_unsupported': True,
                      'no_runtime_helper_assigned_by_ABI_guesswork': True},
 'return_boundary_reconciliation': {'kind': 'pal_compute_return_boundary_reconciliation_v23b',
                                    'version': 'v23b_abi_thunk_compatibility_return_reconciliation',
                                    'function': 'draw_lander',
                                    'entry_block_addr': 1053266,
                                    'cfg_evidence_available': True,
                                    'no_return_terminating_blocks': [],
                                    'no_return_call_op_keys': [],
                                    'return_boundaries': 1,
                                    'reachable_return_boundaries': 1,
                                    'unreachable_return_boundaries': 0,
                                    'deferred_return_boundaries': 0,
                                    'reachable_return_widths': [64],
                                    'width_reconciled': True,
                                    'synthetic_no_return_continuations_suppressed': 0,
                                    'rule': 'traverse_CFG_with_no_return_blocks_as_terminal_then_reconcile_reachable_raw_return_transports_only'},
 'rule': 'ABI_A_B_C_authority_only_thunk_endpoint_and_compatibility_tri_state_no_downstream_argument_reinference'}

[FUNCTION ENTRY ABI PLAN]
{'plan_id': 'function_entry:1053266',
 'status': 'ready',
 'callable_signature_status': 'legacy_non_variadic_fallback',
 'fixed_argument_count': 1,
 'implicit_input_count': 0,
 'variadic_register_save_area': {'required': False,
                                 'status': 'not_required',
                                 'slots': [{'sid': 'v_1803',
                                            'bank': 'gp',
                                            'index': 0,
                                            'register': 'RDI',
                                            'width_bits': 64,
                                            'canonical_alias': 'param_0',
                                            'owner_namespace': 'logical_parameter',
                                            'owner_role': 'callable_parameter_carrier',
                                            'materialization': 'capture_entry_register_bits',
                                            'source': 'abi_context.registers',
                                            'runtime_helper': None,
                                            'authority': 'PALSymbolResolver_ABI_C_physical_carrier_binding'}],
                                 'gp_slots': [{'sid': 'v_1803',
                                               'bank': 'gp',
                                               'index': 0,
                                               'register': 'RDI',
                                               'width_bits': 64,
                                               'canonical_alias': 'param_0',
                                               'owner_namespace': 'logical_parameter',
                                               'owner_role': 'callable_parameter_carrier',
                                               'materialization': 'capture_entry_register_bits',
                                               'source': 'abi_context.registers',
                                               'runtime_helper': None,
                                               'authority': 'PALSymbolResolver_ABI_C_physical_carrier_binding'}],
                                 'sse_slots': [],
                                 'fixed_variadic_partition_status': 'deferred_to_entry_protocol_analysis',
                                 'source': 'abi_context.registers',
                                 'authority': 'ABI_C_carriers_plus_variadic_contract'},
 'overflow_argument_area': {'required': False,
                            'status': 'not_required',
                            'source': 'abi_context.overflow_argument_area',
                            'observed_stack_carriers': [],
                            'materialization': 'consume_preclassified_overflow_slots',
                            'offset_inference_allowed': False,
                            'authority': 'ABI_C_stack_carriers_or_variadic_protocol'},
 'variadic_al': {'required': False,
                 'status': 'not_required',
                 'source': 'abi_context.variadic_xmm_count',
                 'inputs': [],
                 'default_allowed': False,
                 'authority': 'ABI_C_variadic_xmm_count_contract'},
 'frame_base': {'required': False,
                'status': 'not_observed',
                'source': 'abi_context.frame_base',
                'inputs': [],
                'derive_from_parameter_names': False,
                'authority': 'ABI_C_frame_state_custody'},
 'tls_base': {'required': False,
              'status': 'not_observed',
              'source': 'abi_context.tls_base',
              'inputs': [],
              'derive_from_expression_names': False,
              'authority': 'ABI_C_tls_state_custody'},
 'return_contract': {'kind': 'pal_compute_return_carrier_contract_abi_d',
                     'version': 'v23b_abi_thunk_compatibility_return_reconciliation',
                     'status': 'return_width_proven_carrier_deferred',
                     'no_return': False,
                     'output_sid': None,
                     'output_width_bits': None,
                     'declared_width_bits': None,
                     'effective_result_width_bits': 64,
                     'declared_return': {'name': 'undefined',
                                         'display_name': 'undefined',
                                         'class_name': 'DefaultDataType',
                                         'length_bytes': 1,
                                         'width_bits': 8,
                                         'signed': None,
                                         'kind_hint': None},
                     'return_storage': {'repr': '<UNASSIGNED>',
                                        'size_bytes': 0,
                                        'flags': {'register': False,
                                                  'stack': False,
                                                  'memory': False,
                                                  'unassigned': True,
                                                  'void': False,
                                                  'auto': False},
                                        'pieces': [],
                                        'storage_keys': []},
                     'carrier_pieces': [],
                     'normalization': {'mode': 'mask_to_output_width',
                                       'width_bits': 64,
                                       'mask': 18446744073709551615},
                     'runtime_helper': None,
                     'runtime_helper_authority': 'no_ABI_runtime_helper_assigned',
                     'authority': 'reachable_raw_return_transport',
                     'reported_declared_width_bits': 8,
                     'declared_width_authoritative': False,
                     'declared_return_evidence_status': 'non_authoritative_default_or_unresolved_prototype',
                     'transport_width_bits': 64,
                     'logical_result_width_bits': 64,
                     'reachable_return_widths': [64],
                     'reachable_return_boundary_count': 1,
                     'unreachable_return_boundary_count': 0,
                     'deferred_return_boundary_count': 0},
 'reachable_return_boundaries': [{'block_addr': 1053573,
                                  'return_value_sid': 'c_0_8',
                                  'return_value_width_bits': 64,
                                  'return_transport_width_bits': 64,
                                  'return_logical_width_bits': 64,
                                  'return_declared_view': None,
                                  'return_boundary_authority': 'raw_return_register_transport',
                                  'return_reachability': 'reachable',
                                  'reachable_return': True,
                                  'execution_suppressed': False,
                                  'emission_policy': 'emit_reachable_return_boundary',
                                  'cut_by_no_return_blocks': [],
                                  'cut_by_no_return_call_op_keys': []}],
 'unreachable_return_boundaries': []}

[RETURN BOUNDARY RECONCILIATION]
{'kind': 'pal_compute_return_boundary_reconciliation_v23b',
 'version': 'v23b_abi_thunk_compatibility_return_reconciliation',
 'function': 'draw_lander',
 'entry_block_addr': 1053266,
 'cfg_evidence_available': True,
 'no_return_terminating_blocks': [],
 'no_return_call_op_keys': [],
 'return_boundaries': 1,
 'reachable_return_boundaries': 1,
 'unreachable_return_boundaries': 0,
 'deferred_return_boundaries': 0,
 'reachable_return_widths': [64],
 'width_reconciled': True,
 'synthetic_no_return_continuations_suppressed': 0,
 'rule': 'traverse_CFG_with_no_return_blocks_as_terminal_then_reconcile_reachable_raw_return_transports_only'}

[CALL SITE ABI PLANS]
{'op_key': '1053266:(ram, 0x101266, 26, 1):1',
 'target': 'craft_row_for_altitude',
 'dispatch_class': 'internal_resolved',
 'status': 'ready',
 'argument_count': 1,
 'carrier_allocation_status': 'complete',
 'target_compatibility_status': 'deferred',
 'target_compatible': None,
 'no_return': False,
 'result_width_bits': 32}
{'op_key': '1053266:(ram, 0x101278, 34, 3):3',
 'target': 'puts',
 'dispatch_class': 'external_via_import_thunk',
 'status': 'ready',
 'argument_count': 1,
 'carrier_allocation_status': 'complete',
 'target_compatibility_status': 'compatible',
 'target_compatible': True,
 'no_return': False,
 'result_width_bits': 32}
{'op_key': '1053266:(ram, 0x101287, 39, 5):5',
 'target': 'puts',
 'dispatch_class': 'external_via_import_thunk',
 'status': 'ready',
 'argument_count': 1,
 'carrier_allocation_status': 'complete',
 'target_compatibility_status': 'compatible',
 'target_compatible': True,
 'no_return': False,
 'result_width_bits': 32}
{'op_key': '1053266:(ram, 0x101296, 44, 7):7',
 'target': 'puts',
 'dispatch_class': 'external_via_import_thunk',
 'status': 'ready',
 'argument_count': 1,
 'carrier_allocation_status': 'complete',
 'target_compatibility_status': 'compatible',
 'target_compatible': True,
 'no_return': False,
 'result_width_bits': 32}
{'op_key': '1053266:(ram, 0x1012a5, 49, 9):9',
 'target': 'puts',
 'dispatch_class': 'external_via_import_thunk',
 'status': 'ready',
 'argument_count': 1,
 'carrier_allocation_status': 'complete',
 'target_compatibility_status': 'compatible',
 'target_compatible': True,
 'no_return': False,
 'result_width_bits': 32}
{'op_key': '1053266:(ram, 0x1012d9, 86, 22):22',
 'target': 'printf',
 'dispatch_class': 'external_via_import_thunk',
 'status': 'ready',
 'argument_count': 5,
 'carrier_allocation_status': 'complete',
 'target_compatibility_status': 'compatible',
 'target_compatible': True,
 'no_return': False,
 'result_width_bits': 32}
{'op_key': '1053266:(ram, 0x1012e8, 91, 24):24',
 'target': 'puts',
 'dispatch_class': 'external_via_import_thunk',
 'status': 'ready',
 'argument_count': 1,
 'carrier_allocation_status': 'complete',
 'target_compatibility_status': 'compatible',
 'target_compatible': True,
 'no_return': False,
 'result_width_bits': 32}
{'op_key': '1053430:(ram, 0x101300, 219, 0):0',
 'target': 'print_sky_row',
 'dispatch_class': 'internal_resolved',
 'status': 'ready',
 'argument_count': 2,
 'carrier_allocation_status': 'complete',
 'target_compatibility_status': 'deferred',
 'target_compatible': None,
 'no_return': False,
 'result_width_bits': 8}
{'op_key': '1053455:(ram, 0x101319, 115, 1):1',
 'target': 'puts',
 'dispatch_class': 'external_via_import_thunk',
 'status': 'ready',
 'argument_count': 1,
 'carrier_allocation_status': 'complete',
 'target_compatibility_status': 'compatible',
 'target_compatible': True,
 'no_return': False,
 'result_width_bits': 32}
{'op_key': '1053455:(ram, 0x101328, 120, 3):3',
 'target': 'puts',
 'dispatch_class': 'external_via_import_thunk',
 'status': 'ready',
 'argument_count': 1,
 'carrier_allocation_status': 'complete',
 'target_compatibility_status': 'compatible',
 'target_compatible': True,
 'no_return': False,
 'result_width_bits': 32}
{'op_key': '1053455:(ram, 0x101337, 125, 5):5',
 'target': 'puts',
 'dispatch_class': 'external_via_import_thunk',
 'status': 'ready',
 'argument_count': 1,
 'carrier_allocation_status': 'complete',
 'target_compatibility_status': 'compatible',
 'target_compatible': True,
 'no_return': False,
 'result_width_bits': 32}
{'op_key': '1053558:(ram, 0x101380, 204, 1):1',
 'target': 'puts',
 'dispatch_class': 'external_via_import_thunk',
 'status': 'ready',
 'argument_count': 1,
 'carrier_allocation_status': 'complete',
 'target_compatibility_status': 'compatible',
 'target_compatible': True,
 'no_return': False,
 'result_width_bits': 32}
{'op_key': '1053541:(ram, 0x10136f, 198, 1):1',
 'target': 'puts',
 'dispatch_class': 'external_via_import_thunk',
 'status': 'ready',
 'argument_count': 1,
 'carrier_allocation_status': 'complete',
 'target_compatibility_status': 'compatible',
 'target_compatible': True,
 'no_return': False,
 'result_width_bits': 32}
{'op_key': '1053512:(ram, 0x101352, 150, 1):1',
 'target': 'puts',
 'dispatch_class': 'external_via_import_thunk',
 'status': 'ready',
 'argument_count': 1,
 'carrier_allocation_status': 'complete',
 'target_compatibility_status': 'compatible',
 'target_compatible': True,
 'no_return': False,
 'result_width_bits': 32}
{'op_key': '1053573:(ram, 0x101399, 158, 1):1',
 'target': 'printf',
 'dispatch_class': 'external_via_import_thunk',
 'status': 'ready',
 'argument_count': 2,
 'carrier_allocation_status': 'complete',
 'target_compatibility_status': 'compatible',
 'target_compatible': True,
 'no_return': False,
 'result_width_bits': 32}
{'op_key': '1053573:(ram, 0x1013a8, 163, 3):3',
 'target': 'puts',
 'dispatch_class': 'external_via_import_thunk',
 'status': 'ready',
 'argument_count': 1,
 'carrier_allocation_status': 'complete',
 'target_compatibility_status': 'compatible',
 'target_compatible': True,
 'no_return': False,
 'result_width_bits': 32}
{'op_key': '1053573:(ram, 0x1013b7, 168, 5):5',
 'target': 'puts',
 'dispatch_class': 'external_via_import_thunk',
 'status': 'ready',
 'argument_count': 1,
 'carrier_allocation_status': 'complete',
 'target_compatibility_status': 'compatible',
 'target_compatible': True,
 'no_return': False,
 'result_width_bits': 32}
===== END PAL COMPUTE ANALYZER =====


=========== SGL EXECUTION TREE ===========

sequence
  sequence
    block [0x101252]
  loop [header=0x101309 role=body semantics=continue_when_true cond=(local_c < 8) order=predicate_only continue_edge=[1053449, 1053430] exit_edge=[1053449, 1053455] selected_invert=False]
    loop_body
      sequence
        block [0x1012f6]
      block [0x1012f6]
  block [0x10130f]
  if [cond=(v_328 < 4)]
    then
      block [0x101359]
      if [cond=not ((v_450 < 0xfffffffe))]
        then
          sequence
            block [0x101376]
        else
          sequence
            block [0x101365]
    else
      sequence
        block [0x101348]
  sequence
    block [0x101385]

=========== END TREE ===========

[SGL EXEC TREE PERSISTED] path=/home/rem/gh/PAL/pyghidra-PAL/PAL/PAL_logs/f_0000000000101252_draw_lander.sgl.exec_tree.log mode=append temporary=False delete_on_completion=False

[PHI DROP-INS]
------------------------------------------------------------
pred=0x1012f6 -> join=0x101309 :: local_c = v_569
------------------------------------------------------------
{'active': True,
 'bound_plans': 40,
 'control_contracts_forwarded': 7,
 'input_op_contracts': 56,
 'input_plans': 40,
 'kind': 'phi_compute_consumer_inventory_v21',
 'outputless_contracts_forwarded': 16,
 'phi_merge_contracts': 1,
 'phi_transition_contracts': 1,
 'preserved_compute_boundaries': 24,
 'preserved_deferred_contracts': 13,
 'preserved_outputless_boundaries': 16,
 'preserved_outputless_deferred_contracts': 16,
 'preserved_outputless_helpers': 0,
 'preserved_runtime_helpers': 20,
 'rule': 'preserve_PALCompute_authority_remap_execution_destination_only',
 'state_alias_bindings': 1,
 'transition_owners': {'source_state_alias': 1},
 'version': 'v21_compute_contract_consumers',
 'warnings': 0}
[]
