
===== CFG DEBUG =====

[EDGES]
0x101000 -> 0x101012  true raw=true role=raw_true_explicit_target pol=fallthrough inv=True edge=cfg-edge-v1:0x101000->0x101012 direct_join=True
0x101000 -> 0x101010  false raw=false role=raw_false_fallthrough pol=fallthrough inv=False edge=cfg-edge-v1:0x101000->0x101010 direct_join=False
0x101010 -> 0x101012  uncond raw=uncond role=uncond pol=unknown inv=None edge=cfg-edge-v1:0x101010->0x101012 direct_join=False

[BRANCH RESOLUTION EVENTS]
{'kind': 'binary_branch_truth_bound_by_evidence_class_v21d', 'src': 1052672, 'first_dst': 1052690, 'second_dst': 1052688, 'hf_target': 1052690, 'hf_normalized_target': 1052690, 'direct_dst': 1052688, 'first_invert': True, 'second_invert': False, 'condition_truth_authority': 'raw_jcc_hf_relation_direct_flags', 'reason': 'branch_truth_evidence_v21d hf_target=0x101012 raw_target=0x101012 raw_fallthrough=0x101010 legacy_hint=(mnemonic=JZ hf_cond_opcode=INT_NOTEQUAL) class=direct_flags', 'relation_evidence': {'version': 'ordered_relation_algebra_v23e', 'status': 'unresolved', 'mnemonic': 'JZ', 'raw_relation': None, 'raw_domain': None, 'hf_opcode': 'INT_NOTEQUAL', 'hf_relation': None, 'hf_domain': None, 'operand_profile': {'status': 'unresolved', 'reason': 'constant_threshold_requires_exact_value_custody', 'operand_count': 2, 'left_sid': 'v_203', 'right_sid': 'c_0_8', 'left_identity': ('high', 'high_rep:203'), 'right_identity': ('constant', 64, 0), 'left_width_bits': 64, 'right_width_bits': 64, 'left_constant': False, 'right_constant': True}, 'operand_orientation': None, 'relation_to_hf': None, 'invert_for_target': None, 'invert_for_fallthrough': None, 'reason': 'ordered_relation_family_not_applicable', 'legacy_hint_resolved': True, 'selected_as_authority': False}, 'boolean_carrier_evidence': {'status': 'proven_boolean', 'reason': 'comparison_result_is_boolean', 'root_opcode': 'INT_NOTEQUAL', 'contains_multiequal': False, 'depth': 0}}

[EDGE IDENTITY v23 / BOHDI EMPEROR]
{'kind': 'cfg_edge_identity_inventory_v23', 'version': 'FunctionCFG_v23e_clothed_emperor_cfg_truth', 'id_schema': 'cfg_edge_identity_v1', 'canonical_identity': '(src_addr,dst_addr)', 'edges': 3, 'unique_edge_keys': 3, 'binary_cbranch_edges': 2, 'direct_join_edges': 1, 'direct_join_branch_arm_edges': 1, 'direct_join_loop_exit_edges': 0, 'direct_join_empty_arm_candidates': 1, 'warnings': 0, 'topology_mutations': 0, 'polarity_mutations': 0, 'rule': 'freeze_repaired_CFG_edge_identity_then_mark_exact_binary_CBRANCH_edge_to_IPDOM'}
{'edge_id': [1052672, 1052690], 'edge_key': 'cfg-edge-v1:0x101000->0x101012', 'branch_owner_addr': 1052672, 'join_addr': 1052690, 'branch_role': 'true', 'authority': 'FunctionCFG_repaired_topology_plus_IPDOM_v23'}

[IPDOM]
0x101000 -> ipdom: 0x101012
0x101010 -> ipdom: 0x101012
0x101012 -> ipdom: None

=====================

===== PAL RESOLVER INDIRECT STORAGE v22c =====

[INVENTORY]
{'active': True,
 'address_tied_families': 1,
 'custody_transitions': 1,
 'effect_owner_groups': 1,
 'escape_barrier_sids': 2,
 'input_contracts': 1,
 'kind': 'resolver_indirect_storage_inventory_v22c',
 'machine_state_families': 0,
 'machine_state_sids': 0,
 'owner_categories': {'call_boundary': 1},
 'parameter_initializers': 0,
 'persistent_families': 1,
 'rule': 'HighVariable_identity_families_plus_address_escape_alias_barrier',
 'runtime_order': 'CFG_governed_not_linearized',
 'storage_families': 1,
 'version': 'v22c_indirect_storage_families',
 'warnings': 0}

[STORAGE FAMILIES]
{'address_tied': True,
 'classification': 'persistent_address_tied_storage',
 'entry_sids': ['v_203'],
 'family_id': 'storage_family:high_rep:203',
 'high_identity_key': 'high_rep:203',
 'high_name': 'PTR___gmon_start___00103fd0',
 'member_sids': ['v_203', 'v_190'],
 'parameter_initializers': 0,
 'persistent': True,
 'transitions': 1}

[PARAMETER INITIALIZERS / STORAGE WRITES]
[]

[WARNINGS]
[]
===== END PAL RESOLVER INDIRECT STORAGE =====

========================================================================
PALRAW AUDIT v0.3 :: raw instruction BLOCK p-code vs HF/PAL CFG
========================================================================

--- 0x10127f ---
Raw block  : 0x101012 -> next None
Instr count: 2
Terminal   : 0x101016 RET
Raw succs  : []
Norm succs : []
HF block   : 0x101012
CFG edges  : []
STATUS     : successors_match
Raw instructions:
   0x101012  ADD RSP,0x8
   0x101016  RET
Terminal raw p-code:
    (register, 0x288, 8) LOAD (const, 0x1b1, 8) , (register, 0x20, 8)
    (register, 0x20, 8) INT_ADD (register, 0x20, 8) , (const, 0x8, 8)
     ---  RETURN (register, 0x288, 8)
HF/PAL ops :
    MULTIEQUAL [v_208, v_216] -> v_212
    MULTIEQUAL [PTR___gmon_start___00103fd0, PTR___gmon_start___00103fd0] -> PTR___gmon_start___00103fd0
    COPY [v_212] -> v_102
    COPY [PTR___gmon_start___00103fd0] -> PTR___gmon_start___00103fd0
HF/PAL term:
    RETURN [0x0, v_102] -> None

--- 0x1011b6 ---
Raw block  : 0x101012 -> next None
Instr count: 2
Terminal   : 0x101016 RET
Raw succs  : []
Norm succs : []
HF block   : 0x101012
CFG edges  : []
STATUS     : successors_match
Raw instructions:
   0x101012  ADD RSP,0x8
   0x101016  RET
Terminal raw p-code:
    (register, 0x288, 8) LOAD (const, 0x1b1, 8) , (register, 0x20, 8)
    (register, 0x20, 8) INT_ADD (register, 0x20, 8) , (const, 0x8, 8)
     ---  RETURN (register, 0x288, 8)
HF/PAL ops :
    MULTIEQUAL [v_208, v_216] -> v_212
    MULTIEQUAL [PTR___gmon_start___00103fd0, PTR___gmon_start___00103fd0] -> PTR___gmon_start___00103fd0
    COPY [v_212] -> v_102
    COPY [PTR___gmon_start___00103fd0] -> PTR___gmon_start___00103fd0
HF/PAL term:
    RETURN [0x0, v_102] -> None

--- 0x101219 ---
Raw block  : 0x101012 -> next None
Instr count: 2
Terminal   : 0x101016 RET
Raw succs  : []
Norm succs : []
HF block   : 0x101012
CFG edges  : []
STATUS     : successors_match
Raw instructions:
   0x101012  ADD RSP,0x8
   0x101016  RET
Terminal raw p-code:
    (register, 0x288, 8) LOAD (const, 0x1b1, 8) , (register, 0x20, 8)
    (register, 0x20, 8) INT_ADD (register, 0x20, 8) , (const, 0x8, 8)
     ---  RETURN (register, 0x288, 8)
HF/PAL ops :
    MULTIEQUAL [v_208, v_216] -> v_212
    MULTIEQUAL [PTR___gmon_start___00103fd0, PTR___gmon_start___00103fd0] -> PTR___gmon_start___00103fd0
    COPY [v_212] -> v_102
    COPY [PTR___gmon_start___00103fd0] -> PTR___gmon_start___00103fd0
HF/PAL term:
    RETURN [0x0, v_102] -> None

--- 0x10120f ---
Raw block  : 0x101012 -> next None
Instr count: 2
Terminal   : 0x101016 RET
Raw succs  : []
Norm succs : []
HF block   : 0x101012
CFG edges  : []
STATUS     : successors_match
Raw instructions:
   0x101012  ADD RSP,0x8
   0x101016  RET
Terminal raw p-code:
    (register, 0x288, 8) LOAD (const, 0x1b1, 8) , (register, 0x20, 8)
    (register, 0x20, 8) INT_ADD (register, 0x20, 8) , (const, 0x8, 8)
     ---  RETURN (register, 0x288, 8)
HF/PAL ops :
    MULTIEQUAL [v_208, v_216] -> v_212
    MULTIEQUAL [PTR___gmon_start___00103fd0, PTR___gmon_start___00103fd0] -> PTR___gmon_start___00103fd0
    COPY [v_212] -> v_102
    COPY [PTR___gmon_start___00103fd0] -> PTR___gmon_start___00103fd0
HF/PAL term:
    RETURN [0x0, v_102] -> None

--- 0x101221 ---
Raw block  : 0x101012 -> next None
Instr count: 2
Terminal   : 0x101016 RET
Raw succs  : []
Norm succs : []
HF block   : 0x101012
CFG edges  : []
STATUS     : successors_match
Raw instructions:
   0x101012  ADD RSP,0x8
   0x101016  RET
Terminal raw p-code:
    (register, 0x288, 8) LOAD (const, 0x1b1, 8) , (register, 0x20, 8)
    (register, 0x20, 8) INT_ADD (register, 0x20, 8) , (const, 0x8, 8)
     ---  RETURN (register, 0x288, 8)
HF/PAL ops :
    MULTIEQUAL [v_208, v_216] -> v_212
    MULTIEQUAL [PTR___gmon_start___00103fd0, PTR___gmon_start___00103fd0] -> PTR___gmon_start___00103fd0
    COPY [v_212] -> v_102
    COPY [PTR___gmon_start___00103fd0] -> PTR___gmon_start___00103fd0
HF/PAL term:
    RETURN [0x0, v_102] -> None

--- 0x101284 ---
Raw block  : 0x101012 -> next None
Instr count: 2
Terminal   : 0x101016 RET
Raw succs  : []
Norm succs : []
HF block   : 0x101012
CFG edges  : []
STATUS     : successors_match
Raw instructions:
   0x101012  ADD RSP,0x8
   0x101016  RET
Terminal raw p-code:
    (register, 0x288, 8) LOAD (const, 0x1b1, 8) , (register, 0x20, 8)
    (register, 0x20, 8) INT_ADD (register, 0x20, 8) , (const, 0x8, 8)
     ---  RETURN (register, 0x288, 8)
HF/PAL ops :
    MULTIEQUAL [v_208, v_216] -> v_212
    MULTIEQUAL [PTR___gmon_start___00103fd0, PTR___gmon_start___00103fd0] -> PTR___gmon_start___00103fd0
    COPY [v_212] -> v_102
    COPY [PTR___gmon_start___00103fd0] -> PTR___gmon_start___00103fd0
HF/PAL term:
    RETURN [0x0, v_102] -> None

--- 0x10127f ---
Raw block  : 0x101012 -> next None
Instr count: 2
Terminal   : 0x101016 RET
Raw succs  : []
Norm succs : []
HF block   : 0x101012
CFG edges  : []
STATUS     : successors_match
Raw instructions:
   0x101012  ADD RSP,0x8
   0x101016  RET
Terminal raw p-code:
    (register, 0x288, 8) LOAD (const, 0x1b1, 8) , (register, 0x20, 8)
    (register, 0x20, 8) INT_ADD (register, 0x20, 8) , (const, 0x8, 8)
     ---  RETURN (register, 0x288, 8)
HF/PAL ops :
    MULTIEQUAL [v_208, v_216] -> v_212
    MULTIEQUAL [PTR___gmon_start___00103fd0, PTR___gmon_start___00103fd0] -> PTR___gmon_start___00103fd0
    COPY [v_212] -> v_102
    COPY [PTR___gmon_start___00103fd0] -> PTR___gmon_start___00103fd0
HF/PAL term:
    RETURN [0x0, v_102] -> None

========================================================================

===== PAL COMPUTE ANALYZER =====
{'kind': 'pal_compute_inventory_v22',
 'version': 'v23b_abi_thunk_compatibility_return_reconciliation',
 'runtime_representation': 'raw_unsigned_bitvector_at_ssa_boundaries',
 'operations': 9,
 'output_plans': 9,
 'control_contracts': 2,
 'c_compute_filtered': 6,
 'use_site_overrides': 0,
 'return_observation_view_mismatches': 0,
 'storage_custody_related_ops': 5,
 'indirect_custody_contracts': 1,
 'indirect_custody_resolved': 1,
 'indirect_custody_deferred': 0,
 'indirect_effect_owner_compute_ops': 1,
 'storage_family_bindings': 2,
 'function_entry_abi_plan': True,
 'call_site_abi_plans': 1,
 'internal_call_plan_failures': 0,
 'unsupported_implicit_inputs': 0,
 'abi_runtime_helper_assignments': 0,
 'no_return_calls': 0,
 'reachable_return_boundaries': 1,
 'unreachable_return_boundaries': 0,
 'synthetic_no_return_continuations_suppressed': 0,
 'statuses': {'helper_required': 1, 'metadata_only': 7, 'deferred_external': 1},
 'categories': {'comparison': 1,
                'transport': 3,
                'conversion': 1,
                'storage_custody': 1,
                'call_boundary': 1,
                'phi_merge': 2},
 'helpers': {'c_ne': 1},
 'opcodes': {'INT_NOTEQUAL': 1,
             'COPY': 3,
             'CAST': 1,
             'INDIRECT': 1,
             'CALLIND': 1,
             'MULTIEQUAL': 2},
 'warnings': 0}

[WARNINGS]
[]

[METADATA-ONLY COMPUTE BOUNDARIES]
0x101010 CAST ['v_203'] -> v_218 classification=same_width_explicit_view_boundary
0x101010 INDIRECT ['v_203', 'c_23_4'] -> v_190 classification=None
0x101012 MULTIEQUAL ['v_208', 'v_216'] -> v_212 classification=None
0x101012 MULTIEQUAL ['v_203', 'v_190'] -> v_194 classification=None

[HELPER-REQUIRED CONTRACTS]
0x101000 INT_NOTEQUAL v_38 helper=c_ne widths=[64, 64]->8 overrides=0

[INDIRECT STORAGE-CUSTODY CONTRACTS]
0x101010 v_203 -> v_190 family=storage_family:high_rep:203 owner=CALLIND/0x17 owner_compute=1052688:(ram, 0x101010, 23, 2):2 status=metadata_only

[INDIRECT CUSTODY INVENTORY]
{'kind': 'pal_compute_indirect_custody_inventory_v22d',
 'version': 'v23b_abi_thunk_compatibility_return_reconciliation',
 'resolver_transitions': 1,
 'compute_indirect_contracts': 1,
 'resolved_custody': 1,
 'deferred_custody': 0,
 'effect_owner_compute_bindings': 1,
 'effect_owner_compute_ops': 1,
 'owner_categories': {'call_boundary': 1},
 'storage_families': 1,
 'storage_sid_bindings': 2,
 'address_escape_barrier_sids': 2,
 'parameter_storage_initializers': 0,
 'runtime_helpers': 0,
 'warnings': 0,
 'rule': 'INDIRECT_is_metadata_only_owner_bound_storage_transition'}

[ABI-D ENTRY/CALL PLAN INVENTORY]
{'kind': 'pal_compute_abi_plan_inventory_v23',
 'version': 'v23b_abi_thunk_compatibility_return_reconciliation',
 'function': '_init',
 'entry_plan_present': True,
 'entry_plan_status': 'ready',
 'fixed_arguments': 1,
 'implicit_inputs': 0,
 'implicit_inputs_unsupported': 0,
 'call_compute_contracts': 1,
 'call_site_plans': 1,
 'call_sites_without_plan': 0,
 'call_statuses': {'deferred_target_dispatch': 1},
 'dispatch_classes': {'indirect_runtime_target': 1},
 'internal_calls': 0,
 'internal_calls_with_target_compatible_plan': 0,
 'internal_calls_without_target_compatible_plan': 0,
 'internal_calls_with_deferred_target_compatibility': 0,
 'internal_calls_with_incompatible_target': 0,
 'internal_calls_without_transport_plan': 0,
 'external_calls': 0,
 'thunk_calls': 0,
 'external_via_thunk_calls': 0,
 'thunk_endpoint_deferred_calls': 0,
 'thunk_calls_misclassified_internal': 0,
 'target_compatibility_overclaims': 0,
 'no_return_calls': 0,
 'result_carrier_contracts': 1,
 'abi_runtime_helper_assignments': 0,
 'warnings': 0,
 'acceptance_gates': {'every_emitted_function_has_entry_plan': True,
                      'every_call_has_call_site_plan': True,
                      'every_internal_call_has_target_compatible_plan': True,
                      'every_internal_call_has_carrier_transport_plan': True,
                      'no_resolved_thunk_misclassified_internal': True,
                      'no_target_compatibility_overclaim': True,
                      'no_implicit_input_is_unsupported': True,
                      'no_runtime_helper_assigned_by_ABI_guesswork': True},
 'return_boundary_reconciliation': {'kind': 'pal_compute_return_boundary_reconciliation_v23b',
                                    'version': 'v23b_abi_thunk_compatibility_return_reconciliation',
                                    'function': '_init',
                                    'entry_block_addr': 1052672,
                                    'cfg_evidence_available': True,
                                    'no_return_terminating_blocks': [],
                                    'no_return_call_op_keys': [],
                                    'return_boundaries': 1,
                                    'reachable_return_boundaries': 1,
                                    'unreachable_return_boundaries': 0,
                                    'deferred_return_boundaries': 0,
                                    'reachable_return_widths': [32],
                                    'width_reconciled': True,
                                    'synthetic_no_return_continuations_suppressed': 0,
                                    'rule': 'traverse_CFG_with_no_return_blocks_as_terminal_then_reconcile_reachable_raw_return_transports_only'},
 'rule': 'ABI_A_B_C_authority_only_thunk_endpoint_and_compatibility_tri_state_no_downstream_argument_reinference'}

[FUNCTION ENTRY ABI PLAN]
{'plan_id': 'function_entry:1052672',
 'status': 'ready',
 'callable_signature_status': 'authoritative_logical_parameter_order',
 'fixed_argument_count': 1,
 'implicit_input_count': 0,
 'variadic_register_save_area': {'required': False,
                                 'status': 'not_required',
                                 'slots': [{'sid': 'v_103',
                                            'bank': 'gp',
                                            'index': 0,
                                            'register': 'RDI',
                                            'width_bits': 64,
                                            'canonical_alias': 'param_0',
                                            'owner_namespace': 'logical_parameter',
                                            'owner_role': 'callable_parameter_carrier',
                                            'materialization': 'capture_entry_register_bits',
                                            'source': 'abi_context.registers',
                                            'runtime_helper': None,
                                            'authority': 'PALSymbolResolver_ABI_C_physical_carrier_binding'}],
                                 'gp_slots': [{'sid': 'v_103',
                                               'bank': 'gp',
                                               'index': 0,
                                               'register': 'RDI',
                                               'width_bits': 64,
                                               'canonical_alias': 'param_0',
                                               'owner_namespace': 'logical_parameter',
                                               'owner_role': 'callable_parameter_carrier',
                                               'materialization': 'capture_entry_register_bits',
                                               'source': 'abi_context.registers',
                                               'runtime_helper': None,
                                               'authority': 'PALSymbolResolver_ABI_C_physical_carrier_binding'}],
                                 'sse_slots': [],
                                 'fixed_variadic_partition_status': 'deferred_to_entry_protocol_analysis',
                                 'source': 'abi_context.registers',
                                 'authority': 'ABI_C_carriers_plus_variadic_contract'},
 'overflow_argument_area': {'required': False,
                            'status': 'not_required',
                            'source': 'abi_context.overflow_argument_area',
                            'observed_stack_carriers': [],
                            'materialization': 'consume_preclassified_overflow_slots',
                            'offset_inference_allowed': False,
                            'authority': 'ABI_C_stack_carriers_or_variadic_protocol'},
 'variadic_al': {'required': False,
                 'status': 'not_required',
                 'source': 'abi_context.variadic_xmm_count',
                 'inputs': [],
                 'default_allowed': False,
                 'authority': 'ABI_C_variadic_xmm_count_contract'},
 'frame_base': {'required': False,
                'status': 'not_observed',
                'source': 'abi_context.frame_base',
                'inputs': [],
                'derive_from_parameter_names': False,
                'authority': 'ABI_C_frame_state_custody'},
 'tls_base': {'required': False,
              'status': 'not_observed',
              'source': 'abi_context.tls_base',
              'inputs': [],
              'derive_from_expression_names': False,
              'authority': 'ABI_C_tls_state_custody'},
 'return_contract': {'kind': 'pal_compute_return_carrier_contract_abi_d',
                     'version': 'v23b_abi_thunk_compatibility_return_reconciliation',
                     'status': 'physical_return_carrier_proven',
                     'no_return': False,
                     'output_sid': None,
                     'output_width_bits': None,
                     'declared_width_bits': 32,
                     'effective_result_width_bits': 32,
                     'declared_return': {'name': 'int',
                                         'display_name': 'int',
                                         'class_name': 'IntegerDataType',
                                         'length_bytes': 4,
                                         'width_bits': 32,
                                         'signed': True,
                                         'kind_hint': 'integer'},
                     'return_storage': {'repr': 'EAX:4',
                                        'size_bytes': 4,
                                        'flags': {'register': True,
                                                  'stack': False,
                                                  'memory': False,
                                                  'unassigned': False,
                                                  'void': False,
                                                  'auto': False},
                                        'pieces': [{'kind': 'register',
                                                    'space': 'register',
                                                    'offset': 0,
                                                    'size_bytes': 4,
                                                    'width_bits': 32,
                                                    'storage_key': 'register:0:4',
                                                    'register': {'name': 'EAX',
                                                                 'base_name': 'RAX',
                                                                 'size_bytes': 4,
                                                                 'repr': 'EAX'},
                                                    'flags': {'constant': False,
                                                              'register': True,
                                                              'address': False,
                                                              'unique': False,
                                                              'input': False,
                                                              'unaffected': False},
                                                    'repr': '(register, 0x0, '
                                                            '4)'}],
                                        'storage_keys': ['register:0:4']},
                     'carrier_pieces': [{'kind': 'register',
                                         'space': 'register',
                                         'offset': 0,
                                         'size_bytes': 4,
                                         'width_bits': 32,
                                         'storage_key': 'register:0:4',
                                         'register': {'name': 'EAX',
                                                      'base_name': 'RAX',
                                                      'size_bytes': 4,
                                                      'repr': 'EAX'},
                                         'flags': {'constant': False,
                                                   'register': True,
                                                   'address': False,
                                                   'unique': False,
                                                   'input': False,
                                                   'unaffected': False},
                                         'repr': '(register, 0x0, 4)'}],
                     'normalization': {'mode': 'mask_to_output_width',
                                       'width_bits': 32,
                                       'mask': 4294967295},
                     'runtime_helper': None,
                     'runtime_helper_authority': 'no_ABI_runtime_helper_assigned',
                     'authority': 'reachable_raw_return_transport_plus_authoritative_prototype',
                     'reported_declared_width_bits': 32,
                     'declared_width_authoritative': True,
                     'declared_return_evidence_status': 'authoritative_function_prototype',
                     'transport_width_bits': 32,
                     'logical_result_width_bits': 32,
                     'reachable_return_widths': [32],
                     'reachable_return_boundary_count': 1,
                     'unreachable_return_boundary_count': 0,
                     'deferred_return_boundary_count': 0},
 'reachable_return_boundaries': [{'block_addr': 1052690,
                                  'return_value_sid': 'v_102',
                                  'return_value_width_bits': 32,
                                  'return_transport_width_bits': 32,
                                  'return_logical_width_bits': 32,
                                  'return_declared_view': {'sid': 'v_102',
                                                           'width_bits': 32,
                                                           'domain': 'integer',
                                                           'signedness': 'signed',
                                                           'canonical_type': 's32'},
                                  'return_boundary_authority': 'function_signature_logical_width_plus_raw_transport',
                                  'return_reachability': 'reachable',
                                  'reachable_return': True,
                                  'execution_suppressed': False,
                                  'emission_policy': 'emit_reachable_return_boundary',
                                  'cut_by_no_return_blocks': [],
                                  'cut_by_no_return_call_op_keys': []}],
 'unreachable_return_boundaries': []}

[RETURN BOUNDARY RECONCILIATION]
{'kind': 'pal_compute_return_boundary_reconciliation_v23b',
 'version': 'v23b_abi_thunk_compatibility_return_reconciliation',
 'function': '_init',
 'entry_block_addr': 1052672,
 'cfg_evidence_available': True,
 'no_return_terminating_blocks': [],
 'no_return_call_op_keys': [],
 'return_boundaries': 1,
 'reachable_return_boundaries': 1,
 'unreachable_return_boundaries': 0,
 'deferred_return_boundaries': 0,
 'reachable_return_widths': [32],
 'width_reconciled': True,
 'synthetic_no_return_continuations_suppressed': 0,
 'rule': 'traverse_CFG_with_no_return_blocks_as_terminal_then_reconcile_reachable_raw_return_transports_only'}

[CALL SITE ABI PLANS]
{'op_key': '1052688:(ram, 0x101010, 23, 2):2',
 'target': None,
 'dispatch_class': 'indirect_runtime_target',
 'status': 'deferred_target_dispatch',
 'argument_count': 0,
 'carrier_allocation_status': 'complete',
 'target_compatibility_status': 'deferred',
 'target_compatible': None,
 'no_return': False,
 'result_width_bits': 32}
===== END PAL COMPUTE ANALYZER =====


=========== SGL EXECUTION TREE ===========

sequence
  block [0x101000]
  if [cond=not ((PTR___gmon_start___00103fd0 != 0))]
    then [direct_join=True edge=(1052672, 1052690) pred=1052672 join=1052690]
    else
      sequence
        block [0x101010]
  sequence
    block [0x101012]

=========== END TREE ===========

[SGL EXEC TREE PERSISTED] path=/home/rem/gh/PAL/pyghidra-PAL/PAL/PAL_logs/f_0000000000101000_init.sgl.exec_tree.log mode=append temporary=False delete_on_completion=False

[PHI DROP-INS]
------------------------------------------------------------
pred=0x101000 -> join=0x101012 :: v_212 = v_208
pred=0x101010 -> join=0x101012 :: v_212 = v_216
pred=0x101000 -> join=0x101012 :: PTR___gmon_start___00103fd0 = PTR___gmon_start___00103fd0
------------------------------------------------------------
{'active': True,
 'bound_plans': 9,
 'control_contracts_forwarded': 2,
 'input_op_contracts': 9,
 'input_plans': 9,
 'kind': 'phi_compute_consumer_inventory_v21',
 'outputless_contracts_forwarded': 0,
 'phi_merge_contracts': 2,
 'phi_transition_contracts': 3,
 'preserved_compute_boundaries': 6,
 'preserved_deferred_contracts': 1,
 'preserved_outputless_boundaries': 0,
 'preserved_outputless_deferred_contracts': 0,
 'preserved_outputless_helpers': 0,
 'preserved_runtime_helpers': 1,
 'rule': 'preserve_PALCompute_authority_remap_execution_destination_only',
 'state_alias_bindings': 1,
 'transition_owners': {'predecessor_phi_dropin': 2, 'source_state_alias': 1},
 'version': 'v21_compute_contract_consumers',
 'warnings': 0}
[]
