
===== CFG DEBUG =====

[EDGES]
0x1014a6 -> 0x1014c7  true raw=true role=raw_true_explicit_target pol=fallthrough inv=True edge=cfg-edge-v1:0x1014a6->0x1014c7 direct_join=True
0x1014a6 -> 0x1014bd  false raw=false role=raw_false_fallthrough pol=fallthrough inv=False edge=cfg-edge-v1:0x1014a6->0x1014bd direct_join=False
0x1014bd -> 0x1014c7  uncond raw=uncond role=uncond pol=unknown inv=None edge=cfg-edge-v1:0x1014bd->0x1014c7 direct_join=False
0x1014c7 -> 0x101544  true raw=true role=raw_true_explicit_target pol=fallthrough inv=True edge=cfg-edge-v1:0x1014c7->0x101544 direct_join=True
0x1014c7 -> 0x10152f  false raw=false role=raw_false_fallthrough pol=fallthrough inv=False edge=cfg-edge-v1:0x1014c7->0x10152f direct_join=False
0x10152f -> 0x101544  uncond raw=uncond role=uncond pol=unknown inv=None edge=cfg-edge-v1:0x10152f->0x101544 direct_join=False
0x101544 -> 0x101594  true raw=true role=raw_taken_by_exact_fallthrough_complement_v19 pol=fallthrough inv=True edge=cfg-edge-v1:0x101544->0x101594 direct_join=True
0x101544 -> 0x10154e  false raw=false role=raw_false_exact_fallthrough_v19 pol=fallthrough inv=False edge=cfg-edge-v1:0x101544->0x10154e direct_join=False
0x10154e -> 0x101588  true raw=true role=raw_true_explicit_target pol=target inv=False edge=cfg-edge-v1:0x10154e->0x101588 direct_join=False
0x10154e -> 0x10156f  false raw=false role=raw_false_fallthrough pol=target inv=True edge=cfg-edge-v1:0x10154e->0x10156f direct_join=False
0x10156f -> 0x101588  true raw=true role=raw_true_explicit_target pol=fallthrough inv=True edge=cfg-edge-v1:0x10156f->0x101588 direct_join=False
0x10156f -> 0x10157b  false raw=false role=raw_false_fallthrough pol=fallthrough inv=False edge=cfg-edge-v1:0x10156f->0x10157b direct_join=False
0x10157b -> 0x101594  uncond raw=uncond role=uncond pol=unknown inv=None edge=cfg-edge-v1:0x10157b->0x101594 direct_join=False
0x101588 -> 0x101594  uncond raw=uncond role=uncond pol=unknown inv=None edge=cfg-edge-v1:0x101588->0x101594 direct_join=False

[BRANCH RESOLUTION EVENTS]
{'kind': 'binary_branch_truth_bound_by_evidence_class_v21d', 'src': 1053862, 'first_dst': 1053895, 'second_dst': 1053885, 'hf_target': 1053895, 'hf_normalized_target': 1053895, 'direct_dst': 1053885, 'first_invert': True, 'second_invert': False, 'condition_truth_authority': 'raw_jcc_hf_relation_direct_flags', 'reason': 'branch_truth_evidence_v21d hf_target=0x1014c7 raw_target=0x1014c7 raw_fallthrough=0x1014bd legacy_hint=(mnemonic=JLE hf_cond_opcode=INT_SLESS) class=direct_flags', 'relation_evidence': {'version': 'ordered_relation_algebra_v23e', 'status': 'resolved', 'mnemonic': 'JLE', 'raw_relation': 'LE', 'raw_domain': 'signed', 'hf_opcode': 'INT_SLESS', 'hf_relation': 'LT', 'hf_domain': 'signed', 'operand_profile': {'status': 'proven_runtime_pair', 'reason': 'two_distinct_nonconstant_equal_width_hf_operands', 'operand_count': 2, 'left_sid': 'v_37', 'right_sid': 'v_1091', 'left_identity': ('high', 'high_rep:37'), 'right_identity': ('high', 'high_rep:1091'), 'left_width_bits': 32, 'right_width_bits': 32, 'left_constant': False, 'right_constant': False}, 'operand_orientation': 'reversed', 'relation_to_hf': 'complement', 'invert_for_target': True, 'invert_for_fallthrough': False, 'reason': 'raw_signed_LE_equals_complement_hf_reversed_LT', 'legacy_hint_resolved': True, 'selected_as_authority': False}, 'boolean_carrier_evidence': {'status': 'proven_boolean', 'reason': 'comparison_result_is_boolean', 'root_opcode': 'INT_SLESS', 'contains_multiequal': False, 'depth': 0}}
{'kind': 'binary_branch_truth_bound_by_evidence_class_v21d', 'src': 1053895, 'first_dst': 1054020, 'second_dst': 1053999, 'hf_target': 1054020, 'hf_normalized_target': 1054020, 'direct_dst': 1053999, 'first_invert': True, 'second_invert': False, 'condition_truth_authority': 'raw_jcc_hf_relation_direct_flags', 'reason': 'branch_truth_evidence_v21d hf_target=0x101544 raw_target=0x101544 raw_fallthrough=0x10152f legacy_hint=(mnemonic=JLE hf_cond_opcode=INT_SLESS) class=direct_flags', 'relation_evidence': {'version': 'ordered_relation_algebra_v23e', 'status': 'unresolved', 'mnemonic': 'JLE', 'raw_relation': 'LE', 'raw_domain': 'signed', 'hf_opcode': 'INT_SLESS', 'hf_relation': 'LT', 'hf_domain': 'signed', 'operand_profile': {'status': 'unresolved', 'reason': 'constant_threshold_requires_exact_value_custody', 'operand_count': 2, 'left_sid': 'c_30_4', 'right_sid': 'v_434', 'left_identity': ('constant', 32, 30), 'right_identity': ('high', 'high_rep:434'), 'left_width_bits': 32, 'right_width_bits': 32, 'left_constant': True, 'right_constant': False}, 'operand_orientation': None, 'relation_to_hf': None, 'invert_for_target': None, 'invert_for_fallthrough': None, 'reason': 'constant_threshold_requires_exact_value_custody', 'legacy_hint_resolved': True, 'selected_as_authority': False}, 'boolean_carrier_evidence': {'status': 'proven_boolean', 'reason': 'comparison_result_is_boolean', 'root_opcode': 'INT_SLESS', 'contains_multiequal': False, 'depth': 0}}
{'kind': 'binary_branch_truth_bound_by_evidence_class_v21d', 'src': 1054020, 'first_dst': 1054100, 'second_dst': 1054030, 'hf_target': 1054099, 'hf_normalized_target': 1054100, 'direct_dst': 1054030, 'first_invert': True, 'second_invert': False, 'condition_truth_authority': 'raw_jcc_hf_relation_direct_flags', 'reason': 'branch_truth_evidence_v21d hf_target=0x101594 raw_target=0x101594 raw_fallthrough=0x10154e legacy_hint=(mnemonic=JG hf_cond_opcode=INT_SLESS) class=direct_flags', 'relation_evidence': {'version': 'ordered_relation_algebra_v23e', 'status': 'unresolved', 'mnemonic': 'JG', 'raw_relation': 'GT', 'raw_domain': 'signed', 'hf_opcode': 'INT_SLESS', 'hf_relation': 'LT', 'hf_domain': 'signed', 'operand_profile': {'status': 'unresolved', 'reason': 'constant_threshold_requires_exact_value_custody', 'operand_count': 2, 'left_sid': 'v_514', 'right_sid': 'c_1_4', 'left_identity': ('high', 'high_rep:514'), 'right_identity': ('constant', 32, 1), 'left_width_bits': 32, 'right_width_bits': 32, 'left_constant': False, 'right_constant': True}, 'operand_orientation': None, 'relation_to_hf': None, 'invert_for_target': None, 'invert_for_fallthrough': None, 'reason': 'constant_threshold_requires_exact_value_custody', 'legacy_hint_resolved': True, 'selected_as_authority': False}, 'boolean_carrier_evidence': {'status': 'proven_boolean', 'reason': 'comparison_result_is_boolean', 'root_opcode': 'INT_SLESS', 'contains_multiequal': False, 'depth': 0}}
{'kind': 'binary_branch_resolved_by_exact_fallthrough_complement_v19', 'src': 1054020, 'raw_branch_target': 1054099, 'raw_fallthrough': 1054030, 'taken_dst': 1054100, 'fallthrough_dst': 1054030, 'condition_polarity': 'fallthrough', 'taken_invert': True, 'fallthrough_invert': False, 'reason': 'branch_truth_evidence_v21d hf_target=0x101594 raw_target=0x101594 raw_fallthrough=0x10154e legacy_hint=(mnemonic=JG hf_cond_opcode=INT_SLESS) class=direct_flags', 'condition_truth_authority': 'raw_jcc_hf_relation_direct_flags'}
{'kind': 'binary_branch_truth_bound_by_evidence_class_v21d', 'src': 1054030, 'first_dst': 1054088, 'second_dst': 1054063, 'hf_target': 1054088, 'hf_normalized_target': 1054088, 'direct_dst': 1054088, 'first_invert': False, 'second_invert': True, 'condition_truth_authority': 'raw_jcc_hf_relation_direct_flags', 'reason': 'branch_truth_evidence_v21d hf_target=0x101588 raw_target=0x101588 raw_fallthrough=0x10156f legacy_hint=(mnemonic=JL hf_cond_opcode=INT_SLESS) class=direct_flags', 'relation_evidence': {'version': 'ordered_relation_algebra_v23e', 'status': 'unresolved', 'mnemonic': 'JL', 'raw_relation': 'LT', 'raw_domain': 'signed', 'hf_opcode': 'INT_SLESS', 'hf_relation': 'LT', 'hf_domain': 'signed', 'operand_profile': {'status': 'unresolved', 'reason': 'constant_threshold_requires_exact_value_custody', 'operand_count': 2, 'left_sid': 'v_595', 'right_sid': 'c_4294967294_4', 'left_identity': ('high', 'high_rep:595'), 'right_identity': ('constant', 32, 4294967294), 'left_width_bits': 32, 'right_width_bits': 32, 'left_constant': False, 'right_constant': True}, 'operand_orientation': None, 'relation_to_hf': None, 'invert_for_target': None, 'invert_for_fallthrough': None, 'reason': 'constant_threshold_requires_exact_value_custody', 'legacy_hint_resolved': True, 'selected_as_authority': False}, 'boolean_carrier_evidence': {'status': 'proven_boolean', 'reason': 'comparison_result_is_boolean', 'root_opcode': 'INT_SLESS', 'contains_multiequal': False, 'depth': 0}}
{'kind': 'binary_branch_truth_bound_by_evidence_class_v21d', 'src': 1054063, 'first_dst': 1054088, 'second_dst': 1054075, 'hf_target': 1054088, 'hf_normalized_target': 1054088, 'direct_dst': 1054075, 'first_invert': True, 'second_invert': False, 'condition_truth_authority': 'raw_jcc_hf_relation_direct_flags', 'reason': 'branch_truth_evidence_v21d hf_target=0x101588 raw_target=0x101588 raw_fallthrough=0x10157b legacy_hint=(mnemonic=JG hf_cond_opcode=INT_SLESS) class=direct_flags', 'relation_evidence': {'version': 'ordered_relation_algebra_v23e', 'status': 'unresolved', 'mnemonic': 'JG', 'raw_relation': 'GT', 'raw_domain': 'signed', 'hf_opcode': 'INT_SLESS', 'hf_relation': 'LT', 'hf_domain': 'signed', 'operand_profile': {'status': 'unresolved', 'reason': 'constant_threshold_requires_exact_value_custody', 'operand_count': 2, 'left_sid': 'c_3_4', 'right_sid': 'v_646', 'left_identity': ('constant', 32, 3), 'right_identity': ('high', 'high_rep:646'), 'left_width_bits': 32, 'right_width_bits': 32, 'left_constant': True, 'right_constant': False}, 'operand_orientation': None, 'relation_to_hf': None, 'invert_for_target': None, 'invert_for_fallthrough': None, 'reason': 'constant_threshold_requires_exact_value_custody', 'legacy_hint_resolved': True, 'selected_as_authority': False}, 'boolean_carrier_evidence': {'status': 'proven_boolean', 'reason': 'comparison_result_is_boolean', 'root_opcode': 'INT_SLESS', 'contains_multiequal': False, 'depth': 0}}

[EDGE IDENTITY v23 / BOHDI EMPEROR]
{'kind': 'cfg_edge_identity_inventory_v23', 'version': 'FunctionCFG_v23e_clothed_emperor_cfg_truth', 'id_schema': 'cfg_edge_identity_v1', 'canonical_identity': '(src_addr,dst_addr)', 'edges': 14, 'unique_edge_keys': 14, 'binary_cbranch_edges': 10, 'direct_join_edges': 3, 'direct_join_branch_arm_edges': 3, 'direct_join_loop_exit_edges': 0, 'direct_join_empty_arm_candidates': 3, 'warnings': 0, 'topology_mutations': 0, 'polarity_mutations': 0, 'rule': 'freeze_repaired_CFG_edge_identity_then_mark_exact_binary_CBRANCH_edge_to_IPDOM'}
{'edge_id': [1053862, 1053895], 'edge_key': 'cfg-edge-v1:0x1014a6->0x1014c7', 'branch_owner_addr': 1053862, 'join_addr': 1053895, 'branch_role': 'true', 'authority': 'FunctionCFG_repaired_topology_plus_IPDOM_v23'}
{'edge_id': [1053895, 1054020], 'edge_key': 'cfg-edge-v1:0x1014c7->0x101544', 'branch_owner_addr': 1053895, 'join_addr': 1054020, 'branch_role': 'true', 'authority': 'FunctionCFG_repaired_topology_plus_IPDOM_v23'}
{'edge_id': [1054020, 1054100], 'edge_key': 'cfg-edge-v1:0x101544->0x101594', 'branch_owner_addr': 1054020, 'join_addr': 1054100, 'branch_role': 'true', 'authority': 'FunctionCFG_repaired_topology_plus_IPDOM_v23'}

[IPDOM]
0x1014a6 -> ipdom: 0x1014c7
0x1014bd -> ipdom: 0x1014c7
0x1014c7 -> ipdom: 0x101544
0x10152f -> ipdom: 0x101544
0x101544 -> ipdom: 0x101594
0x10154e -> ipdom: 0x101594
0x10156f -> ipdom: 0x101594
0x10157b -> ipdom: 0x101594
0x101588 -> ipdom: 0x101594
0x101594 -> ipdom: None

=====================

===== PAL RESOLVER INDIRECT STORAGE v22c =====

[INVENTORY]
{'active': False,
 'address_tied_families': 0,
 'custody_transitions': 0,
 'effect_owner_groups': 0,
 'escape_barrier_sids': 0,
 'input_contracts': 0,
 'kind': 'resolver_indirect_storage_inventory_v22c',
 'machine_state_families': 0,
 'machine_state_sids': 0,
 'owner_categories': {},
 'parameter_initializers': 0,
 'persistent_families': 0,
 'rule': 'HighVariable_identity_families_plus_address_escape_alias_barrier',
 'runtime_order': 'CFG_governed_not_linearized',
 'storage_families': 0,
 'version': 'v22c_indirect_storage_families',
 'warnings': 0}

[STORAGE FAMILIES]

[PARAMETER INITIALIZERS / STORAGE WRITES]
[]

[WARNINGS]
[]
===== END PAL RESOLVER INDIRECT STORAGE =====

========================================================================
PALRAW AUDIT v0.3 :: raw instruction BLOCK p-code vs HF/PAL CFG
========================================================================

--- 0x10127f ---
Raw block  : 0x10127f -> next 0x1014a6
Instr count: 0
Terminal   : None None
Raw succs  : []
Norm succs : None
HF block   : None
CFG edges  : []
STATUS     : no_hf_block
NOTE       : No PAL/HighFunction block mapped to this address.
Raw instructions:
Terminal raw p-code:
HF/PAL ops :

--- 0x1011b6 ---
Raw block  : 0x1011b6 -> next 0x1014a6
Instr count: 0
Terminal   : None None
Raw succs  : []
Norm succs : None
HF block   : None
CFG edges  : []
STATUS     : no_hf_block
NOTE       : No PAL/HighFunction block mapped to this address.
Raw instructions:
Terminal raw p-code:
HF/PAL ops :

--- 0x101219 ---
Raw block  : 0x101219 -> next 0x1014a6
Instr count: 8
Terminal   : 0x10122d JNZ 0x00101240
Raw succs  : ['0x101240', '0x10122f']
Norm succs : None
HF block   : None
CFG edges  : []
STATUS     : no_hf_block
NOTE       : No PAL/HighFunction block mapped to this address.
Raw instructions:
   0x101219  PUSH RBP
   0x10121a  MOV RBP,RSP
   0x10121d  SUB RSP,0x10
   0x101221  MOV dword ptr [RBP + -0x4],EDI
   0x101224  MOV dword ptr [RBP + -0x8],ESI
   0x101227  MOV EAX,dword ptr [RBP + -0x4]
   0x10122a  CMP EAX,dword ptr [RBP + -0x8]
   0x10122d  JNZ 0x00101240
Terminal raw p-code:
    (unique, 0x24f00, 1) BOOL_NEGATE (register, 0x206, 1)
     ---  CBRANCH (ram, 0x101240, 8) , (unique, 0x24f00, 1)
HF/PAL ops :

--- 0x10120f ---
Raw block  : 0x10120f -> next 0x1014a6
Instr count: 0
Terminal   : None None
Raw succs  : []
Norm succs : None
HF block   : None
CFG edges  : []
STATUS     : no_hf_block
NOTE       : No PAL/HighFunction block mapped to this address.
Raw instructions:
Terminal raw p-code:
HF/PAL ops :

--- 0x101221 ---
Raw block  : 0x101221 -> next 0x1014a6
Instr count: 5
Terminal   : 0x10122d JNZ 0x00101240
Raw succs  : ['0x101240', '0x10122f']
Norm succs : None
HF block   : None
CFG edges  : []
STATUS     : no_hf_block
NOTE       : No PAL/HighFunction block mapped to this address.
Raw instructions:
   0x101221  MOV dword ptr [RBP + -0x4],EDI
   0x101224  MOV dword ptr [RBP + -0x8],ESI
   0x101227  MOV EAX,dword ptr [RBP + -0x4]
   0x10122a  CMP EAX,dword ptr [RBP + -0x8]
   0x10122d  JNZ 0x00101240
Terminal raw p-code:
    (unique, 0x24f00, 1) BOOL_NEGATE (register, 0x206, 1)
     ---  CBRANCH (ram, 0x101240, 8) , (unique, 0x24f00, 1)
HF/PAL ops :

--- 0x101284 ---
Raw block  : 0x101284 -> next 0x1014a6
Instr count: 27
Terminal   : 0x1012f4 JMP 0x00101309
Raw succs  : ['0x101309']
Norm succs : None
HF block   : None
CFG edges  : []
STATUS     : no_hf_block
NOTE       : No PAL/HighFunction block mapped to this address.
Raw instructions:
   0x101284  MOV RDI,RAX
   0x101287  CALL 0x00101030
   0x10128c  LEA RAX,[0x1020b0]
   0x101293  MOV RDI,RAX
   0x101296  CALL 0x00101030
   0x10129b  LEA RAX,[0x102048]
   0x1012a2  MOV RDI,RAX
   0x1012a5  CALL 0x00101030
   0x1012aa  MOV RAX,qword ptr [RBP + -0x18]
   0x1012ae  MOV ESI,dword ptr [RAX + 0x8]
   0x1012b1  MOV RAX,qword ptr [RBP + -0x18]
   0x1012b5  MOV ECX,dword ptr [RAX + 0x4]
   0x1012b8  MOV RAX,qword ptr [RBP + -0x18]
   0x1012bc  MOV EDX,dword ptr [RAX]
   0x1012be  MOV RAX,qword ptr [RBP + -0x18]
   0x1012c2  MOV EAX,dword ptr [RAX + 0xc]
   0x1012c5  MOV R8D,ESI
   0x1012c8  MOV ESI,EAX
   0x1012ca  LEA RAX,[0x1020e0]
   0x1012d1  MOV RDI,RAX
   0x1012d4  MOV EAX,0x0
   0x1012d9  CALL 0x00101040
   0x1012de  LEA RAX,[0x102118]
   0x1012e5  MOV RDI,RAX
   0x1012e8  CALL 0x00101030
   0x1012ed  MOV dword ptr [RBP + -0x4],0x0
   0x1012f4  JMP 0x00101309
Terminal raw p-code:
     ---  BRANCH (ram, 0x101309, 8)
HF/PAL ops :

--- 0x10127f ---
Raw block  : 0x10127f -> next 0x1014a6
Instr count: 0
Terminal   : None None
Raw succs  : []
Norm succs : None
HF block   : None
CFG edges  : []
STATUS     : no_hf_block
NOTE       : No PAL/HighFunction block mapped to this address.
Raw instructions:
Terminal raw p-code:
HF/PAL ops :

========================================================================

===== PAL COMPUTE ANALYZER =====
{'kind': 'pal_compute_inventory_v22',
 'version': 'v23b_abi_thunk_compatibility_return_reconciliation',
 'runtime_representation': 'raw_unsigned_bitvector_at_ssa_boundaries',
 'operations': 52,
 'output_plans': 41,
 'control_contracts': 7,
 'c_compute_filtered': 51,
 'use_site_overrides': 0,
 'return_observation_view_mismatches': 0,
 'storage_custody_related_ops': 0,
 'indirect_custody_contracts': 0,
 'indirect_custody_resolved': 0,
 'indirect_custody_deferred': 0,
 'indirect_effect_owner_compute_ops': 0,
 'storage_family_bindings': 0,
 'function_entry_abi_plan': True,
 'call_site_abi_plans': 0,
 'internal_call_plan_failures': 0,
 'unsupported_implicit_inputs': 0,
 'abi_runtime_helper_assignments': 0,
 'no_return_calls': 0,
 'reachable_return_boundaries': 1,
 'unreachable_return_boundaries': 0,
 'synthetic_no_return_continuations_suppressed': 0,
 'statuses': {'deferred_memory': 40, 'helper_required': 10, 'metadata_only': 2},
 'categories': {'pointer_arithmetic': 17,
                'memory': 23,
                'comparison': 5,
                'transport': 1,
                'phi_merge': 1,
                'integer_arithmetic': 5},
 'helpers': {'c_ptradd': 17,
             'c_load': 12,
             'c_slt': 5,
             'c_sub': 3,
             'c_store': 11,
             'c_add': 2},
 'opcodes': {'PTRADD': 17,
             'LOAD': 12,
             'INT_SLESS': 5,
             'COPY': 1,
             'MULTIEQUAL': 1,
             'INT_SUB': 3,
             'STORE': 11,
             'INT_ADD': 2},
 'warnings': 0}

[WARNINGS]
[]

[METADATA-ONLY COMPUTE BOUNDARIES]
0x1014c7 MULTIEQUAL ['v_1330', 'v_97'] -> v_1271 classification=None

[HELPER-REQUIRED CONTRACTS]
0x1014a6 INT_SLESS v_81 helper=c_slt widths=[32, 32]->8 overrides=0
0x1014c7 INT_SUB v_148 helper=c_sub widths=[32, 32]->32 overrides=0
0x1014c7 INT_ADD v_1138 helper=c_add widths=[32, 32]->32 overrides=0
0x1014c7 INT_SUB v_268 helper=c_sub widths=[32, 32]->32 overrides=0
0x1014c7 INT_SUB v_349 helper=c_sub widths=[32, 32]->32 overrides=0
0x1014c7 INT_ADD v_1166 helper=c_add widths=[32, 32]->32 overrides=0
0x1014c7 INT_SLESS v_472 helper=c_slt widths=[32, 32]->8 overrides=0
0x101544 INT_SLESS v_550 helper=c_slt widths=[32, 32]->8 overrides=0
0x10154e INT_SLESS v_630 helper=c_slt widths=[32, 32]->8 overrides=0
0x10156f INT_SLESS v_686 helper=c_slt widths=[32, 32]->8 overrides=0

[INDIRECT STORAGE-CUSTODY CONTRACTS]

[INDIRECT CUSTODY INVENTORY]
{'kind': 'pal_compute_indirect_custody_inventory_v22d',
 'version': 'v23b_abi_thunk_compatibility_return_reconciliation',
 'resolver_transitions': 0,
 'compute_indirect_contracts': 0,
 'resolved_custody': 0,
 'deferred_custody': 0,
 'effect_owner_compute_bindings': 0,
 'effect_owner_compute_ops': 0,
 'owner_categories': {},
 'storage_families': 0,
 'storage_sid_bindings': 0,
 'address_escape_barrier_sids': 0,
 'parameter_storage_initializers': 0,
 'runtime_helpers': 0,
 'warnings': 0,
 'rule': 'INDIRECT_is_metadata_only_owner_bound_storage_transition'}

[ABI-D ENTRY/CALL PLAN INVENTORY]
{'kind': 'pal_compute_abi_plan_inventory_v23',
 'version': 'v23b_abi_thunk_compatibility_return_reconciliation',
 'function': 'apply_burn',
 'entry_plan_present': True,
 'entry_plan_status': 'ready',
 'fixed_arguments': 2,
 'implicit_inputs': 0,
 'implicit_inputs_unsupported': 0,
 'call_compute_contracts': 0,
 'call_site_plans': 0,
 'call_sites_without_plan': 0,
 'call_statuses': {},
 'dispatch_classes': {},
 'internal_calls': 0,
 'internal_calls_with_target_compatible_plan': 0,
 'internal_calls_without_target_compatible_plan': 0,
 'internal_calls_with_deferred_target_compatibility': 0,
 'internal_calls_with_incompatible_target': 0,
 'internal_calls_without_transport_plan': 0,
 'external_calls': 0,
 'thunk_calls': 0,
 'external_via_thunk_calls': 0,
 'thunk_endpoint_deferred_calls': 0,
 'thunk_calls_misclassified_internal': 0,
 'target_compatibility_overclaims': 0,
 'no_return_calls': 0,
 'result_carrier_contracts': 0,
 'abi_runtime_helper_assignments': 0,
 'warnings': 0,
 'acceptance_gates': {'every_emitted_function_has_entry_plan': True,
                      'every_call_has_call_site_plan': True,
                      'every_internal_call_has_target_compatible_plan': True,
                      'every_internal_call_has_carrier_transport_plan': True,
                      'no_resolved_thunk_misclassified_internal': True,
                      'no_target_compatibility_overclaim': True,
                      'no_implicit_input_is_unsupported': True,
                      'no_runtime_helper_assigned_by_ABI_guesswork': True},
 'return_boundary_reconciliation': {'kind': 'pal_compute_return_boundary_reconciliation_v23b',
                                    'version': 'v23b_abi_thunk_compatibility_return_reconciliation',
                                    'function': 'apply_burn',
                                    'entry_block_addr': 1053862,
                                    'cfg_evidence_available': True,
                                    'no_return_terminating_blocks': [],
                                    'no_return_call_op_keys': [],
                                    'return_boundaries': 1,
                                    'reachable_return_boundaries': 1,
                                    'unreachable_return_boundaries': 0,
                                    'deferred_return_boundaries': 0,
                                    'reachable_return_widths': [64],
                                    'width_reconciled': True,
                                    'synthetic_no_return_continuations_suppressed': 0,
                                    'rule': 'traverse_CFG_with_no_return_blocks_as_terminal_then_reconcile_reachable_raw_return_transports_only'},
 'rule': 'ABI_A_B_C_authority_only_thunk_endpoint_and_compatibility_tri_state_no_downstream_argument_reinference'}

[FUNCTION ENTRY ABI PLAN]
{'plan_id': 'function_entry:1053862',
 'status': 'ready',
 'callable_signature_status': 'legacy_non_variadic_fallback',
 'fixed_argument_count': 2,
 'implicit_input_count': 0,
 'variadic_register_save_area': {'required': False,
                                 'status': 'not_required',
                                 'slots': [{'sid': 'v_1090',
                                            'bank': 'gp',
                                            'index': 0,
                                            'register': 'RDI',
                                            'width_bits': 64,
                                            'canonical_alias': 'param_0',
                                            'owner_namespace': 'logical_parameter',
                                            'owner_role': 'callable_parameter_carrier',
                                            'materialization': 'capture_entry_register_bits',
                                            'source': 'abi_context.registers',
                                            'runtime_helper': None,
                                            'authority': 'PALSymbolResolver_ABI_C_physical_carrier_binding'},
                                           {'sid': 'v_1091',
                                            'bank': 'gp',
                                            'index': 1,
                                            'register': 'ESI',
                                            'width_bits': 32,
                                            'canonical_alias': 'param_1',
                                            'owner_namespace': 'logical_parameter',
                                            'owner_role': 'callable_parameter_carrier',
                                            'materialization': 'capture_entry_register_bits',
                                            'source': 'abi_context.registers',
                                            'runtime_helper': None,
                                            'authority': 'PALSymbolResolver_ABI_C_physical_carrier_binding'}],
                                 'gp_slots': [{'sid': 'v_1090',
                                               'bank': 'gp',
                                               'index': 0,
                                               'register': 'RDI',
                                               'width_bits': 64,
                                               'canonical_alias': 'param_0',
                                               'owner_namespace': 'logical_parameter',
                                               'owner_role': 'callable_parameter_carrier',
                                               'materialization': 'capture_entry_register_bits',
                                               'source': 'abi_context.registers',
                                               'runtime_helper': None,
                                               'authority': 'PALSymbolResolver_ABI_C_physical_carrier_binding'},
                                              {'sid': 'v_1091',
                                               'bank': 'gp',
                                               'index': 1,
                                               'register': 'ESI',
                                               'width_bits': 32,
                                               'canonical_alias': 'param_1',
                                               'owner_namespace': 'logical_parameter',
                                               'owner_role': 'callable_parameter_carrier',
                                               'materialization': 'capture_entry_register_bits',
                                               'source': 'abi_context.registers',
                                               'runtime_helper': None,
                                               'authority': 'PALSymbolResolver_ABI_C_physical_carrier_binding'}],
                                 'sse_slots': [],
                                 'fixed_variadic_partition_status': 'deferred_to_entry_protocol_analysis',
                                 'source': 'abi_context.registers',
                                 'authority': 'ABI_C_carriers_plus_variadic_contract'},
 'overflow_argument_area': {'required': False,
                            'status': 'not_required',
                            'source': 'abi_context.overflow_argument_area',
                            'observed_stack_carriers': [],
                            'materialization': 'consume_preclassified_overflow_slots',
                            'offset_inference_allowed': False,
                            'authority': 'ABI_C_stack_carriers_or_variadic_protocol'},
 'variadic_al': {'required': False,
                 'status': 'not_required',
                 'source': 'abi_context.variadic_xmm_count',
                 'inputs': [],
                 'default_allowed': False,
                 'authority': 'ABI_C_variadic_xmm_count_contract'},
 'frame_base': {'required': False,
                'status': 'not_observed',
                'source': 'abi_context.frame_base',
                'inputs': [],
                'derive_from_parameter_names': False,
                'authority': 'ABI_C_frame_state_custody'},
 'tls_base': {'required': False,
              'status': 'not_observed',
              'source': 'abi_context.tls_base',
              'inputs': [],
              'derive_from_expression_names': False,
              'authority': 'ABI_C_tls_state_custody'},
 'return_contract': {'kind': 'pal_compute_return_carrier_contract_abi_d',
                     'version': 'v23b_abi_thunk_compatibility_return_reconciliation',
                     'status': 'return_width_proven_carrier_deferred',
                     'no_return': False,
                     'output_sid': None,
                     'output_width_bits': None,
                     'declared_width_bits': None,
                     'effective_result_width_bits': 64,
                     'declared_return': {'name': 'undefined',
                                         'display_name': 'undefined',
                                         'class_name': 'DefaultDataType',
                                         'length_bytes': 1,
                                         'width_bits': 8,
                                         'signed': None,
                                         'kind_hint': None},
                     'return_storage': {'repr': '<UNASSIGNED>',
                                        'size_bytes': 0,
                                        'flags': {'register': False,
                                                  'stack': False,
                                                  'memory': False,
                                                  'unassigned': True,
                                                  'void': False,
                                                  'auto': False},
                                        'pieces': [],
                                        'storage_keys': []},
                     'carrier_pieces': [],
                     'normalization': {'mode': 'mask_to_output_width',
                                       'width_bits': 64,
                                       'mask': 18446744073709551615},
                     'runtime_helper': None,
                     'runtime_helper_authority': 'no_ABI_runtime_helper_assigned',
                     'authority': 'reachable_raw_return_transport',
                     'reported_declared_width_bits': 8,
                     'declared_width_authoritative': False,
                     'declared_return_evidence_status': 'non_authoritative_default_or_unresolved_prototype',
                     'transport_width_bits': 64,
                     'logical_result_width_bits': 64,
                     'reachable_return_widths': [64],
                     'reachable_return_boundary_count': 1,
                     'unreachable_return_boundary_count': 0,
                     'deferred_return_boundary_count': 0},
 'reachable_return_boundaries': [{'block_addr': 1054100,
                                  'return_value_sid': 'c_0_8',
                                  'return_value_width_bits': 64,
                                  'return_transport_width_bits': 64,
                                  'return_logical_width_bits': 64,
                                  'return_declared_view': None,
                                  'return_boundary_authority': 'raw_return_register_transport',
                                  'return_reachability': 'reachable',
                                  'reachable_return': True,
                                  'execution_suppressed': False,
                                  'emission_policy': 'emit_reachable_return_boundary',
                                  'cut_by_no_return_blocks': [],
                                  'cut_by_no_return_call_op_keys': []}],
 'unreachable_return_boundaries': []}

[RETURN BOUNDARY RECONCILIATION]
{'kind': 'pal_compute_return_boundary_reconciliation_v23b',
 'version': 'v23b_abi_thunk_compatibility_return_reconciliation',
 'function': 'apply_burn',
 'entry_block_addr': 1053862,
 'cfg_evidence_available': True,
 'no_return_terminating_blocks': [],
 'no_return_call_op_keys': [],
 'return_boundaries': 1,
 'reachable_return_boundaries': 1,
 'unreachable_return_boundaries': 0,
 'deferred_return_boundaries': 0,
 'reachable_return_widths': [64],
 'width_reconciled': True,
 'synthetic_no_return_continuations_suppressed': 0,
 'rule': 'traverse_CFG_with_no_return_blocks_as_terminal_then_reconcile_reachable_raw_return_transports_only'}

[CALL SITE ABI PLANS]
===== END PAL COMPUTE ANALYZER =====


=========== SGL EXECUTION TREE ===========

sequence
  block [0x1014a6]
  if [cond=not ((v_37 < param_1))]
    then [direct_join=True edge=(1053862, 1053895) pred=1053862 join=1053895]
    else
      sequence
        block [0x1014bd]
  block [0x1014c7]
  if [cond=not ((0x1e < v_434))]
    then [direct_join=True edge=(1053895, 1054020) pred=1053895 join=1054020]
    else
      sequence
        block [0x10152f]
  block [0x101544]
  if [cond=not ((v_514 < 1))]
    then [direct_join=True edge=(1054020, 1054100) pred=1054020 join=1054100]
    else
      block [0x10154e]
      if [cond=(v_595 < 0xfffffffe)]
        then
          sequence
            block [0x101588]
        else
          block [0x10156f]
          if [cond=not ((3 < v_646))]
            then
              sequence
                block [0x101588]
            else
              sequence
                block [0x10157b]
  sequence
    block [0x101594]

=========== END TREE ===========

[SGL EXEC TREE PERSISTED] path=/home/rem/gh/PAL/pyghidra-PAL/PAL/PAL_logs/f_00000000001014a6_apply_burn.sgl.exec_tree.log mode=append temporary=False delete_on_completion=False

[PHI DROP-INS]
------------------------------------------------------------
pred=0x1014a6 -> join=0x1014c7 :: local_14 = v_1330
pred=0x1014bd -> join=0x1014c7 :: local_14 = v_97
------------------------------------------------------------
{'active': True,
 'bound_plans': 41,
 'control_contracts_forwarded': 7,
 'input_op_contracts': 52,
 'input_plans': 41,
 'kind': 'phi_compute_consumer_inventory_v21',
 'outputless_contracts_forwarded': 11,
 'phi_merge_contracts': 1,
 'phi_transition_contracts': 2,
 'preserved_compute_boundaries': 40,
 'preserved_deferred_contracts': 29,
 'preserved_outputless_boundaries': 11,
 'preserved_outputless_deferred_contracts': 11,
 'preserved_outputless_helpers': 11,
 'preserved_runtime_helpers': 39,
 'rule': 'preserve_PALCompute_authority_remap_execution_destination_only',
 'state_alias_bindings': 1,
 'transition_owners': {'predecessor_phi_dropin': 1, 'source_state_alias': 1},
 'version': 'v21_compute_contract_consumers',
 'warnings': 0}
[]
