
===== CFG DEBUG =====

[EDGES]
0x1013bf -> 0x1013e7  true raw=true role=raw_true_explicit_target pol=fallthrough inv=True edge=cfg-edge-v1:0x1013bf->0x1013e7 direct_join=False
0x1013bf -> 0x1013e0  false raw=false role=raw_false_fallthrough pol=fallthrough inv=False edge=cfg-edge-v1:0x1013bf->0x1013e0 direct_join=False
0x1013e0 -> 0x101435  uncond raw=uncond role=uncond pol=unknown inv=None edge=cfg-edge-v1:0x1013e0->0x101435 direct_join=False
0x1013e7 -> 0x1013f9  true raw=true role=raw_true_explicit_target pol=fallthrough inv=True edge=cfg-edge-v1:0x1013e7->0x1013f9 direct_join=False
0x1013e7 -> 0x1013f2  false raw=false role=raw_false_fallthrough pol=fallthrough inv=False edge=cfg-edge-v1:0x1013e7->0x1013f2 direct_join=False
0x1013f2 -> 0x101435  uncond raw=uncond role=uncond pol=unknown inv=None edge=cfg-edge-v1:0x1013f2->0x101435 direct_join=False
0x1013f9 -> 0x10140b  true raw=true role=raw_true_explicit_target pol=fallthrough inv=True edge=cfg-edge-v1:0x1013f9->0x10140b direct_join=False
0x1013f9 -> 0x101404  false raw=false role=raw_false_fallthrough pol=fallthrough inv=False edge=cfg-edge-v1:0x1013f9->0x101404 direct_join=False
0x101404 -> 0x101435  uncond raw=uncond role=uncond pol=unknown inv=None edge=cfg-edge-v1:0x101404->0x101435 direct_join=False
0x10140b -> 0x10141d  true raw=true role=raw_true_explicit_target pol=fallthrough inv=True edge=cfg-edge-v1:0x10140b->0x10141d direct_join=False
0x10140b -> 0x101416  false raw=false role=raw_false_fallthrough pol=fallthrough inv=False edge=cfg-edge-v1:0x10140b->0x101416 direct_join=False
0x101416 -> 0x101435  uncond raw=uncond role=uncond pol=unknown inv=None edge=cfg-edge-v1:0x101416->0x101435 direct_join=False
0x10141d -> 0x101435  uncond raw=uncond role=uncond pol=unknown inv=None edge=cfg-edge-v1:0x10141d->0x101435 direct_join=False

[BRANCH RESOLUTION EVENTS]
{'kind': 'binary_branch_truth_bound_by_evidence_class_v21d', 'src': 1053631, 'first_dst': 1053671, 'second_dst': 1053664, 'hf_target': 1053671, 'hf_normalized_target': 1053671, 'direct_dst': 1053664, 'first_invert': True, 'second_invert': False, 'condition_truth_authority': 'raw_jcc_hf_relation_direct_flags', 'reason': 'branch_truth_evidence_v21d hf_target=0x1013e7 raw_target=0x1013e7 raw_fallthrough=0x1013e0 legacy_hint=(mnemonic=JNZ hf_cond_opcode=INT_EQUAL) class=direct_flags', 'relation_evidence': {'version': 'ordered_relation_algebra_v23e', 'status': 'unresolved', 'mnemonic': 'JNZ', 'raw_relation': None, 'raw_domain': None, 'hf_opcode': 'INT_EQUAL', 'hf_relation': None, 'hf_domain': None, 'operand_profile': {'status': 'unresolved', 'reason': 'constant_threshold_requires_exact_value_custody', 'operand_count': 2, 'left_sid': 'v_47', 'right_sid': 'c_113_1', 'left_identity': ('high', 'high_rep:47'), 'right_identity': ('constant', 8, 113), 'left_width_bits': 8, 'right_width_bits': 8, 'left_constant': False, 'right_constant': True}, 'operand_orientation': None, 'relation_to_hf': None, 'invert_for_target': None, 'invert_for_fallthrough': None, 'reason': 'ordered_relation_family_not_applicable', 'legacy_hint_resolved': True, 'selected_as_authority': False}, 'boolean_carrier_evidence': {'status': 'proven_boolean', 'reason': 'comparison_result_is_boolean', 'root_opcode': 'INT_EQUAL', 'contains_multiequal': False, 'depth': 0}}
{'kind': 'binary_branch_truth_bound_by_evidence_class_v21d', 'src': 1053671, 'first_dst': 1053689, 'second_dst': 1053682, 'hf_target': 1053689, 'hf_normalized_target': 1053689, 'direct_dst': 1053682, 'first_invert': True, 'second_invert': False, 'condition_truth_authority': 'raw_jcc_hf_relation_direct_flags', 'reason': 'branch_truth_evidence_v21d hf_target=0x1013f9 raw_target=0x1013f9 raw_fallthrough=0x1013f2 legacy_hint=(mnemonic=JNZ hf_cond_opcode=INT_EQUAL) class=direct_flags', 'relation_evidence': {'version': 'ordered_relation_algebra_v23e', 'status': 'unresolved', 'mnemonic': 'JNZ', 'raw_relation': None, 'raw_domain': None, 'hf_opcode': 'INT_EQUAL', 'hf_relation': None, 'hf_domain': None, 'operand_profile': {'status': 'unresolved', 'reason': 'constant_threshold_requires_exact_value_custody', 'operand_count': 2, 'left_sid': 'v_112', 'right_sid': 'c_81_1', 'left_identity': ('high', 'high_rep:112'), 'right_identity': ('constant', 8, 81), 'left_width_bits': 8, 'right_width_bits': 8, 'left_constant': False, 'right_constant': True}, 'operand_orientation': None, 'relation_to_hf': None, 'invert_for_target': None, 'invert_for_fallthrough': None, 'reason': 'ordered_relation_family_not_applicable', 'legacy_hint_resolved': True, 'selected_as_authority': False}, 'boolean_carrier_evidence': {'status': 'proven_boolean', 'reason': 'comparison_result_is_boolean', 'root_opcode': 'INT_EQUAL', 'contains_multiequal': False, 'depth': 0}}
{'kind': 'binary_branch_truth_bound_by_evidence_class_v21d', 'src': 1053689, 'first_dst': 1053707, 'second_dst': 1053700, 'hf_target': 1053707, 'hf_normalized_target': 1053707, 'direct_dst': 1053700, 'first_invert': True, 'second_invert': False, 'condition_truth_authority': 'raw_jcc_hf_relation_direct_flags', 'reason': 'branch_truth_evidence_v21d hf_target=0x10140b raw_target=0x10140b raw_fallthrough=0x101404 legacy_hint=(mnemonic=JG hf_cond_opcode=INT_SLESS) class=direct_flags', 'relation_evidence': {'version': 'ordered_relation_algebra_v23e', 'status': 'unresolved', 'mnemonic': 'JG', 'raw_relation': 'GT', 'raw_domain': 'signed', 'hf_opcode': 'INT_SLESS', 'hf_relation': 'LT', 'hf_domain': 'signed', 'operand_profile': {'status': 'unresolved', 'reason': 'constant_threshold_requires_exact_value_custody', 'operand_count': 2, 'left_sid': 'v_160', 'right_sid': 'c_48_1', 'left_identity': ('high', 'high_rep:160'), 'right_identity': ('constant', 8, 48), 'left_width_bits': 8, 'right_width_bits': 8, 'left_constant': False, 'right_constant': True}, 'operand_orientation': None, 'relation_to_hf': None, 'invert_for_target': None, 'invert_for_fallthrough': None, 'reason': 'constant_threshold_requires_exact_value_custody', 'legacy_hint_resolved': True, 'selected_as_authority': False}, 'boolean_carrier_evidence': {'status': 'proven_boolean', 'reason': 'comparison_result_is_boolean', 'root_opcode': 'INT_SLESS', 'contains_multiequal': False, 'depth': 0}}
{'kind': 'binary_branch_truth_bound_by_evidence_class_v21d', 'src': 1053707, 'first_dst': 1053725, 'second_dst': 1053718, 'hf_target': 1053725, 'hf_normalized_target': 1053725, 'direct_dst': 1053718, 'first_invert': True, 'second_invert': False, 'condition_truth_authority': 'raw_jcc_hf_relation_direct_flags', 'reason': 'branch_truth_evidence_v21d hf_target=0x10141d raw_target=0x10141d raw_fallthrough=0x101416 legacy_hint=(mnemonic=JLE hf_cond_opcode=INT_SLESS) class=direct_flags', 'relation_evidence': {'version': 'ordered_relation_algebra_v23e', 'status': 'unresolved', 'mnemonic': 'JLE', 'raw_relation': 'LE', 'raw_domain': 'signed', 'hf_opcode': 'INT_SLESS', 'hf_relation': 'LT', 'hf_domain': 'signed', 'operand_profile': {'status': 'unresolved', 'reason': 'constant_threshold_requires_exact_value_custody', 'operand_count': 2, 'left_sid': 'v_214', 'right_sid': 'c_58_1', 'left_identity': ('high', 'high_rep:214'), 'right_identity': ('constant', 8, 58), 'left_width_bits': 8, 'right_width_bits': 8, 'left_constant': False, 'right_constant': True}, 'operand_orientation': None, 'relation_to_hf': None, 'invert_for_target': None, 'invert_for_fallthrough': None, 'reason': 'constant_threshold_requires_exact_value_custody', 'legacy_hint_resolved': True, 'selected_as_authority': False}, 'boolean_carrier_evidence': {'status': 'proven_boolean', 'reason': 'comparison_result_is_boolean', 'root_opcode': 'INT_SLESS', 'contains_multiequal': False, 'depth': 0}}

[EDGE IDENTITY v23 / BOHDI EMPEROR]
{'kind': 'cfg_edge_identity_inventory_v23', 'version': 'FunctionCFG_v23e_clothed_emperor_cfg_truth', 'id_schema': 'cfg_edge_identity_v1', 'canonical_identity': '(src_addr,dst_addr)', 'edges': 13, 'unique_edge_keys': 13, 'binary_cbranch_edges': 8, 'direct_join_edges': 0, 'direct_join_branch_arm_edges': 0, 'direct_join_loop_exit_edges': 0, 'direct_join_empty_arm_candidates': 0, 'warnings': 0, 'topology_mutations': 0, 'polarity_mutations': 0, 'rule': 'freeze_repaired_CFG_edge_identity_then_mark_exact_binary_CBRANCH_edge_to_IPDOM'}

[IPDOM]
0x1013bf -> ipdom: 0x101435
0x1013e0 -> ipdom: 0x101435
0x1013e7 -> ipdom: 0x101435
0x1013f2 -> ipdom: 0x101435
0x1013f9 -> ipdom: 0x101435
0x101404 -> ipdom: 0x101435
0x10140b -> ipdom: 0x101435
0x101416 -> ipdom: 0x101435
0x10141d -> ipdom: 0x101435
0x101435 -> ipdom: None

=====================

===== PAL RESOLVER INDIRECT STORAGE v22c =====

[INVENTORY]
{'active': False,
 'address_tied_families': 0,
 'custody_transitions': 0,
 'effect_owner_groups': 0,
 'escape_barrier_sids': 0,
 'input_contracts': 0,
 'kind': 'resolver_indirect_storage_inventory_v22c',
 'machine_state_families': 0,
 'machine_state_sids': 0,
 'owner_categories': {},
 'parameter_initializers': 0,
 'persistent_families': 0,
 'rule': 'HighVariable_identity_families_plus_address_escape_alias_barrier',
 'runtime_order': 'CFG_governed_not_linearized',
 'storage_families': 0,
 'version': 'v22c_indirect_storage_families',
 'warnings': 0}

[STORAGE FAMILIES]

[PARAMETER INITIALIZERS / STORAGE WRITES]
[]

[WARNINGS]
[]
===== END PAL RESOLVER INDIRECT STORAGE =====

========================================================================
PALRAW AUDIT v0.3 :: raw instruction BLOCK p-code vs HF/PAL CFG
========================================================================

--- 0x10127f ---
Raw block  : 0x10127f -> next 0x1013bf
Instr count: 0
Terminal   : None None
Raw succs  : []
Norm succs : None
HF block   : None
CFG edges  : []
STATUS     : no_hf_block
NOTE       : No PAL/HighFunction block mapped to this address.
Raw instructions:
Terminal raw p-code:
HF/PAL ops :

--- 0x1011b6 ---
Raw block  : 0x1011b6 -> next 0x1013bf
Instr count: 0
Terminal   : None None
Raw succs  : []
Norm succs : None
HF block   : None
CFG edges  : []
STATUS     : no_hf_block
NOTE       : No PAL/HighFunction block mapped to this address.
Raw instructions:
Terminal raw p-code:
HF/PAL ops :

--- 0x101219 ---
Raw block  : 0x101219 -> next 0x1013bf
Instr count: 8
Terminal   : 0x10122d JNZ 0x00101240
Raw succs  : ['0x101240', '0x10122f']
Norm succs : None
HF block   : None
CFG edges  : []
STATUS     : no_hf_block
NOTE       : No PAL/HighFunction block mapped to this address.
Raw instructions:
   0x101219  PUSH RBP
   0x10121a  MOV RBP,RSP
   0x10121d  SUB RSP,0x10
   0x101221  MOV dword ptr [RBP + -0x4],EDI
   0x101224  MOV dword ptr [RBP + -0x8],ESI
   0x101227  MOV EAX,dword ptr [RBP + -0x4]
   0x10122a  CMP EAX,dword ptr [RBP + -0x8]
   0x10122d  JNZ 0x00101240
Terminal raw p-code:
    (unique, 0x24f00, 1) BOOL_NEGATE (register, 0x206, 1)
     ---  CBRANCH (ram, 0x101240, 8) , (unique, 0x24f00, 1)
HF/PAL ops :

--- 0x10120f ---
Raw block  : 0x10120f -> next 0x1013bf
Instr count: 0
Terminal   : None None
Raw succs  : []
Norm succs : None
HF block   : None
CFG edges  : []
STATUS     : no_hf_block
NOTE       : No PAL/HighFunction block mapped to this address.
Raw instructions:
Terminal raw p-code:
HF/PAL ops :

--- 0x101221 ---
Raw block  : 0x101221 -> next 0x1013bf
Instr count: 5
Terminal   : 0x10122d JNZ 0x00101240
Raw succs  : ['0x101240', '0x10122f']
Norm succs : None
HF block   : None
CFG edges  : []
STATUS     : no_hf_block
NOTE       : No PAL/HighFunction block mapped to this address.
Raw instructions:
   0x101221  MOV dword ptr [RBP + -0x4],EDI
   0x101224  MOV dword ptr [RBP + -0x8],ESI
   0x101227  MOV EAX,dword ptr [RBP + -0x4]
   0x10122a  CMP EAX,dword ptr [RBP + -0x8]
   0x10122d  JNZ 0x00101240
Terminal raw p-code:
    (unique, 0x24f00, 1) BOOL_NEGATE (register, 0x206, 1)
     ---  CBRANCH (ram, 0x101240, 8) , (unique, 0x24f00, 1)
HF/PAL ops :

--- 0x101284 ---
Raw block  : 0x101284 -> next 0x1013bf
Instr count: 27
Terminal   : 0x1012f4 JMP 0x00101309
Raw succs  : ['0x101309']
Norm succs : None
HF block   : None
CFG edges  : []
STATUS     : no_hf_block
NOTE       : No PAL/HighFunction block mapped to this address.
Raw instructions:
   0x101284  MOV RDI,RAX
   0x101287  CALL 0x00101030
   0x10128c  LEA RAX,[0x1020b0]
   0x101293  MOV RDI,RAX
   0x101296  CALL 0x00101030
   0x10129b  LEA RAX,[0x102048]
   0x1012a2  MOV RDI,RAX
   0x1012a5  CALL 0x00101030
   0x1012aa  MOV RAX,qword ptr [RBP + -0x18]
   0x1012ae  MOV ESI,dword ptr [RAX + 0x8]
   0x1012b1  MOV RAX,qword ptr [RBP + -0x18]
   0x1012b5  MOV ECX,dword ptr [RAX + 0x4]
   0x1012b8  MOV RAX,qword ptr [RBP + -0x18]
   0x1012bc  MOV EDX,dword ptr [RAX]
   0x1012be  MOV RAX,qword ptr [RBP + -0x18]
   0x1012c2  MOV EAX,dword ptr [RAX + 0xc]
   0x1012c5  MOV R8D,ESI
   0x1012c8  MOV ESI,EAX
   0x1012ca  LEA RAX,[0x1020e0]
   0x1012d1  MOV RDI,RAX
   0x1012d4  MOV EAX,0x0
   0x1012d9  CALL 0x00101040
   0x1012de  LEA RAX,[0x102118]
   0x1012e5  MOV RDI,RAX
   0x1012e8  CALL 0x00101030
   0x1012ed  MOV dword ptr [RBP + -0x4],0x0
   0x1012f4  JMP 0x00101309
Terminal raw p-code:
     ---  BRANCH (ram, 0x101309, 8)
HF/PAL ops :

--- 0x10127f ---
Raw block  : 0x10127f -> next 0x1013bf
Instr count: 0
Terminal   : None None
Raw succs  : []
Norm succs : None
HF block   : None
CFG edges  : []
STATUS     : no_hf_block
NOTE       : No PAL/HighFunction block mapped to this address.
Raw instructions:
Terminal raw p-code:
HF/PAL ops :

========================================================================

===== PAL COMPUTE ANALYZER =====
{'kind': 'pal_compute_inventory_v22',
 'version': 'v23b_abi_thunk_compatibility_return_reconciliation',
 'runtime_representation': 'raw_unsigned_bitvector_at_ssa_boundaries',
 'operations': 19,
 'output_plans': 17,
 'control_contracts': 9,
 'c_compute_filtered': 14,
 'use_site_overrides': 0,
 'return_observation_view_mismatches': 0,
 'storage_custody_related_ops': 0,
 'indirect_custody_contracts': 0,
 'indirect_custody_resolved': 0,
 'indirect_custody_deferred': 0,
 'indirect_effect_owner_compute_ops': 0,
 'storage_family_bindings': 0,
 'function_entry_abi_plan': True,
 'call_site_abi_plans': 0,
 'internal_call_plan_failures': 0,
 'unsupported_implicit_inputs': 0,
 'abi_runtime_helper_assignments': 0,
 'no_return_calls': 0,
 'reachable_return_boundaries': 1,
 'unreachable_return_boundaries': 0,
 'synthetic_no_return_continuations_suppressed': 0,
 'statuses': {'deferred_memory': 7, 'helper_required': 6, 'metadata_only': 6},
 'categories': {'memory': 7,
                'comparison': 4,
                'conversion': 1,
                'integer_arithmetic': 1,
                'transport': 5,
                'phi_merge': 1},
 'helpers': {'c_store': 2,
             'c_load': 5,
             'c_eq': 2,
             'c_slt': 2,
             'c_sext': 1,
             'c_add': 1},
 'opcodes': {'STORE': 2,
             'LOAD': 5,
             'INT_EQUAL': 2,
             'INT_SLESS': 2,
             'INT_SEXT': 1,
             'INT_ADD': 1,
             'COPY': 5,
             'MULTIEQUAL': 1},
 'warnings': 0}

[WARNINGS]
[]

[METADATA-ONLY COMPUTE BOUNDARIES]
0x101435 MULTIEQUAL ['v_84', 'v_149', 'v_203', 'v_255', 'v_298'] -> v_450 classification=None

[HELPER-REQUIRED CONTRACTS]
0x1013bf INT_EQUAL v_66 helper=c_eq widths=[8, 8]->8 overrides=0
0x1013e7 INT_EQUAL v_131 helper=c_eq widths=[8, 8]->8 overrides=0
0x1013f9 INT_SLESS v_198 helper=c_slt widths=[8, 8]->8 overrides=0
0x10140b INT_SLESS v_250 helper=c_slt widths=[8, 8]->8 overrides=0
0x10141d INT_SEXT v_273 helper=c_sext widths=[8]->32 overrides=0
0x10141d INT_ADD v_560 helper=c_add widths=[32, 32]->32 overrides=0

[INDIRECT STORAGE-CUSTODY CONTRACTS]

[INDIRECT CUSTODY INVENTORY]
{'kind': 'pal_compute_indirect_custody_inventory_v22d',
 'version': 'v23b_abi_thunk_compatibility_return_reconciliation',
 'resolver_transitions': 0,
 'compute_indirect_contracts': 0,
 'resolved_custody': 0,
 'deferred_custody': 0,
 'effect_owner_compute_bindings': 0,
 'effect_owner_compute_ops': 0,
 'owner_categories': {},
 'storage_families': 0,
 'storage_sid_bindings': 0,
 'address_escape_barrier_sids': 0,
 'parameter_storage_initializers': 0,
 'runtime_helpers': 0,
 'warnings': 0,
 'rule': 'INDIRECT_is_metadata_only_owner_bound_storage_transition'}

[ABI-D ENTRY/CALL PLAN INVENTORY]
{'kind': 'pal_compute_abi_plan_inventory_v23',
 'version': 'v23b_abi_thunk_compatibility_return_reconciliation',
 'function': 'parse_burn',
 'entry_plan_present': True,
 'entry_plan_status': 'ready',
 'fixed_arguments': 2,
 'implicit_inputs': 0,
 'implicit_inputs_unsupported': 0,
 'call_compute_contracts': 0,
 'call_site_plans': 0,
 'call_sites_without_plan': 0,
 'call_statuses': {},
 'dispatch_classes': {},
 'internal_calls': 0,
 'internal_calls_with_target_compatible_plan': 0,
 'internal_calls_without_target_compatible_plan': 0,
 'internal_calls_with_deferred_target_compatibility': 0,
 'internal_calls_with_incompatible_target': 0,
 'internal_calls_without_transport_plan': 0,
 'external_calls': 0,
 'thunk_calls': 0,
 'external_via_thunk_calls': 0,
 'thunk_endpoint_deferred_calls': 0,
 'thunk_calls_misclassified_internal': 0,
 'target_compatibility_overclaims': 0,
 'no_return_calls': 0,
 'result_carrier_contracts': 0,
 'abi_runtime_helper_assignments': 0,
 'warnings': 0,
 'acceptance_gates': {'every_emitted_function_has_entry_plan': True,
                      'every_call_has_call_site_plan': True,
                      'every_internal_call_has_target_compatible_plan': True,
                      'every_internal_call_has_carrier_transport_plan': True,
                      'no_resolved_thunk_misclassified_internal': True,
                      'no_target_compatibility_overclaim': True,
                      'no_implicit_input_is_unsupported': True,
                      'no_runtime_helper_assigned_by_ABI_guesswork': True},
 'return_boundary_reconciliation': {'kind': 'pal_compute_return_boundary_reconciliation_v23b',
                                    'version': 'v23b_abi_thunk_compatibility_return_reconciliation',
                                    'function': 'parse_burn',
                                    'entry_block_addr': 1053631,
                                    'cfg_evidence_available': True,
                                    'no_return_terminating_blocks': [],
                                    'no_return_call_op_keys': [],
                                    'return_boundaries': 1,
                                    'reachable_return_boundaries': 1,
                                    'unreachable_return_boundaries': 0,
                                    'deferred_return_boundaries': 0,
                                    'reachable_return_widths': [64],
                                    'width_reconciled': True,
                                    'synthetic_no_return_continuations_suppressed': 0,
                                    'rule': 'traverse_CFG_with_no_return_blocks_as_terminal_then_reconcile_reachable_raw_return_transports_only'},
 'rule': 'ABI_A_B_C_authority_only_thunk_endpoint_and_compatibility_tri_state_no_downstream_argument_reinference'}

[FUNCTION ENTRY ABI PLAN]
{'plan_id': 'function_entry:1053631',
 'status': 'ready',
 'callable_signature_status': 'legacy_non_variadic_fallback',
 'fixed_argument_count': 2,
 'implicit_input_count': 0,
 'variadic_register_save_area': {'required': False,
                                 'status': 'not_required',
                                 'slots': [{'sid': 'v_503',
                                            'bank': 'gp',
                                            'index': 0,
                                            'register': 'RDI',
                                            'width_bits': 64,
                                            'canonical_alias': 'param_0',
                                            'owner_namespace': 'logical_parameter',
                                            'owner_role': 'callable_parameter_carrier',
                                            'materialization': 'capture_entry_register_bits',
                                            'source': 'abi_context.registers',
                                            'runtime_helper': None,
                                            'authority': 'PALSymbolResolver_ABI_C_physical_carrier_binding'},
                                           {'sid': 'v_504',
                                            'bank': 'gp',
                                            'index': 1,
                                            'register': 'RSI',
                                            'width_bits': 64,
                                            'canonical_alias': 'param_1',
                                            'owner_namespace': 'logical_parameter',
                                            'owner_role': 'callable_parameter_carrier',
                                            'materialization': 'capture_entry_register_bits',
                                            'source': 'abi_context.registers',
                                            'runtime_helper': None,
                                            'authority': 'PALSymbolResolver_ABI_C_physical_carrier_binding'}],
                                 'gp_slots': [{'sid': 'v_503',
                                               'bank': 'gp',
                                               'index': 0,
                                               'register': 'RDI',
                                               'width_bits': 64,
                                               'canonical_alias': 'param_0',
                                               'owner_namespace': 'logical_parameter',
                                               'owner_role': 'callable_parameter_carrier',
                                               'materialization': 'capture_entry_register_bits',
                                               'source': 'abi_context.registers',
                                               'runtime_helper': None,
                                               'authority': 'PALSymbolResolver_ABI_C_physical_carrier_binding'},
                                              {'sid': 'v_504',
                                               'bank': 'gp',
                                               'index': 1,
                                               'register': 'RSI',
                                               'width_bits': 64,
                                               'canonical_alias': 'param_1',
                                               'owner_namespace': 'logical_parameter',
                                               'owner_role': 'callable_parameter_carrier',
                                               'materialization': 'capture_entry_register_bits',
                                               'source': 'abi_context.registers',
                                               'runtime_helper': None,
                                               'authority': 'PALSymbolResolver_ABI_C_physical_carrier_binding'}],
                                 'sse_slots': [],
                                 'fixed_variadic_partition_status': 'deferred_to_entry_protocol_analysis',
                                 'source': 'abi_context.registers',
                                 'authority': 'ABI_C_carriers_plus_variadic_contract'},
 'overflow_argument_area': {'required': False,
                            'status': 'not_required',
                            'source': 'abi_context.overflow_argument_area',
                            'observed_stack_carriers': [],
                            'materialization': 'consume_preclassified_overflow_slots',
                            'offset_inference_allowed': False,
                            'authority': 'ABI_C_stack_carriers_or_variadic_protocol'},
 'variadic_al': {'required': False,
                 'status': 'not_required',
                 'source': 'abi_context.variadic_xmm_count',
                 'inputs': [],
                 'default_allowed': False,
                 'authority': 'ABI_C_variadic_xmm_count_contract'},
 'frame_base': {'required': False,
                'status': 'not_observed',
                'source': 'abi_context.frame_base',
                'inputs': [],
                'derive_from_parameter_names': False,
                'authority': 'ABI_C_frame_state_custody'},
 'tls_base': {'required': False,
              'status': 'not_observed',
              'source': 'abi_context.tls_base',
              'inputs': [],
              'derive_from_expression_names': False,
              'authority': 'ABI_C_tls_state_custody'},
 'return_contract': {'kind': 'pal_compute_return_carrier_contract_abi_d',
                     'version': 'v23b_abi_thunk_compatibility_return_reconciliation',
                     'status': 'return_width_proven_carrier_deferred',
                     'no_return': False,
                     'output_sid': None,
                     'output_width_bits': None,
                     'declared_width_bits': None,
                     'effective_result_width_bits': 64,
                     'declared_return': {'name': 'undefined',
                                         'display_name': 'undefined',
                                         'class_name': 'DefaultDataType',
                                         'length_bytes': 1,
                                         'width_bits': 8,
                                         'signed': None,
                                         'kind_hint': None},
                     'return_storage': {'repr': '<UNASSIGNED>',
                                        'size_bytes': 0,
                                        'flags': {'register': False,
                                                  'stack': False,
                                                  'memory': False,
                                                  'unassigned': True,
                                                  'void': False,
                                                  'auto': False},
                                        'pieces': [],
                                        'storage_keys': []},
                     'carrier_pieces': [],
                     'normalization': {'mode': 'mask_to_output_width',
                                       'width_bits': 64,
                                       'mask': 18446744073709551615},
                     'runtime_helper': None,
                     'runtime_helper_authority': 'no_ABI_runtime_helper_assigned',
                     'authority': 'reachable_raw_return_transport',
                     'reported_declared_width_bits': 8,
                     'declared_width_authoritative': False,
                     'declared_return_evidence_status': 'non_authoritative_default_or_unresolved_prototype',
                     'transport_width_bits': 64,
                     'logical_result_width_bits': 64,
                     'reachable_return_widths': [64],
                     'reachable_return_boundary_count': 1,
                     'unreachable_return_boundary_count': 0,
                     'deferred_return_boundary_count': 0},
 'reachable_return_boundaries': [{'block_addr': 1053749,
                                  'return_value_sid': 'v_450',
                                  'return_value_width_bits': 64,
                                  'return_transport_width_bits': 64,
                                  'return_logical_width_bits': 64,
                                  'return_declared_view': None,
                                  'return_boundary_authority': 'raw_return_register_transport',
                                  'return_reachability': 'reachable',
                                  'reachable_return': True,
                                  'execution_suppressed': False,
                                  'emission_policy': 'emit_reachable_return_boundary',
                                  'cut_by_no_return_blocks': [],
                                  'cut_by_no_return_call_op_keys': []}],
 'unreachable_return_boundaries': []}

[RETURN BOUNDARY RECONCILIATION]
{'kind': 'pal_compute_return_boundary_reconciliation_v23b',
 'version': 'v23b_abi_thunk_compatibility_return_reconciliation',
 'function': 'parse_burn',
 'entry_block_addr': 1053631,
 'cfg_evidence_available': True,
 'no_return_terminating_blocks': [],
 'no_return_call_op_keys': [],
 'return_boundaries': 1,
 'reachable_return_boundaries': 1,
 'unreachable_return_boundaries': 0,
 'deferred_return_boundaries': 0,
 'reachable_return_widths': [64],
 'width_reconciled': True,
 'synthetic_no_return_continuations_suppressed': 0,
 'rule': 'traverse_CFG_with_no_return_blocks_as_terminal_then_reconcile_reachable_raw_return_transports_only'}

[CALL SITE ABI PLANS]
===== END PAL COMPUTE ANALYZER =====


=========== SGL EXECUTION TREE ===========

sequence
  block [0x1013bf]
  if [cond=not ((v_47 == 0x71))]
    then
      block [0x1013e7]
      if [cond=not ((v_112 == 0x51))]
        then
          block [0x1013f9]
          if [cond=not ((v_160 < 0x30))]
            then
              block [0x10140b]
              if [cond=(v_214 < 0x3a)]
                then
                  sequence
                    block [0x10141d]
                else
                  sequence
                    block [0x101416]
            else
              sequence
                block [0x101404]
        else
          sequence
            block [0x1013f2]
    else
      sequence
        block [0x1013e0]
  sequence
    block [0x101435]

=========== END TREE ===========

[SGL EXEC TREE PERSISTED] path=/home/rem/gh/PAL/pyghidra-PAL/PAL/PAL_logs/f_00000000001013bf_parse_burn.sgl.exec_tree.log mode=append temporary=False delete_on_completion=False

[PHI DROP-INS]
------------------------------------------------------------
pred=0x1013e0 -> join=0x101435 :: v_450 = v_84
pred=0x1013f2 -> join=0x101435 :: v_450 = v_149
pred=0x101404 -> join=0x101435 :: v_450 = v_203
pred=0x101416 -> join=0x101435 :: v_450 = v_255
pred=0x10141d -> join=0x101435 :: v_450 = v_298
------------------------------------------------------------
{'active': True,
 'bound_plans': 17,
 'control_contracts_forwarded': 9,
 'input_op_contracts': 19,
 'input_plans': 17,
 'kind': 'phi_compute_consumer_inventory_v21',
 'outputless_contracts_forwarded': 2,
 'phi_merge_contracts': 1,
 'phi_transition_contracts': 5,
 'preserved_compute_boundaries': 12,
 'preserved_deferred_contracts': 5,
 'preserved_outputless_boundaries': 2,
 'preserved_outputless_deferred_contracts': 2,
 'preserved_outputless_helpers': 2,
 'preserved_runtime_helpers': 11,
 'rule': 'preserve_PALCompute_authority_remap_execution_destination_only',
 'state_alias_bindings': 0,
 'transition_owners': {'predecessor_phi_dropin': 5},
 'version': 'v21_compute_contract_consumers',
 'warnings': 0}
[]
