
===== CFG DEBUG =====

[EDGES]
0x1011e8 -> 0x101244  true raw=true role=raw_true_explicit_target pol=fallthrough inv=True edge=cfg-edge-v1:0x1011e8->0x101244 direct_join=False
0x1011e8 -> 0x10123f  false raw=false role=raw_false_fallthrough pol=fallthrough inv=False edge=cfg-edge-v1:0x1011e8->0x10123f direct_join=False
0x10123f -> EXIT  uncond raw=uncond role=uncond pol=unknown inv=None edge=cfg-edge-v1:0x10123f->EXIT direct_join=False
0x101244 -> EXIT  uncond raw=uncond role=uncond pol=unknown inv=None edge=cfg-edge-v1:0x101244->EXIT direct_join=False

[BRANCH RESOLUTION EVENTS]
{'kind': 'binary_branch_truth_bound_by_evidence_class_v21d', 'src': 1053160, 'first_dst': 1053252, 'second_dst': 1053247, 'hf_target': 1053252, 'hf_normalized_target': 1053252, 'direct_dst': 1053247, 'first_invert': True, 'second_invert': False, 'condition_truth_authority': 'raw_jcc_hf_relation_direct_flags', 'reason': 'branch_truth_evidence_v21d hf_target=0x101244 raw_target=0x101244 raw_fallthrough=0x10123f legacy_hint=(mnemonic=JZ hf_cond_opcode=INT_NOTEQUAL) class=direct_flags', 'relation_evidence': {'version': 'ordered_relation_algebra_v23e', 'status': 'unresolved', 'mnemonic': 'JZ', 'raw_relation': None, 'raw_domain': None, 'hf_opcode': 'INT_NOTEQUAL', 'hf_relation': None, 'hf_domain': None, 'operand_profile': {'status': 'proven_runtime_pair', 'reason': 'two_distinct_nonconstant_equal_width_hf_operands', 'operand_count': 2, 'left_sid': 'v_466', 'right_sid': 'v_168', 'left_identity': ('high', 'high_rep:466'), 'right_identity': ('high', 'high_rep:168'), 'left_width_bits': 64, 'right_width_bits': 64, 'left_constant': False, 'right_constant': False}, 'operand_orientation': None, 'relation_to_hf': None, 'invert_for_target': None, 'invert_for_fallthrough': None, 'reason': 'ordered_relation_family_not_applicable', 'legacy_hint_resolved': True, 'selected_as_authority': False}, 'boolean_carrier_evidence': {'status': 'proven_boolean', 'reason': 'comparison_result_is_boolean', 'root_opcode': 'INT_NOTEQUAL', 'contains_multiequal': False, 'depth': 0}}

[EDGE IDENTITY v23 / BOHDI EMPEROR]
{'kind': 'cfg_edge_identity_inventory_v23', 'version': 'FunctionCFG_v23e_clothed_emperor_cfg_truth', 'id_schema': 'cfg_edge_identity_v1', 'canonical_identity': '(src_addr,dst_addr)', 'edges': 4, 'unique_edge_keys': 4, 'binary_cbranch_edges': 2, 'direct_join_edges': 0, 'direct_join_branch_arm_edges': 0, 'direct_join_loop_exit_edges': 0, 'direct_join_empty_arm_candidates': 0, 'warnings': 0, 'topology_mutations': 0, 'polarity_mutations': 0, 'rule': 'freeze_repaired_CFG_edge_identity_then_mark_exact_binary_CBRANCH_edge_to_IPDOM'}

[IPDOM]
0x1011e8 -> ipdom: EXIT
0x10123f -> ipdom: EXIT
0x101244 -> ipdom: EXIT

=====================

===== PAL RESOLVER INDIRECT STORAGE v22c =====

[INVENTORY]
{'active': True,
 'address_tied_families': 2,
 'custody_transitions': 5,
 'effect_owner_groups': 2,
 'escape_barrier_sids': 6,
 'input_contracts': 5,
 'kind': 'resolver_indirect_storage_inventory_v22c',
 'machine_state_families': 1,
 'machine_state_sids': 2,
 'owner_categories': {'call_boundary': 5},
 'parameter_initializers': 0,
 'persistent_families': 0,
 'rule': 'HighVariable_identity_families_plus_address_escape_alias_barrier',
 'runtime_order': 'CFG_governed_not_linearized',
 'storage_families': 3,
 'version': 'v22c_indirect_storage_families',
 'warnings': 0}

[STORAGE FAMILIES]
{'address_tied': False,
 'classification': 'non_address_tied_machine_state',
 'entry_sids': ['v_371'],
 'family_id': 'storage_family:high_rep:371',
 'high_identity_key': 'high_rep:371',
 'high_name': 'in_FS_OFFSET',
 'member_sids': ['v_371', 'v_322'],
 'parameter_initializers': 0,
 'persistent': False,
 'transitions': 1}
{'address_tied': True,
 'classification': 'address_tied_c_storage',
 'entry_sids': ['v_426'],
 'family_id': 'storage_family:high_rep:426',
 'high_identity_key': 'high_rep:426',
 'high_name': 'local_18',
 'member_sids': ['v_426', 'v_458', 'v_462'],
 'parameter_initializers': 0,
 'persistent': False,
 'transitions': 2}
{'address_tied': True,
 'classification': 'address_tied_c_storage',
 'entry_sids': ['v_39'],
 'family_id': 'storage_family:high_rep:466',
 'high_identity_key': 'high_rep:466',
 'high_name': 'local_10',
 'member_sids': ['v_39', 'v_466', 'v_470'],
 'parameter_initializers': 0,
 'persistent': False,
 'transitions': 2}

[PARAMETER INITIALIZERS / STORAGE WRITES]
[]

[WARNINGS]
[]
===== END PAL RESOLVER INDIRECT STORAGE =====

========================================================================
PALRAW AUDIT v0.3 :: raw instruction BLOCK p-code vs HF/PAL CFG
========================================================================

--- 0x10127f ---
Raw block  : 0x101244 -> next None
Instr count: 2
Terminal   : 0x101245 RET
Raw succs  : []
Norm succs : []
HF block   : 0x101244
CFG edges  : ['EXIT role=uncond raw=uncond']
STATUS     : successors_differ
NOTE       : HF/PAL successor(s) not seen in raw terminal successors: ['EXIT']
Raw instructions:
   0x101244  LEAVE
   0x101245  RET
Terminal raw p-code:
    (register, 0x288, 8) LOAD (const, 0x1b1, 8) , (register, 0x20, 8)
    (register, 0x20, 8) INT_ADD (register, 0x20, 8) , (const, 0x8, 8)
     ---  RETURN (register, 0x288, 8)
HF/PAL ops :
HF/PAL term:
    RETURN [0x0, v_493] -> None

--- 0x1011b6 ---
Raw block  : 0x1011b6 -> next 0x1011e8
Instr count: 0
Terminal   : None None
Raw succs  : []
Norm succs : None
HF block   : None
CFG edges  : []
STATUS     : no_hf_block
NOTE       : No PAL/HighFunction block mapped to this address.
Raw instructions:
Terminal raw p-code:
HF/PAL ops :

--- 0x101219 ---
Raw block  : 0x1011e8 -> next 0x10123f
Instr count: 20
Terminal   : 0x10123d JZ 0x00101244
Raw succs  : ['0x101244', '0x10123f']
Norm succs : ['0x10123f', '0x101244']
HF block   : 0x1011e8
CFG edges  : ['0x101244 role=raw_true_explicit_target raw=true', '0x10123f role=raw_false_fallthrough raw=false']
STATUS     : successors_match
Raw instructions:
   0x1011e8  PUSH RBP
   0x1011e9  MOV RBP,RSP
   0x1011ec  SUB RSP,0x20
   0x1011f0  MOV RAX,qword ptr FS:[0x28]
   0x1011f9  MOV qword ptr [RBP + -0x8],RAX
   0x1011fd  XOR EAX,EAX
   0x1011ff  MOV RAX,0x78563412efbeadde
   0x101209  MOV qword ptr [RBP + -0x10],RAX
   0x10120d  MOV dword ptr [RBP + -0x18],0x10203040
   0x101214  LEA RCX,[RBP + -0x10]
   0x101218  MOV EAX,dword ptr [RBP + -0x18]
   0x10121b  MOV EDX,0x8
   0x101220  MOV RSI,RCX
   0x101223  MOV EDI,EAX
   0x101225  CALL 0x00101149
   0x10122a  MOV dword ptr [RBP + -0x14],EAX
   0x10122d  MOV EAX,dword ptr [RBP + -0x14]
   0x101230  MOV RDX,qword ptr [RBP + -0x8]
   0x101234  SUB RDX,qword ptr FS:[0x28]
   0x10123d  JZ 0x00101244
Terminal raw p-code:
     ---  CBRANCH (ram, 0x101244, 8) , (register, 0x206, 1)
HF/PAL ops :
    INT_ADD [v_371, 0x28] -> v_497
    CAST [v_497] -> v_36
    LOAD [0x1b1, v_36] -> v_39
    COPY [0x78563412efbeadde] -> local_18
    PTRSUB [v_370, -0x18] -> v_96
    INDIRECT [v_371, 0x30] -> v_322
    INDIRECT [local_18, 0x30] -> local_18
    INDIRECT [v_39, 0x30] -> local_10
    CALL [process_payload_block, 0x10203040, v_96, 0x8] -> v_397
    COPY [v_397] -> v_493
    INT_ADD [v_322, 0x28] -> v_498
    CAST [v_498] -> v_153
    LOAD [0x1b1, v_153] -> v_168
    INT_NOTEQUAL [local_10, v_168] -> v_177
HF/PAL term:
    CBRANCH [LAB_00101244, v_177] -> None cond=v_177

--- 0x10120f ---
Raw block  : 0x1011e8 -> next 0x10123f
Instr count: 20
Terminal   : 0x10123d JZ 0x00101244
Raw succs  : ['0x101244', '0x10123f']
Norm succs : ['0x10123f', '0x101244']
HF block   : 0x1011e8
CFG edges  : ['0x101244 role=raw_true_explicit_target raw=true', '0x10123f role=raw_false_fallthrough raw=false']
STATUS     : successors_match
Raw instructions:
   0x1011e8  PUSH RBP
   0x1011e9  MOV RBP,RSP
   0x1011ec  SUB RSP,0x20
   0x1011f0  MOV RAX,qword ptr FS:[0x28]
   0x1011f9  MOV qword ptr [RBP + -0x8],RAX
   0x1011fd  XOR EAX,EAX
   0x1011ff  MOV RAX,0x78563412efbeadde
   0x101209  MOV qword ptr [RBP + -0x10],RAX
   0x10120d  MOV dword ptr [RBP + -0x18],0x10203040
   0x101214  LEA RCX,[RBP + -0x10]
   0x101218  MOV EAX,dword ptr [RBP + -0x18]
   0x10121b  MOV EDX,0x8
   0x101220  MOV RSI,RCX
   0x101223  MOV EDI,EAX
   0x101225  CALL 0x00101149
   0x10122a  MOV dword ptr [RBP + -0x14],EAX
   0x10122d  MOV EAX,dword ptr [RBP + -0x14]
   0x101230  MOV RDX,qword ptr [RBP + -0x8]
   0x101234  SUB RDX,qword ptr FS:[0x28]
   0x10123d  JZ 0x00101244
Terminal raw p-code:
     ---  CBRANCH (ram, 0x101244, 8) , (register, 0x206, 1)
HF/PAL ops :
    INT_ADD [v_371, 0x28] -> v_497
    CAST [v_497] -> v_36
    LOAD [0x1b1, v_36] -> v_39
    COPY [0x78563412efbeadde] -> local_18
    PTRSUB [v_370, -0x18] -> v_96
    INDIRECT [v_371, 0x30] -> v_322
    INDIRECT [local_18, 0x30] -> local_18
    INDIRECT [v_39, 0x30] -> local_10
    CALL [process_payload_block, 0x10203040, v_96, 0x8] -> v_397
    COPY [v_397] -> v_493
    INT_ADD [v_322, 0x28] -> v_498
    CAST [v_498] -> v_153
    LOAD [0x1b1, v_153] -> v_168
    INT_NOTEQUAL [local_10, v_168] -> v_177
HF/PAL term:
    CBRANCH [LAB_00101244, v_177] -> None cond=v_177

--- 0x101221 ---
Raw block  : 0x1011e8 -> next 0x10123f
Instr count: 20
Terminal   : 0x10123d JZ 0x00101244
Raw succs  : ['0x101244', '0x10123f']
Norm succs : ['0x10123f', '0x101244']
HF block   : 0x1011e8
CFG edges  : ['0x101244 role=raw_true_explicit_target raw=true', '0x10123f role=raw_false_fallthrough raw=false']
STATUS     : successors_match
Raw instructions:
   0x1011e8  PUSH RBP
   0x1011e9  MOV RBP,RSP
   0x1011ec  SUB RSP,0x20
   0x1011f0  MOV RAX,qword ptr FS:[0x28]
   0x1011f9  MOV qword ptr [RBP + -0x8],RAX
   0x1011fd  XOR EAX,EAX
   0x1011ff  MOV RAX,0x78563412efbeadde
   0x101209  MOV qword ptr [RBP + -0x10],RAX
   0x10120d  MOV dword ptr [RBP + -0x18],0x10203040
   0x101214  LEA RCX,[RBP + -0x10]
   0x101218  MOV EAX,dword ptr [RBP + -0x18]
   0x10121b  MOV EDX,0x8
   0x101220  MOV RSI,RCX
   0x101223  MOV EDI,EAX
   0x101225  CALL 0x00101149
   0x10122a  MOV dword ptr [RBP + -0x14],EAX
   0x10122d  MOV EAX,dword ptr [RBP + -0x14]
   0x101230  MOV RDX,qword ptr [RBP + -0x8]
   0x101234  SUB RDX,qword ptr FS:[0x28]
   0x10123d  JZ 0x00101244
Terminal raw p-code:
     ---  CBRANCH (ram, 0x101244, 8) , (register, 0x206, 1)
HF/PAL ops :
    INT_ADD [v_371, 0x28] -> v_497
    CAST [v_497] -> v_36
    LOAD [0x1b1, v_36] -> v_39
    COPY [0x78563412efbeadde] -> local_18
    PTRSUB [v_370, -0x18] -> v_96
    INDIRECT [v_371, 0x30] -> v_322
    INDIRECT [local_18, 0x30] -> local_18
    INDIRECT [v_39, 0x30] -> local_10
    CALL [process_payload_block, 0x10203040, v_96, 0x8] -> v_397
    COPY [v_397] -> v_493
    INT_ADD [v_322, 0x28] -> v_498
    CAST [v_498] -> v_153
    LOAD [0x1b1, v_153] -> v_168
    INT_NOTEQUAL [local_10, v_168] -> v_177
HF/PAL term:
    CBRANCH [LAB_00101244, v_177] -> None cond=v_177

--- 0x101284 ---
Raw block  : 0x101244 -> next None
Instr count: 2
Terminal   : 0x101245 RET
Raw succs  : []
Norm succs : []
HF block   : 0x101244
CFG edges  : ['EXIT role=uncond raw=uncond']
STATUS     : successors_differ
NOTE       : HF/PAL successor(s) not seen in raw terminal successors: ['EXIT']
Raw instructions:
   0x101244  LEAVE
   0x101245  RET
Terminal raw p-code:
    (register, 0x288, 8) LOAD (const, 0x1b1, 8) , (register, 0x20, 8)
    (register, 0x20, 8) INT_ADD (register, 0x20, 8) , (const, 0x8, 8)
     ---  RETURN (register, 0x288, 8)
HF/PAL ops :
HF/PAL term:
    RETURN [0x0, v_493] -> None

--- 0x10127f ---
Raw block  : 0x101244 -> next None
Instr count: 2
Terminal   : 0x101245 RET
Raw succs  : []
Norm succs : []
HF block   : 0x101244
CFG edges  : ['EXIT role=uncond raw=uncond']
STATUS     : successors_differ
NOTE       : HF/PAL successor(s) not seen in raw terminal successors: ['EXIT']
Raw instructions:
   0x101244  LEAVE
   0x101245  RET
Terminal raw p-code:
    (register, 0x288, 8) LOAD (const, 0x1b1, 8) , (register, 0x20, 8)
    (register, 0x20, 8) INT_ADD (register, 0x20, 8) , (const, 0x8, 8)
     ---  RETURN (register, 0x288, 8)
HF/PAL ops :
HF/PAL term:
    RETURN [0x0, v_493] -> None

========================================================================

===== PAL COMPUTE ANALYZER =====
{'kind': 'pal_compute_inventory_v22',
 'version': 'v23b_abi_thunk_compatibility_return_reconciliation',
 'runtime_representation': 'raw_unsigned_bitvector_at_ssa_boundaries',
 'operations': 17,
 'output_plans': 16,
 'control_contracts': 3,
 'c_compute_filtered': 16,
 'use_site_overrides': 0,
 'return_observation_view_mismatches': 0,
 'storage_custody_related_ops': 12,
 'indirect_custody_contracts': 5,
 'indirect_custody_resolved': 5,
 'indirect_custody_deferred': 0,
 'indirect_effect_owner_compute_ops': 2,
 'storage_family_bindings': 8,
 'function_entry_abi_plan': True,
 'call_site_abi_plans': 2,
 'internal_call_plan_failures': 1,
 'unsupported_implicit_inputs': 0,
 'abi_runtime_helper_assignments': 0,
 'no_return_calls': 1,
 'reachable_return_boundaries': 1,
 'unreachable_return_boundaries': 1,
 'synthetic_no_return_continuations_suppressed': 1,
 'statuses': {'helper_required': 3,
              'metadata_only': 9,
              'deferred_memory': 3,
              'deferred_external': 2},
 'categories': {'integer_arithmetic': 2,
                'conversion': 2,
                'memory': 2,
                'transport': 2,
                'pointer_arithmetic': 1,
                'storage_custody': 5,
                'call_boundary': 2,
                'comparison': 1},
 'helpers': {'c_add': 2, 'c_load': 2, 'c_ptrsub': 1, 'c_ne': 1},
 'opcodes': {'INT_ADD': 2,
             'CAST': 2,
             'LOAD': 2,
             'COPY': 2,
             'PTRSUB': 1,
             'INDIRECT': 5,
             'CALL': 2,
             'INT_NOTEQUAL': 1},
 'warnings': 0}

[WARNINGS]
[]

[METADATA-ONLY COMPUTE BOUNDARIES]
0x1011e8 CAST ['v_497'] -> v_36 classification=same_width_explicit_recast
0x1011e8 COPY ['c_8671175388484775390_8'] -> v_426 classification=bit_preserving_copy
0x1011e8 INDIRECT ['v_371', 'c_48_4'] -> v_322 classification=None
0x1011e8 INDIRECT ['v_426', 'c_48_4'] -> v_458 classification=None
0x1011e8 INDIRECT ['v_39', 'c_48_4'] -> v_466 classification=None
0x1011e8 CAST ['v_498'] -> v_153 classification=same_width_explicit_recast
0x10123f INDIRECT ['v_458', 'c_75_4'] -> v_462 classification=None
0x10123f INDIRECT ['v_466', 'c_75_4'] -> v_470 classification=None

[HELPER-REQUIRED CONTRACTS]
0x1011e8 INT_ADD v_497 helper=c_add widths=[64, 64]->64 overrides=0
0x1011e8 INT_ADD v_498 helper=c_add widths=[64, 64]->64 overrides=0
0x1011e8 INT_NOTEQUAL v_177 helper=c_ne widths=[64, 64]->8 overrides=0

[INDIRECT STORAGE-CUSTODY CONTRACTS]
0x1011e8 v_371 -> v_322 family=storage_family:high_rep:371 owner=CALL/0x30 owner_compute=1053160:(ram, 0x101225, 48, 8):8 status=metadata_only
0x1011e8 v_426 -> v_458 family=storage_family:high_rep:426 owner=CALL/0x30 owner_compute=1053160:(ram, 0x101225, 48, 8):8 status=metadata_only
0x1011e8 v_39 -> v_466 family=storage_family:high_rep:466 owner=CALL/0x30 owner_compute=1053160:(ram, 0x101225, 48, 8):8 status=metadata_only
0x10123f v_458 -> v_462 family=storage_family:high_rep:426 owner=CALL/0x4b owner_compute=1053247:(ram, 0x10123f, 75, 2):2 status=metadata_only
0x10123f v_466 -> v_470 family=storage_family:high_rep:466 owner=CALL/0x4b owner_compute=1053247:(ram, 0x10123f, 75, 2):2 status=metadata_only

[INDIRECT CUSTODY INVENTORY]
{'kind': 'pal_compute_indirect_custody_inventory_v22d',
 'version': 'v23b_abi_thunk_compatibility_return_reconciliation',
 'resolver_transitions': 5,
 'compute_indirect_contracts': 5,
 'resolved_custody': 5,
 'deferred_custody': 0,
 'effect_owner_compute_bindings': 5,
 'effect_owner_compute_ops': 2,
 'owner_categories': {'call_boundary': 5},
 'storage_families': 3,
 'storage_sid_bindings': 8,
 'address_escape_barrier_sids': 6,
 'parameter_storage_initializers': 0,
 'runtime_helpers': 0,
 'warnings': 0,
 'rule': 'INDIRECT_is_metadata_only_owner_bound_storage_transition'}

[ABI-D ENTRY/CALL PLAN INVENTORY]
{'kind': 'pal_compute_abi_plan_inventory_v23',
 'version': 'v23b_abi_thunk_compatibility_return_reconciliation',
 'function': 'main',
 'entry_plan_present': True,
 'entry_plan_status': 'ready',
 'fixed_arguments': 0,
 'implicit_inputs': 2,
 'implicit_inputs_unsupported': 0,
 'call_compute_contracts': 2,
 'call_site_plans': 2,
 'call_sites_without_plan': 0,
 'call_statuses': {'ready': 1, 'deferred_target_dispatch': 1},
 'dispatch_classes': {'internal_resolved': 1,
                      'resolved_thunk_endpoint_deferred': 1},
 'internal_calls': 1,
 'internal_calls_with_target_compatible_plan': 0,
 'internal_calls_without_target_compatible_plan': 1,
 'internal_calls_with_deferred_target_compatibility': 1,
 'internal_calls_with_incompatible_target': 0,
 'internal_calls_without_transport_plan': 0,
 'external_calls': 0,
 'thunk_calls': 1,
 'external_via_thunk_calls': 0,
 'thunk_endpoint_deferred_calls': 1,
 'thunk_calls_misclassified_internal': 0,
 'target_compatibility_overclaims': 0,
 'no_return_calls': 1,
 'result_carrier_contracts': 2,
 'abi_runtime_helper_assignments': 0,
 'warnings': 0,
 'acceptance_gates': {'every_emitted_function_has_entry_plan': True,
                      'every_call_has_call_site_plan': True,
                      'every_internal_call_has_target_compatible_plan': False,
                      'every_internal_call_has_carrier_transport_plan': True,
                      'no_resolved_thunk_misclassified_internal': True,
                      'no_target_compatibility_overclaim': True,
                      'no_implicit_input_is_unsupported': True,
                      'no_runtime_helper_assigned_by_ABI_guesswork': True},
 'return_boundary_reconciliation': {'kind': 'pal_compute_return_boundary_reconciliation_v23b',
                                    'version': 'v23b_abi_thunk_compatibility_return_reconciliation',
                                    'function': 'main',
                                    'entry_block_addr': 1053160,
                                    'cfg_evidence_available': True,
                                    'no_return_terminating_blocks': [1053247],
                                    'no_return_call_op_keys': ['1053247:(ram, '
                                                               '0x10123f, 75, '
                                                               '2):2'],
                                    'return_boundaries': 2,
                                    'reachable_return_boundaries': 1,
                                    'unreachable_return_boundaries': 1,
                                    'deferred_return_boundaries': 0,
                                    'reachable_return_widths': [32],
                                    'width_reconciled': True,
                                    'synthetic_no_return_continuations_suppressed': 1,
                                    'rule': 'traverse_CFG_with_no_return_blocks_as_terminal_then_reconcile_reachable_raw_return_transports_only'},
 'rule': 'ABI_A_B_C_authority_only_thunk_endpoint_and_compatibility_tri_state_no_downstream_argument_reinference'}

[FUNCTION ENTRY ABI PLAN]
{'plan_id': 'function_entry:1053156',
 'status': 'ready',
 'callable_signature_status': 'legacy_non_variadic_fallback',
 'fixed_argument_count': 0,
 'implicit_input_count': 2,
 'variadic_register_save_area': {'required': False,
                                 'status': 'not_required',
                                 'slots': [],
                                 'gp_slots': [],
                                 'sse_slots': [],
                                 'fixed_variadic_partition_status': 'deferred_to_entry_protocol_analysis',
                                 'source': 'abi_context.registers',
                                 'authority': 'ABI_C_carriers_plus_variadic_contract'},
 'overflow_argument_area': {'required': False,
                            'status': 'not_required',
                            'source': 'abi_context.overflow_argument_area',
                            'observed_stack_carriers': [],
                            'materialization': 'consume_preclassified_overflow_slots',
                            'offset_inference_allowed': False,
                            'authority': 'ABI_C_stack_carriers_or_variadic_protocol'},
 'variadic_al': {'required': False,
                 'status': 'not_required',
                 'source': 'abi_context.variadic_xmm_count',
                 'inputs': [],
                 'default_allowed': False,
                 'authority': 'ABI_C_variadic_xmm_count_contract'},
 'frame_base': {'required': True,
                'status': 'runtime_abi_context_required',
                'source': 'abi_context.frame_base',
                'inputs': [{'kind': 'pal_compute_implicit_input_materialization_abi_d',
                            'version': 'v23b_abi_thunk_compatibility_return_reconciliation',
                            'sid': 'v_370',
                            'canonical_alias': 'abi_stack_pointer',
                            'role': 'stack_pointer',
                            'custody_class': 'frame_state',
                            'width_bits': 64,
                            'register': {'name': 'RSP',
                                         'base_name': 'RSP',
                                         'size_bytes': 8,
                                         'repr': 'RSP'},
                            'destination': 'abi_context.stack_pointer',
                            'materialization': 'read_from_runtime_abi_context',
                            'status': 'runtime_context_required',
                            'unsupported': False,
                            'runtime_helper': None,
                            'authority': 'PALSymbolResolver_ABI_C_implicit_input_contract'}],
                'derive_from_parameter_names': False,
                'authority': 'ABI_C_frame_state_custody'},
 'tls_base': {'required': True,
              'status': 'runtime_abi_context_required',
              'source': 'abi_context.tls_base',
              'inputs': [{'kind': 'pal_compute_implicit_input_materialization_abi_d',
                          'version': 'v23b_abi_thunk_compatibility_return_reconciliation',
                          'sid': 'v_371',
                          'canonical_alias': 'abi_tls_base',
                          'role': 'thread_local_storage_base',
                          'custody_class': 'tls_state',
                          'width_bits': 64,
                          'register': {'name': 'FS_OFFSET',
                                       'base_name': 'FS_OFFSET',
                                       'size_bytes': 8,
                                       'repr': 'FS_OFFSET'},
                          'destination': 'abi_context.tls_base',
                          'materialization': 'read_from_runtime_abi_context',
                          'status': 'runtime_context_required',
                          'unsupported': False,
                          'runtime_helper': None,
                          'authority': 'PALSymbolResolver_ABI_C_implicit_input_contract'}],
              'derive_from_expression_names': False,
              'authority': 'ABI_C_tls_state_custody'},
 'return_contract': {'kind': 'pal_compute_return_carrier_contract_abi_d',
                     'version': 'v23b_abi_thunk_compatibility_return_reconciliation',
                     'status': 'return_width_proven_carrier_deferred',
                     'no_return': False,
                     'output_sid': None,
                     'output_width_bits': None,
                     'declared_width_bits': None,
                     'effective_result_width_bits': 32,
                     'declared_return': {'name': 'undefined',
                                         'display_name': 'undefined',
                                         'class_name': 'DefaultDataType',
                                         'length_bytes': 1,
                                         'width_bits': 8,
                                         'signed': None,
                                         'kind_hint': None},
                     'return_storage': {'repr': '<UNASSIGNED>',
                                        'size_bytes': 0,
                                        'flags': {'register': False,
                                                  'stack': False,
                                                  'memory': False,
                                                  'unassigned': True,
                                                  'void': False,
                                                  'auto': False},
                                        'pieces': [],
                                        'storage_keys': []},
                     'carrier_pieces': [],
                     'normalization': {'mode': 'mask_to_output_width',
                                       'width_bits': 32,
                                       'mask': 4294967295},
                     'runtime_helper': None,
                     'runtime_helper_authority': 'no_ABI_runtime_helper_assigned',
                     'authority': 'reachable_raw_return_transport',
                     'reported_declared_width_bits': 8,
                     'declared_width_authoritative': False,
                     'declared_return_evidence_status': 'non_authoritative_default_or_unresolved_prototype',
                     'transport_width_bits': 32,
                     'logical_result_width_bits': 32,
                     'reachable_return_widths': [32],
                     'reachable_return_boundary_count': 1,
                     'unreachable_return_boundary_count': 1,
                     'deferred_return_boundary_count': 0},
 'reachable_return_boundaries': [{'block_addr': 1053252,
                                  'return_value_sid': 'v_493',
                                  'return_value_width_bits': 32,
                                  'return_transport_width_bits': 32,
                                  'return_logical_width_bits': 32,
                                  'return_declared_view': None,
                                  'return_boundary_authority': 'raw_return_register_transport',
                                  'return_reachability': 'reachable',
                                  'reachable_return': True,
                                  'execution_suppressed': False,
                                  'emission_policy': 'emit_reachable_return_boundary',
                                  'cut_by_no_return_blocks': [],
                                  'cut_by_no_return_call_op_keys': []}],
 'unreachable_return_boundaries': [{'block_addr': 1053247,
                                    'return_value_sid': 'c_1_4',
                                    'return_value_width_bits': 32,
                                    'return_transport_width_bits': 32,
                                    'return_logical_width_bits': 32,
                                    'return_declared_view': None,
                                    'return_boundary_authority': 'raw_return_register_transport',
                                    'return_reachability': 'unreachable_after_no_return_in_same_block',
                                    'reachable_return': False,
                                    'execution_suppressed': True,
                                    'emission_policy': 'suppress_unreachable_return_after_no_return',
                                    'cut_by_no_return_blocks': [1053247],
                                    'cut_by_no_return_call_op_keys': ['1053247:(ram, '
                                                                      '0x10123f, '
                                                                      '75, '
                                                                      '2):2']}]}

[RETURN BOUNDARY RECONCILIATION]
{'kind': 'pal_compute_return_boundary_reconciliation_v23b',
 'version': 'v23b_abi_thunk_compatibility_return_reconciliation',
 'function': 'main',
 'entry_block_addr': 1053160,
 'cfg_evidence_available': True,
 'no_return_terminating_blocks': [1053247],
 'no_return_call_op_keys': ['1053247:(ram, 0x10123f, 75, 2):2'],
 'return_boundaries': 2,
 'reachable_return_boundaries': 1,
 'unreachable_return_boundaries': 1,
 'deferred_return_boundaries': 0,
 'reachable_return_widths': [32],
 'width_reconciled': True,
 'synthetic_no_return_continuations_suppressed': 1,
 'rule': 'traverse_CFG_with_no_return_blocks_as_terminal_then_reconcile_reachable_raw_return_transports_only'}

[CALL SITE ABI PLANS]
{'op_key': '1053160:(ram, 0x101225, 48, 8):8',
 'target': 'process_payload_block',
 'dispatch_class': 'internal_resolved',
 'status': 'ready',
 'argument_count': 3,
 'carrier_allocation_status': 'complete',
 'target_compatibility_status': 'deferred',
 'target_compatible': None,
 'no_return': False,
 'result_width_bits': 32}
{'op_key': '1053247:(ram, 0x10123f, 75, 2):2',
 'target': '__stack_chk_fail',
 'dispatch_class': 'resolved_thunk_endpoint_deferred',
 'status': 'deferred_target_dispatch',
 'argument_count': 0,
 'carrier_allocation_status': 'complete',
 'target_compatibility_status': 'deferred',
 'target_compatible': None,
 'no_return': True,
 'result_width_bits': 8}
===== END PAL COMPUTE ANALYZER =====


=========== SGL EXECUTION TREE ===========

sequence
  block [0x1011e8]
  if [cond=not ((local_10 != v_168))]
    then
      sequence
        block [0x101244]
    else
      sequence
        block [0x10123f]
  sequence

=========== END TREE ===========

[SGL EXEC TREE PERSISTED] path=/home/rem/gh/PAL/pyghidra-PAL/PAL/PAL_logs/f_00000000001011e8_main.sgl.exec_tree.log mode=append temporary=False delete_on_completion=False

[PHI DROP-INS]
------------------------------------------------------------
------------------------------------------------------------
{'active': True,
 'bound_plans': 16,
 'control_contracts_forwarded': 3,
 'input_op_contracts': 17,
 'input_plans': 16,
 'kind': 'phi_compute_consumer_inventory_v21',
 'outputless_contracts_forwarded': 1,
 'phi_merge_contracts': 0,
 'phi_transition_contracts': 0,
 'preserved_compute_boundaries': 15,
 'preserved_deferred_contracts': 4,
 'preserved_outputless_boundaries': 1,
 'preserved_outputless_deferred_contracts': 1,
 'preserved_outputless_helpers': 0,
 'preserved_runtime_helpers': 6,
 'rule': 'preserve_PALCompute_authority_remap_execution_destination_only',
 'state_alias_bindings': 0,
 'transition_owners': {},
 'version': 'v21_compute_contract_consumers',
 'warnings': 0}
[]
