
===== CFG DEBUG =====

[EDGES]

[IPDOM]
0x101054 -> ipdom: None

=====================

===== PAL RESOLVER INDIRECT STORAGE v22c =====

[INVENTORY]
{'active': True,
 'address_tied_families': 1,
 'custody_transitions': 1,
 'effect_owner_groups': 1,
 'escape_barrier_sids': 2,
 'input_contracts': 1,
 'kind': 'resolver_indirect_storage_inventory_v22c',
 'machine_state_families': 0,
 'machine_state_sids': 0,
 'owner_categories': {'call_boundary': 1},
 'parameter_initializers': 0,
 'persistent_families': 1,
 'rule': 'HighVariable_identity_families_plus_address_escape_alias_barrier',
 'runtime_order': 'CFG_governed_not_linearized',
 'storage_families': 1,
 'version': 'v22c_indirect_storage_families',
 'warnings': 0}

[STORAGE FAMILIES]
{'address_tied': True,
 'classification': 'persistent_address_tied_storage',
 'entry_sids': ['v_22'],
 'family_id': 'storage_family:high_rep:22',
 'high_identity_key': 'high_rep:22',
 'high_name': 'PTR___stack_chk_fail_00103fd0',
 'member_sids': ['v_22', 'v_18'],
 'parameter_initializers': 0,
 'persistent': True,
 'transitions': 1}

[PARAMETER INITIALIZERS / STORAGE WRITES]
[]

[WARNINGS]
[]
===== END PAL RESOLVER INDIRECT STORAGE =====

========================================================================
PALRAW AUDIT v0.3 :: raw instruction BLOCK p-code vs HF/PAL CFG
========================================================================

--- 0x10127f ---
Raw block  : 0x101054 -> next None
Instr count: 1
Terminal   : 0x101054 JMP qword ptr [0x00103fd0]
Raw succs  : ['0x105010']
Norm succs : ['0x105010']
HF block   : 0x101054
CFG edges  : []
STATUS     : successors_differ
NOTE       : Raw successor(s) missing from HF/PAL CFG: ['0x105010']
Raw instructions:
   0x101054  JMP qword ptr [0x00103fd0]
Terminal raw p-code:
     ---  BRANCHIND (ram, 0x103fd0, 8)
HF/PAL ops :
    CAST [PTR___stack_chk_fail_00103fd0] -> v_23
    INDIRECT [PTR___stack_chk_fail_00103fd0, 0x0] -> PTR___stack_chk_fail_00103fd0
    CALLIND [v_23] -> None
    COPY [PTR___stack_chk_fail_00103fd0] -> PTR___stack_chk_fail_00103fd0
HF/PAL term:
    RETURN [0x0] -> None

--- 0x1011b6 ---
Raw block  : 0x101054 -> next None
Instr count: 1
Terminal   : 0x101054 JMP qword ptr [0x00103fd0]
Raw succs  : ['0x105010']
Norm succs : ['0x105010']
HF block   : 0x101054
CFG edges  : []
STATUS     : successors_differ
NOTE       : Raw successor(s) missing from HF/PAL CFG: ['0x105010']
Raw instructions:
   0x101054  JMP qword ptr [0x00103fd0]
Terminal raw p-code:
     ---  BRANCHIND (ram, 0x103fd0, 8)
HF/PAL ops :
    CAST [PTR___stack_chk_fail_00103fd0] -> v_23
    INDIRECT [PTR___stack_chk_fail_00103fd0, 0x0] -> PTR___stack_chk_fail_00103fd0
    CALLIND [v_23] -> None
    COPY [PTR___stack_chk_fail_00103fd0] -> PTR___stack_chk_fail_00103fd0
HF/PAL term:
    RETURN [0x0] -> None

--- 0x101219 ---
Raw block  : 0x101054 -> next None
Instr count: 1
Terminal   : 0x101054 JMP qword ptr [0x00103fd0]
Raw succs  : ['0x105010']
Norm succs : ['0x105010']
HF block   : 0x101054
CFG edges  : []
STATUS     : successors_differ
NOTE       : Raw successor(s) missing from HF/PAL CFG: ['0x105010']
Raw instructions:
   0x101054  JMP qword ptr [0x00103fd0]
Terminal raw p-code:
     ---  BRANCHIND (ram, 0x103fd0, 8)
HF/PAL ops :
    CAST [PTR___stack_chk_fail_00103fd0] -> v_23
    INDIRECT [PTR___stack_chk_fail_00103fd0, 0x0] -> PTR___stack_chk_fail_00103fd0
    CALLIND [v_23] -> None
    COPY [PTR___stack_chk_fail_00103fd0] -> PTR___stack_chk_fail_00103fd0
HF/PAL term:
    RETURN [0x0] -> None

--- 0x10120f ---
Raw block  : 0x101054 -> next None
Instr count: 1
Terminal   : 0x101054 JMP qword ptr [0x00103fd0]
Raw succs  : ['0x105010']
Norm succs : ['0x105010']
HF block   : 0x101054
CFG edges  : []
STATUS     : successors_differ
NOTE       : Raw successor(s) missing from HF/PAL CFG: ['0x105010']
Raw instructions:
   0x101054  JMP qword ptr [0x00103fd0]
Terminal raw p-code:
     ---  BRANCHIND (ram, 0x103fd0, 8)
HF/PAL ops :
    CAST [PTR___stack_chk_fail_00103fd0] -> v_23
    INDIRECT [PTR___stack_chk_fail_00103fd0, 0x0] -> PTR___stack_chk_fail_00103fd0
    CALLIND [v_23] -> None
    COPY [PTR___stack_chk_fail_00103fd0] -> PTR___stack_chk_fail_00103fd0
HF/PAL term:
    RETURN [0x0] -> None

--- 0x101221 ---
Raw block  : 0x101054 -> next None
Instr count: 1
Terminal   : 0x101054 JMP qword ptr [0x00103fd0]
Raw succs  : ['0x105010']
Norm succs : ['0x105010']
HF block   : 0x101054
CFG edges  : []
STATUS     : successors_differ
NOTE       : Raw successor(s) missing from HF/PAL CFG: ['0x105010']
Raw instructions:
   0x101054  JMP qword ptr [0x00103fd0]
Terminal raw p-code:
     ---  BRANCHIND (ram, 0x103fd0, 8)
HF/PAL ops :
    CAST [PTR___stack_chk_fail_00103fd0] -> v_23
    INDIRECT [PTR___stack_chk_fail_00103fd0, 0x0] -> PTR___stack_chk_fail_00103fd0
    CALLIND [v_23] -> None
    COPY [PTR___stack_chk_fail_00103fd0] -> PTR___stack_chk_fail_00103fd0
HF/PAL term:
    RETURN [0x0] -> None

--- 0x101284 ---
Raw block  : 0x101054 -> next None
Instr count: 1
Terminal   : 0x101054 JMP qword ptr [0x00103fd0]
Raw succs  : ['0x105010']
Norm succs : ['0x105010']
HF block   : 0x101054
CFG edges  : []
STATUS     : successors_differ
NOTE       : Raw successor(s) missing from HF/PAL CFG: ['0x105010']
Raw instructions:
   0x101054  JMP qword ptr [0x00103fd0]
Terminal raw p-code:
     ---  BRANCHIND (ram, 0x103fd0, 8)
HF/PAL ops :
    CAST [PTR___stack_chk_fail_00103fd0] -> v_23
    INDIRECT [PTR___stack_chk_fail_00103fd0, 0x0] -> PTR___stack_chk_fail_00103fd0
    CALLIND [v_23] -> None
    COPY [PTR___stack_chk_fail_00103fd0] -> PTR___stack_chk_fail_00103fd0
HF/PAL term:
    RETURN [0x0] -> None

--- 0x10127f ---
Raw block  : 0x101054 -> next None
Instr count: 1
Terminal   : 0x101054 JMP qword ptr [0x00103fd0]
Raw succs  : ['0x105010']
Norm succs : ['0x105010']
HF block   : 0x101054
CFG edges  : []
STATUS     : successors_differ
NOTE       : Raw successor(s) missing from HF/PAL CFG: ['0x105010']
Raw instructions:
   0x101054  JMP qword ptr [0x00103fd0]
Terminal raw p-code:
     ---  BRANCHIND (ram, 0x103fd0, 8)
HF/PAL ops :
    CAST [PTR___stack_chk_fail_00103fd0] -> v_23
    INDIRECT [PTR___stack_chk_fail_00103fd0, 0x0] -> PTR___stack_chk_fail_00103fd0
    CALLIND [v_23] -> None
    COPY [PTR___stack_chk_fail_00103fd0] -> PTR___stack_chk_fail_00103fd0
HF/PAL term:
    RETURN [0x0] -> None

========================================================================

===== PAL COMPUTE ANALYZER =====
{'kind': 'pal_compute_inventory_v22',
 'version': 'v23b_abi_thunk_compatibility_return_reconciliation',
 'runtime_representation': 'raw_unsigned_bitvector_at_ssa_boundaries',
 'operations': 4,
 'output_plans': 3,
 'control_contracts': 1,
 'c_compute_filtered': 4,
 'use_site_overrides': 0,
 'return_observation_view_mismatches': 0,
 'storage_custody_related_ops': 4,
 'indirect_custody_contracts': 1,
 'indirect_custody_resolved': 1,
 'indirect_custody_deferred': 0,
 'indirect_effect_owner_compute_ops': 1,
 'storage_family_bindings': 2,
 'function_entry_abi_plan': True,
 'call_site_abi_plans': 1,
 'internal_call_plan_failures': 0,
 'unsupported_implicit_inputs': 0,
 'abi_runtime_helper_assignments': 0,
 'no_return_calls': 0,
 'reachable_return_boundaries': 1,
 'unreachable_return_boundaries': 0,
 'synthetic_no_return_continuations_suppressed': 0,
 'statuses': {'metadata_only': 3, 'deferred_external': 1},
 'categories': {'conversion': 1,
                'storage_custody': 1,
                'call_boundary': 1,
                'transport': 1},
 'helpers': {},
 'opcodes': {'CAST': 1, 'INDIRECT': 1, 'CALLIND': 1, 'COPY': 1},
 'warnings': 0}

[WARNINGS]
[]

[METADATA-ONLY COMPUTE BOUNDARIES]
0x101054 CAST ['v_22'] -> v_23 classification=same_width_explicit_view_boundary
0x101054 INDIRECT ['v_22', 'c_0_4'] -> v_18 classification=None
0x101054 COPY ['v_18'] -> v_20 classification=bit_preserving_copy

[HELPER-REQUIRED CONTRACTS]

[INDIRECT STORAGE-CUSTODY CONTRACTS]
0x101054 v_22 -> v_18 family=storage_family:high_rep:22 owner=CALLIND/0x0 owner_compute=1052756:(ram, 0x101054, 0, 2):2 status=metadata_only

[INDIRECT CUSTODY INVENTORY]
{'kind': 'pal_compute_indirect_custody_inventory_v22d',
 'version': 'v23b_abi_thunk_compatibility_return_reconciliation',
 'resolver_transitions': 1,
 'compute_indirect_contracts': 1,
 'resolved_custody': 1,
 'deferred_custody': 0,
 'effect_owner_compute_bindings': 1,
 'effect_owner_compute_ops': 1,
 'owner_categories': {'call_boundary': 1},
 'storage_families': 1,
 'storage_sid_bindings': 2,
 'address_escape_barrier_sids': 2,
 'parameter_storage_initializers': 0,
 'runtime_helpers': 0,
 'warnings': 0,
 'rule': 'INDIRECT_is_metadata_only_owner_bound_storage_transition'}

[ABI-D ENTRY/CALL PLAN INVENTORY]
{'kind': 'pal_compute_abi_plan_inventory_v23',
 'version': 'v23b_abi_thunk_compatibility_return_reconciliation',
 'function': '__stack_chk_fail',
 'entry_plan_present': True,
 'entry_plan_status': 'ready',
 'fixed_arguments': 0,
 'implicit_inputs': 0,
 'implicit_inputs_unsupported': 0,
 'call_compute_contracts': 1,
 'call_site_plans': 1,
 'call_sites_without_plan': 0,
 'call_statuses': {'deferred_target_dispatch': 1},
 'dispatch_classes': {'indirect_runtime_target': 1},
 'internal_calls': 0,
 'internal_calls_with_target_compatible_plan': 0,
 'internal_calls_without_target_compatible_plan': 0,
 'internal_calls_with_deferred_target_compatibility': 0,
 'internal_calls_with_incompatible_target': 0,
 'internal_calls_without_transport_plan': 0,
 'external_calls': 0,
 'thunk_calls': 0,
 'external_via_thunk_calls': 0,
 'thunk_endpoint_deferred_calls': 0,
 'thunk_calls_misclassified_internal': 0,
 'target_compatibility_overclaims': 0,
 'no_return_calls': 0,
 'result_carrier_contracts': 1,
 'abi_runtime_helper_assignments': 0,
 'warnings': 0,
 'acceptance_gates': {'every_emitted_function_has_entry_plan': True,
                      'every_call_has_call_site_plan': True,
                      'every_internal_call_has_target_compatible_plan': True,
                      'every_internal_call_has_carrier_transport_plan': True,
                      'no_resolved_thunk_misclassified_internal': True,
                      'no_target_compatibility_overclaim': True,
                      'no_implicit_input_is_unsupported': True,
                      'no_runtime_helper_assigned_by_ABI_guesswork': True},
 'return_boundary_reconciliation': {'kind': 'pal_compute_return_boundary_reconciliation_v23b',
                                    'version': 'v23b_abi_thunk_compatibility_return_reconciliation',
                                    'function': '__stack_chk_fail',
                                    'entry_block_addr': 1052756,
                                    'cfg_evidence_available': True,
                                    'no_return_terminating_blocks': [],
                                    'no_return_call_op_keys': [],
                                    'return_boundaries': 1,
                                    'reachable_return_boundaries': 1,
                                    'unreachable_return_boundaries': 0,
                                    'deferred_return_boundaries': 0,
                                    'reachable_return_widths': [64],
                                    'width_reconciled': True,
                                    'synthetic_no_return_continuations_suppressed': 0,
                                    'rule': 'traverse_CFG_with_no_return_blocks_as_terminal_then_reconcile_reachable_raw_return_transports_only'},
 'rule': 'ABI_A_B_C_authority_only_thunk_endpoint_and_compatibility_tri_state_no_downstream_argument_reinference'}

[FUNCTION ENTRY ABI PLAN]
{'plan_id': 'function_entry:1052752',
 'status': 'ready',
 'callable_signature_status': 'legacy_non_variadic_fallback',
 'fixed_argument_count': 0,
 'implicit_input_count': 0,
 'variadic_register_save_area': {'required': False,
                                 'status': 'not_required',
                                 'slots': [],
                                 'gp_slots': [],
                                 'sse_slots': [],
                                 'fixed_variadic_partition_status': 'deferred_to_entry_protocol_analysis',
                                 'source': 'abi_context.registers',
                                 'authority': 'ABI_C_carriers_plus_variadic_contract'},
 'overflow_argument_area': {'required': False,
                            'status': 'not_required',
                            'source': 'abi_context.overflow_argument_area',
                            'observed_stack_carriers': [],
                            'materialization': 'consume_preclassified_overflow_slots',
                            'offset_inference_allowed': False,
                            'authority': 'ABI_C_stack_carriers_or_variadic_protocol'},
 'variadic_al': {'required': False,
                 'status': 'not_required',
                 'source': 'abi_context.variadic_xmm_count',
                 'inputs': [],
                 'default_allowed': False,
                 'authority': 'ABI_C_variadic_xmm_count_contract'},
 'frame_base': {'required': False,
                'status': 'not_observed',
                'source': 'abi_context.frame_base',
                'inputs': [],
                'derive_from_parameter_names': False,
                'authority': 'ABI_C_frame_state_custody'},
 'tls_base': {'required': False,
              'status': 'not_observed',
              'source': 'abi_context.tls_base',
              'inputs': [],
              'derive_from_expression_names': False,
              'authority': 'ABI_C_tls_state_custody'},
 'return_contract': {'kind': 'pal_compute_return_carrier_contract_abi_d',
                     'version': 'v23b_abi_thunk_compatibility_return_reconciliation',
                     'status': 'no_return',
                     'no_return': True,
                     'output_sid': None,
                     'output_width_bits': None,
                     'declared_width_bits': None,
                     'effective_result_width_bits': None,
                     'declared_return': {'name': 'undefined',
                                         'display_name': 'undefined',
                                         'class_name': 'DefaultDataType',
                                         'length_bytes': 1,
                                         'width_bits': 8,
                                         'signed': None,
                                         'kind_hint': None},
                     'return_storage': {'repr': '<UNASSIGNED>',
                                        'size_bytes': 0,
                                        'flags': {'register': False,
                                                  'stack': False,
                                                  'memory': False,
                                                  'unassigned': True,
                                                  'void': False,
                                                  'auto': False},
                                        'pieces': [],
                                        'storage_keys': []},
                     'carrier_pieces': [],
                     'normalization': None,
                     'runtime_helper': None,
                     'runtime_helper_authority': 'no_ABI_runtime_helper_assigned',
                     'authority': 'PALlibrary_function_signature_return_storage',
                     'reported_declared_width_bits': 8,
                     'declared_width_authoritative': False,
                     'declared_return_evidence_status': 'non_authoritative_default_or_unresolved_prototype',
                     'logical_result_width_bits': None,
                     'transport_width_bits': None,
                     'reachable_return_boundary_count': 1,
                     'unreachable_return_boundary_count': 0,
                     'deferred_return_boundary_count': 0},
 'reachable_return_boundaries': [{'block_addr': 1052756,
                                  'return_value_sid': 'c_0_8',
                                  'return_value_width_bits': 64,
                                  'return_transport_width_bits': 64,
                                  'return_logical_width_bits': 64,
                                  'return_declared_view': None,
                                  'return_boundary_authority': 'raw_return_register_transport',
                                  'return_reachability': 'reachable',
                                  'reachable_return': True,
                                  'execution_suppressed': False,
                                  'emission_policy': 'emit_reachable_return_boundary',
                                  'cut_by_no_return_blocks': [],
                                  'cut_by_no_return_call_op_keys': []}],
 'unreachable_return_boundaries': []}

[RETURN BOUNDARY RECONCILIATION]
{'kind': 'pal_compute_return_boundary_reconciliation_v23b',
 'version': 'v23b_abi_thunk_compatibility_return_reconciliation',
 'function': '__stack_chk_fail',
 'entry_block_addr': 1052756,
 'cfg_evidence_available': True,
 'no_return_terminating_blocks': [],
 'no_return_call_op_keys': [],
 'return_boundaries': 1,
 'reachable_return_boundaries': 1,
 'unreachable_return_boundaries': 0,
 'deferred_return_boundaries': 0,
 'reachable_return_widths': [64],
 'width_reconciled': True,
 'synthetic_no_return_continuations_suppressed': 0,
 'rule': 'traverse_CFG_with_no_return_blocks_as_terminal_then_reconcile_reachable_raw_return_transports_only'}

[CALL SITE ABI PLANS]
{'op_key': '1052756:(ram, 0x101054, 0, 2):2',
 'target': None,
 'dispatch_class': 'indirect_runtime_target',
 'status': 'deferred_target_dispatch',
 'argument_count': 0,
 'carrier_allocation_status': 'complete',
 'target_compatibility_status': 'deferred',
 'target_compatible': None,
 'no_return': False,
 'result_width_bits': None}
===== END PAL COMPUTE ANALYZER =====


=========== SGL EXECUTION TREE ===========

sequence
  sequence
    block [0x101054]

=========== END TREE ===========

[SGL EXEC TREE PERSISTED] path=/home/rem/gh/PAL/pyghidra-PAL/PAL/PAL_logs/f_0000000000101054_stack_chk_fail.sgl.exec_tree.log mode=append temporary=False delete_on_completion=False

[PHI DROP-INS]
------------------------------------------------------------
------------------------------------------------------------
{'active': True,
 'bound_plans': 3,
 'control_contracts_forwarded': 1,
 'input_op_contracts': 4,
 'input_plans': 3,
 'kind': 'phi_compute_consumer_inventory_v21',
 'outputless_contracts_forwarded': 1,
 'phi_merge_contracts': 0,
 'phi_transition_contracts': 0,
 'preserved_compute_boundaries': 3,
 'preserved_deferred_contracts': 0,
 'preserved_outputless_boundaries': 1,
 'preserved_outputless_deferred_contracts': 1,
 'preserved_outputless_helpers': 0,
 'preserved_runtime_helpers': 0,
 'rule': 'preserve_PALCompute_authority_remap_execution_destination_only',
 'state_alias_bindings': 0,
 'transition_owners': {},
 'version': 'v21_compute_contract_consumers',
 'warnings': 0}
[]
